05-19 14:03:26.200   930   930 W subsys-pil-tz 4080000.qcom,mss: Falling back to sysfs fallback for: modem.b24
05-19 14:03:26.200   935   935 W subsys-pil-tz 4080000.qcom,mss: Direct firmware load for modem.b25 failed with error -2
05-19 14:03:26.200   935   935 W subsys-pil-tz 4080000.qcom,mss: Falling back to sysfs fallback for: modem.b25
05-19 14:03:26.200   931   931 W subsys-pil-tz 4080000.qcom,mss: Direct firmware load for modem.b26 failed with error -2
05-19 14:03:26.200   931   931 W subsys-pil-tz 4080000.qcom,mss: Falling back to sysfs fallback for: modem.b26
05-19 14:03:26.200   932   932 W subsys-pil-tz 4080000.qcom,mss: Direct firmware load for modem.b27 failed with error -2
05-19 14:03:26.200   932   932 W subsys-pil-tz 4080000.qcom,mss: Falling back to sysfs fallback for: modem.b27
05-19 14:03:26.200   928   928 W subsys-pil-tz 4080000.qcom,mss: Direct firmware load for modem.b28 failed with error -2
05-19 14:03:26.201   928   928 W subsys-pil-tz 4080000.qcom,mss: Falling back to sysfs fallback for: modem.b28
05-19 14:03:26.201   929   929 E BATTERY_CHG: get_property_id: No property id for property 65 in psy battery
05-19 14:03:26.201   929   929 E BATTERY_CHG: get_property_id: No property id for property 65 in psy usb
05-19 14:03:26.241     5     5 E OF      : graph: no port node found in /soc/qcom,pmic_glink/qcom,ucsi/port
05-19 14:03:26.241     5     5 E OF      : graph: no port node found in /soc/qcom,pmic_glink/qcom,ucsi/port
05-19 14:03:26.271   328   328 I msm-dwc3 a600000.ssusb: DWC3 exited from low power mode
05-19 14:03:26.481   338   338 E bolero-codec soc: qcom,msm-audio-apr:qcom,q6core-audio:bolero-cdc: ASoC: unknown pin WSA_SPK1 OUT
05-19 14:03:26.481   338   338 E bolero-codec soc: qcom,msm-audio-apr:qcom,q6core-audio:bolero-cdc: ASoC: unknown pin WSA_SPK2 OUT
05-19 14:03:26.481   338   338 E bolero-codec soc: qcom,msm-audio-apr:qcom,q6core-audio:bolero-cdc: ASoC: unknown pin WSA AIF VI
05-19 14:03:26.481   338   338 E bolero-codec soc: qcom,msm-audio-apr:qcom,q6core-audio:bolero-cdc: ASoC: unknown pin VIINPUT_WSA
05-19 14:03:26.512  1023  1023 I CAM_INFO: CAM-SENSOR: cam_sensor_driver_cmd: 807 Probe success,slot:0,slave_addr:0x20,sensor_id:0x7309
05-19 14:03:26.539   338   338 I input   : lahaina-yupikqrd-snd-card Headset Jack as /devices/platform/soc/soc:qcom,msm-audio-apr/soc:qcom,msm-audio-apr:qcom,q6core-audio/soc:qcom,msm-audio-apr:qcom,q6core-audio:sound/sound/card0/input4
05-19 14:03:26.539   338   338 I input   : lahaina-yupikqrd-snd-card Button Jack as /devices/platform/soc/soc:qcom,msm-audio-apr/soc:qcom,msm-audio-apr:qcom,q6core-audio/soc:qcom,msm-audio-apr:qcom,q6core-audio:sound/sound/card0/input5
05-19 14:03:26.540   338   338 I lahaina-asoc-snd soc: qcom,msm-audio-apr:qcom,q6core-audio:sound: msm_asoc_machine_probe: Sound card lahaina-yupikqrd-snd-card registered
05-19 14:03:26.901  1023  1023 I CAM_INFO: CAM-SENSOR: cam_sensor_driver_cmd: 807 Probe success,slot:1,slave_addr:0x20,sensor_id:0x3142
05-19 14:03:26.924  1195  1195 I subsys-pil-tz 4080000.qcom,mss: modem: Brought out of reset
05-19 14:03:26.924  1195  1195 I subsys-pil-tz: subsys_powerup(): pil_boot is successful from modem and waiting for error ready
05-19 14:03:26.992   174   174 I subsys-pil-tz: subsys_err_ready_intr_handler(): Subsystem error monitoring/handling services are up frommodem
05-19 14:03:26.992   174   174 I subsys-pil-tz 4080000.qcom,mss: modem: Power/Clock ready interrupt received
05-19 14:03:27.002  1195  1195 I adsprpc : fastrpc_restart_notifier_cb: modem subsystem is up
05-19 14:03:27.002  1195  1195 I ipa-wan ipa3_lcl_mdm_ssr_notifier_cb: 3046 IPA received MPSS AFTER_POWERUP
05-19 14:03:27.002  1195  1195 E ipa3_odl_pipe_open: 366 adpl pipe not configured
05-19 14:03:27.002  1195  1195 I ipa-wan ipa3_lcl_mdm_ssr_notifier_cb: 3051 IPA AFTER_POWERUP handling is complete
05-19 14:03:27.004  1321  1321 I qcom_smd_qrtr_probe: Entered
05-19 14:03:27.006  1321  1321 I qcom_smd_qrtr_probe: SMD QRTR driver probed
05-19 14:03:27.006     0     0 E [    C0] qrtr: Modem QMI Readiness RX cmd:0x2 node[0x0]
05-19 14:03:27.008   930   930 I sysmon-qmi: ssctl_new_server: Connection established between QMI handle and modem's SSCTL service
05-19 14:03:27.009  1200  1200 I rmt_storage: INFO:rmt_storage_open_cb: Processing: Open Request (req_h 0x1) for /boot/modem_fs1!
05-19 14:03:27.010  1200  1200 I rmt_storage: INFO:rmt_storage_open_cb: Processing: Open Request (req_h 0x2) for /boot/modem_fs2!
05-19 14:03:27.012  1200  1200 I rmt_storage: INFO:rmt_storage_alloc_buff_cb: Received req_size: 2621440! avail: 2621440
05-19 14:03:27.013  1200  1200 I rmt_storage: INFO:rmt_storage_rw_iovec_cb: Read iovec request (req_h 0x4 wr_count 0) received for /boot/modem_fs1
05-19 14:03:27.014  1623  1623 I rmt_storage: INFO:rmt_storage_client_thread: Calling Read [offset=512, size=512, req_h 0x4, wr_count 0] for /boot/modem_fs1!
05-19 14:03:27.015  1623  1623 I rmt_storage: INFO:rmt_storage_client_thread: Done Read (bytes = 512, req_h 0x4, wr_count 0) for /boot/modem_fs1!
05-19 14:03:27.015  1200  1200 I rmt_storage: INFO:rmt_storage_rw_iovec_cb: Read iovec request (req_h 0x5 wr_count 0) received for /boot/modem_fs2
05-19 14:03:27.016  1624  1624 I rmt_storage: INFO:rmt_storage_client_thread: Calling Read [offset=512, size=512, req_h 0x5, wr_count 0] for /boot/modem_fs2!
05-19 14:03:27.057  1621  1621 W cnss-daemon: interop issues ap: read_iot_ap_file: No such file /data/vendor/wifi/iotap_ps.bin
05-19 14:03:27.057  1621  1621 W cnss-daemon: interop issues ap: read_iot_ap_ps_from_file, read file error
05-19 14:03:27.147  1621  1621 W cnss-daemon: NL group_id 10, cnss_nl.family_id 29
05-19 14:03:27.149  1621  1621 W cnss-daemon: wlfw_start: Starting
05-19 14:03:27.157  1621  1621 W cnss-daemon: no interop issues ap currently
05-19 14:03:27.188  1660  1660 W cnss-daemon: wlfw_service_request: Start the pthread: 0x0K
05-19 14:03:27.192  1660  1660 W cnss-daemon: wlfw_build_cal_table: not read /data/vendor/wifi/wlfw_cal_00.bin
05-19 14:03:27.192  1660  1660 W cnss-daemon: wlfw_build_cal_table: not read /data/vendor/wifi/wlfw_cal_01.bin
05-19 14:03:27.192  1660  1660 W cnss-daemon: wlfw_build_cal_table: not read /data/vendor/wifi/wlfw_cal_02.bin
05-19 14:03:27.192  1660  1660 W cnss-daemon: wlfw_build_cal_table: not read /data/vendor/wifi/wlfw_cal_03.bin
05-19 14:03:27.212  1023  1023 I CAM_INFO: CAM-SENSOR: cam_sensor_driver_cmd: 807 Probe success,slot:3,slave_addr:0x34,sensor_id:0x355
05-19 14:03:27.212  1648  1648 I KernelSU: ksu fd installed: 5 for pid 1648
05-19 14:03:27.212  1648  1648 I KernelSU: [1648] install ksu fd: 5
05-19 14:03:27.319  1645  1645 I fpc1020 soc: fingerprint_fpc: fpc set power_cfg: 1, rc: 0
05-19 14:03:27.319  1645  1645 I fpc1020 soc: fingerprint_fpc: fpc request_vreg_gpio --->: enter!
05-19 14:03:27.319  1645  1645 E fpc1020 soc: fingerprint_fpc: failed to get 'fpc,gpio_vdd1v8'
05-19 14:03:27.319  1645  1645 E fpc1020 soc: fingerprint_fpc: fpc vdd1v8 gpio get failed!
05-19 14:03:27.319  1645  1645 I fpc1020 soc: fingerprint_fpc: fpc vreg gpio requested successfully!
05-19 14:03:27.319  1645  1645 I fpc1020 soc: fingerprint_fpc: fpc irq gpio applied at  370
05-19 14:03:27.319  1645  1645 I fpc1020 soc: fingerprint_fpc: fpc irq gpio requested successfully!
05-19 14:03:27.319  1645  1645 I gpiochip0: (f000000.pinctrl): allocate IRQ 322, hwirq 34
05-19 14:03:27.319  1645  1645 I gpiochip0: (f000000.pinctrl): found parent hwirq 77
05-19 14:03:27.319  1645  1645 I gpiochip0: (f000000.pinctrl): alloc_irqs_parent for 322 parent hwirq 77
05-19 14:03:27.320  1645  1645 I fpc1020 soc: fingerprint_fpc: fpc requested irq 322
05-19 14:03:27.320  1645  1645 I fpc1020 soc: fingerprint_fpc: fpc request_vreg_gpio <---: exit!
05-19 14:03:27.320  1645  1645 I fpc1020 soc: fingerprint_fpc: fpc device_prepare --->: enter, for enable power!
05-19 14:03:27.320  1645  1645 I fpc1020 soc: fingerprint_fpc: fpc irq_setup --->: enter, for enable irq!
05-19 14:03:27.320  1645  1645 I fpc1020 soc: fingerprint_fpc: fpc irq_setup irq_gpio is validate!
05-19 14:03:27.320  1645  1645 I fpc1020 soc: fingerprint_fpc: fpc irq_gpio is enable.
05-19 14:03:27.320  1645  1645 I fpc1020 soc: fingerprint_fpc: fpc irq_setup <---: exit!
05-19 14:03:27.320  1645  1645 I fpc1020_tee: Try to enable fp_vdd_vreg
05-19 14:03:27.321  1645  1645 I fpc1020_tee: fp_vdd_vreg is enabled!
05-19 14:03:27.333  1645  1645 I fpc1020 soc: fingerprint_fpc: IRQ after reset 1
05-19 14:03:27.364  1645  1645 W QSEECOM : qseecom_load_app: App (fpclisa) does'nt exist, loading apps for first time
05-19 14:03:27.373  1648  1648 I KernelSU: ksu fd released
05-19 14:03:27.467   324   324 I         : Sending QMI_IPA_INIT_MODEM_DRIVER_REQ_V01
05-19 14:03:27.467   937   937 E ipa-wan ipa3_handle_indication_req: 143 not send indication
05-19 14:03:27.471   338   338 E ipa3_uc_wdi_event_log_info_handler: 351 WDI protocol missing 0x1
05-19 14:03:27.471   338   338 E ipa3_uc_ntn_event_log_info_handler: 20 NTN protocol missing 0x1
05-19 14:03:27.478   324   324 I         : QMI_IPA_INIT_MODEM_DRIVER_REQ_V01 response received
05-19 14:03:27.493  1645  1645 W QSEECOM : qseecom_load_app: App with id 8 (fpclisa) now loaded
05-19 14:03:27.507  1037  1037 E dwc3 a600000.dwc3: request 0000000000000000 was not queued to ep0out
05-19 14:03:27.566  1023  1023 I CAM_INFO: CAM-SENSOR: cam_sensor_driver_cmd: 807 Probe success,slot:2,slave_addr:0x5a,sensor_id:0x559b
05-19 14:03:27.904  1011  1011 I core_get_license_status: cmdrsp_license_result.result = 0x15 for module 0x131ff
05-19 14:03:27.905  1011  1011 E mius_system_configuration_param_get: reg: 0 shift: 0
05-19 14:03:27.905  1011  1011 E mius_system_configuration_param_get: reg: 0 shift: 1
05-19 14:03:27.905  1011  1011 E mius_system_configuration_param_get: reg: 0 shift: 2
05-19 14:03:27.906  1011  1011 E mius_system_configuration_param_get: reg: 0 shift: 3
05-19 14:03:27.906  1011  1011 E mius_system_configuration_param_get: reg: 0 shift: 5
05-19 14:03:27.908  1011  1011 E mius_system_configuration_param_get: reg: 0 shift: 7
05-19 14:03:27.908  1011  1011 E [MIUS]  : (mius_system_configuration_param_get) : get MIUS_SYSTEM_CONFIGURATION_CUSTOM_SETTING_00
05-19 14:03:27.908  1011  1011 E mius_system_configuration_param_get: reg: 0 shift: 8
05-19 14:03:27.908  1011  1011 E [MIUS]  : (mius_system_configuration_param_get) : get MIUS_SYSTEM_CONFIGURATION_CUSTOM_SETTING_01
05-19 14:03:27.909  1011  1011 E mius_system_configuration_param_get: reg: 0 shift: 9
05-19 14:03:27.909  1011  1011 E [MIUS]  : (mius_system_configuration_param_get) : get MIUS_SYSTEM_CONFIGURATION_CUSTOM_SETTING_02
05-19 14:03:27.909  1011  1011 E mius_system_configuration_param_get: reg: 0 shift: 10
05-19 14:03:27.909  1011  1011 E [MIUS]  : (mius_system_configuration_param_get) : get MIUS_SYSTEM_CONFIGURATION_CUSTOM_SETTING_03
05-19 14:03:27.909  1011  1011 E mius_system_configuration_param_get: reg: 0 shift: 11
05-19 14:03:27.909  1011  1011 E [MIUS]  : (mius_system_configuration_param_get) : get MIUS_SYSTEM_CONFIGURATION_CUSTOM_SETTING_04
05-19 14:03:27.909  1011  1011 E mius_system_configuration_param_get: reg: 0 shift: 12
05-19 14:03:27.909  1011  1011 E [MIUS]  : (mius_system_configuration_param_get) : get MIUS_SYSTEM_CONFIGURATION_CUSTOM_SETTING_05
05-19 14:03:27.909  1011  1011 E mius_system_configuration_param_get: reg: 0 shift: 13
05-19 14:03:27.909  1011  1011 E [MIUS]  : (mius_system_configuration_param_get) : get MIUS_SYSTEM_CONFIGURATION_CUSTOM_SETTING_06
05-19 14:03:27.910  1011  1011 E mius_system_configuration_param_get: reg: 0 shift: 14
05-19 14:03:27.910  1011  1011 E [MIUS]  : (mius_system_configuration_param_get) : get MIUS_SYSTEM_CONFIGURATION_CUSTOM_SETTING_07
05-19 14:03:27.910  1011  1011 E mius_system_configuration_param_get: reg: 0 shift: 15
05-19 14:03:27.910  1011  1011 E [MIUS]  : (mius_system_configuration_param_get) : get MIUS_SYSTEM_CONFIGURATION_CUSTOM_SETTING_08
05-19 14:03:27.910  1011  1011 E mius_system_configuration_param_get: reg: 0 shift: 16
05-19 14:03:27.910  1011  1011 E [MIUS]  : (mius_system_configuration_param_get) : get MIUS_SYSTEM_CONFIGURATION_CUSTOM_SETTING_09
05-19 14:03:27.910  1011  1011 E mius_system_configuration_param_get: reg: 0 shift: 17
05-19 14:03:27.910  1011  1011 E [MIUS]  : (mius_system_configuration_param_get) : get MIUS_SYSTEM_CONFIGURATION_CUSTOM_SETTING_10
05-19 14:03:27.910  1011  1011 E mius_system_configuration_param_get: reg: 0 shift: 18
05-19 14:03:27.910  1011  1011 E [MIUS]  : (mius_system_configuration_param_get) : get MIUS_SYSTEM_CONFIGURATION_CUSTOM_SETTING_11
05-19 14:03:27.910  1011  1011 E mius_system_configuration_param_get: reg: 0 shift: 19
05-19 14:03:27.910  1011  1011 E [MIUS]  : (mius_system_configuration_param_get) : get MIUS_SYSTEM_CONFIGURATION_CUSTOM_SETTING_12
05-19 14:03:27.911  1011  1011 E mius_system_configuration_param_get: reg: 0 shift: 20
05-19 14:03:27.911  1011  1011 E [MIUS]  : (mius_system_configuration_param_get) : get MIUS_SYSTEM_CONFIGURATION_CUSTOM_SETTING_13
05-19 14:03:27.911  1011  1011 E mius_system_configuration_param_get: reg: 0 shift: 21
05-19 14:03:27.911  1011  1011 E [MIUS]  : (mius_system_configuration_param_get) : get MIUS_SYSTEM_CONFIGURATION_CUSTOM_SETTING_14
05-19 14:03:27.911  1011  1011 E mius_system_configuration_param_get: reg: 0 shift: 22
05-19 14:03:27.911  1011  1011 E [MIUS]  : (mius_system_configuration_param_get) : get MIUS_SYSTEM_CONFIGURATION_CUSTOM_SETTING_15
05-19 14:03:27.912  1011  1011 E mius_system_configuration_param_get: reg: 0 shift: 24
05-19 14:03:27.912  1011  1011 E mius_system_configuration_param_get: reg: 0 shift: 25
05-19 14:03:27.912  1011  1011 E mius_system_configuration_param_get: reg: 0 shift: 26
05-19 14:03:27.912  1011  1011 E mius_system_configuration_param_get: reg: 0 shift: 27
05-19 14:03:27.913  1011  1011 E mius_system_configuration_param_get: reg: 0 shift: 28
05-19 14:03:27.913  1011  1011 E mius_system_configuration_param_get: reg: 0 shift: 30
05-19 14:03:27.913  1011  1011 E mius_system_configuration_param_get: reg: 0 shift: 31
05-19 14:03:27.914  1011  1011 E mius_system_configuration_param_get: reg: 0 shift: 32
05-19 14:03:27.914  1011  1011 E mius_system_configuration_param_get: reg: 0 shift: 34
05-19 14:03:27.914  1011  1011 I [CSPL] msm_routing_cirrus_fbport_get: this_ctrl.fb_port = 36897
05-19 14:03:27.915  1011  1011 I [CSPL] msm_routing_crus_sp_enable_get: 0
05-19 14:03:27.915  1011  1011 I [CSPL] msm_routing_crus_sp_usecase_get: 0
05-19 14:03:27.916  1011  1011 I [CSPL] msm_routing_crus_load_config_get: 0
05-19 14:03:27.916  1011  1011 I [CSPL] msm_routing_crus_chan_swap_get: 0
05-19 14:03:27.916  1011  1011 I [CSPL] crus_adm_get_params: Enter, port_id 9020, copp_idx: 0, len: 4
05-19 14:03:27.916  1011  1011 E adm_apr_send_pkt: port[0x57] copp[0x0] inactive
05-19 14:03:27.916  1011  1011 E crus_adm_get_params: get parameters failed ret:-22
05-19 14:03:27.916  1011  1011 I [CSPL] msm_routing_crus_chan_swap_dur_get: 30
05-19 14:03:27.917  1011  1011 I         : [CSPL] Starting Cirrus SP Volume Attenuation Get function call
05-19 14:03:27.920  1011  1011 E elliptic_system_configuration_param_get: reg: 0 shift: 0
05-19 14:03:27.920  1011  1011 E elliptic_system_configuration_param_get: reg: 0 shift: 1
05-19 14:03:27.921  1011  1011 E elliptic_system_configuration_param_get: reg: 0 shift: 2
05-19 14:03:27.921  1011  1011 E elliptic_system_configuration_param_get: reg: 0 shift: 3
05-19 14:03:27.921  1011  1011 E elliptic_system_configuration_param_get: reg: 0 shift: 4
05-19 14:03:27.921  1011  1011 E elliptic_system_configuration_param_get: reg: 0 shift: 5
05-19 14:03:27.923  1011  1011 E elliptic_system_configuration_param_get: reg: 0 shift: 6
05-19 14:03:27.923  1011  1011 E elliptic_system_configuration_param_get: reg: 0 shift: 7
05-19 14:03:27.923  1011  1011 E [ELUS]  : (elliptic_system_configuration_param_get) : get ELLIPTIC_SYSTEM_CONFIGURATION_CUSTOM_SETTING_00
05-19 14:03:27.924  1011  1011 E elliptic_system_configuration_param_get: reg: 0 shift: 8
05-19 14:03:27.924  1011  1011 E [ELUS]  : (elliptic_system_configuration_param_get) : get ELLIPTIC_SYSTEM_CONFIGURATION_CUSTOM_SETTING_01
05-19 14:03:27.924  1011  1011 E elliptic_system_configuration_param_get: reg: 0 shift: 9
05-19 14:03:27.924  1011  1011 E [ELUS]  : (elliptic_system_configuration_param_get) : get ELLIPTIC_SYSTEM_CONFIGURATION_CUSTOM_SETTING_02
05-19 14:03:27.924  1011  1011 E elliptic_system_configuration_param_get: reg: 0 shift: 10
05-19 14:03:27.924  1011  1011 E [ELUS]  : (elliptic_system_configuration_param_get) : get ELLIPTIC_SYSTEM_CONFIGURATION_CUSTOM_SETTING_03
05-19 14:03:27.924  1011  1011 E elliptic_system_configuration_param_get: reg: 0 shift: 11
05-19 14:03:27.924  1011  1011 E [ELUS]  : (elliptic_system_configuration_param_get) : get ELLIPTIC_SYSTEM_CONFIGURATION_CUSTOM_SETTING_04
05-19 14:03:27.924  1011  1011 E elliptic_system_configuration_param_get: reg: 0 shift: 12
05-19 14:03:27.924  1011  1011 E [ELUS]  : (elliptic_system_configuration_param_get) : get ELLIPTIC_SYSTEM_CONFIGURATION_CUSTOM_SETTING_05
05-19 14:03:27.925  1011  1011 E elliptic_system_configuration_param_get: reg: 0 shift: 13
05-19 14:03:27.925  1011  1011 E [ELUS]  : (elliptic_system_configuration_param_get) : get ELLIPTIC_SYSTEM_CONFIGURATION_CUSTOM_SETTING_06
05-19 14:03:27.925  1011  1011 E elliptic_system_configuration_param_get: reg: 0 shift: 14
05-19 14:03:27.925  1011  1011 E [ELUS]  : (elliptic_system_configuration_param_get) : get ELLIPTIC_SYSTEM_CONFIGURATION_CUSTOM_SETTING_07
05-19 14:03:27.925  1011  1011 E elliptic_system_configuration_param_get: reg: 0 shift: 15
05-19 14:03:27.925  1011  1011 E [ELUS]  : (elliptic_system_configuration_param_get) : get ELLIPTIC_SYSTEM_CONFIGURATION_CUSTOM_SETTING_08
05-19 14:03:27.925  1011  1011 E elliptic_system_configuration_param_get: reg: 0 shift: 16
05-19 14:03:27.925  1011  1011 E [ELUS]  : (elliptic_system_configuration_param_get) : get ELLIPTIC_SYSTEM_CONFIGURATION_CUSTOM_SETTING_09
05-19 14:03:27.925  1011  1011 E elliptic_system_configuration_param_get: reg: 0 shift: 17
05-19 14:03:27.925  1011  1011 E [ELUS]  : (elliptic_system_configuration_param_get) : get ELLIPTIC_SYSTEM_CONFIGURATION_CUSTOM_SETTING_10
05-19 14:03:27.926  1011  1011 E elliptic_system_configuration_param_get: reg: 0 shift: 18
05-19 14:03:27.926  1011  1011 E [ELUS]  : (elliptic_system_configuration_param_get) : get ELLIPTIC_SYSTEM_CONFIGURATION_CUSTOM_SETTING_11
05-19 14:03:27.926  1011  1011 E elliptic_system_configuration_param_get: reg: 0 shift: 19
05-19 14:03:27.926  1011  1011 E [ELUS]  : (elliptic_system_configuration_param_get) : get ELLIPTIC_SYSTEM_CONFIGURATION_CUSTOM_SETTING_12
05-19 14:03:27.926  1011  1011 E elliptic_system_configuration_param_get: reg: 0 shift: 20
05-19 14:03:27.926  1011  1011 E [ELUS]  : (elliptic_system_configuration_param_get) : get ELLIPTIC_SYSTEM_CONFIGURATION_CUSTOM_SETTING_13
05-19 14:03:27.926  1011  1011 E elliptic_system_configuration_param_get: reg: 0 shift: 21
05-19 14:03:27.926  1011  1011 E [ELUS]  : (elliptic_system_configuration_param_get) : get ELLIPTIC_SYSTEM_CONFIGURATION_CUSTOM_SETTING_14
05-19 14:03:27.926  1011  1011 E elliptic_system_configuration_param_get: reg: 0 shift: 22
05-19 14:03:27.926  1011  1011 E [ELUS]  : (elliptic_system_configuration_param_get) : get ELLIPTIC_SYSTEM_CONFIGURATION_CUSTOM_SETTING_15
05-19 14:03:27.927  1011  1011 E elliptic_system_configuration_param_get: reg: 0 shift: 23
05-19 14:03:27.927  1011  1011 E elliptic_system_configuration_param_get: reg: 0 shift: 24
05-19 14:03:27.927  1011  1011 E elliptic_system_configuration_param_get: reg: 0 shift: 25
05-19 14:03:27.927  1011  1011 E elliptic_system_configuration_param_get: reg: 0 shift: 26
05-19 14:03:27.928  1011  1011 E elliptic_system_configuration_param_get: reg: 0 shift: 27
05-19 14:03:27.928  1011  1011 E elliptic_system_configuration_param_get: reg: 0 shift: 28
05-19 14:03:27.928  1011  1011 E elliptic_system_configuration_param_get: reg: 0 shift: 30
05-19 14:03:27.929  1011  1011 E elliptic_system_configuration_param_get: reg: 0 shift: 31
05-19 14:03:27.929  1011  1011 E elliptic_system_configuration_param_get: reg: 0 shift: 32
05-19 14:03:27.929  1011  1011 E elliptic_system_configuration_param_get: reg: 0 shift: 34
05-19 14:03:28.082  1090  1090 I core_get_license_status: cmdrsp_license_result.result = 0x15 for module 0x131ff
05-19 14:03:28.085  1090  1090 E mius_system_configuration_param_get: reg: 0 shift: 0
05-19 14:03:28.087  1090  1090 E mius_system_configuration_param_get: reg: 0 shift: 1
05-19 14:03:28.089  1090  1090 E mius_system_configuration_param_get: reg: 0 shift: 2
05-19 14:03:28.090  1090  1090 E mius_system_configuration_param_get: reg: 0 shift: 3
05-19 14:03:28.090  1090  1090 E mius_system_configuration_param_get: reg: 0 shift: 5
05-19 14:03:28.092  1090  1090 E mius_system_configuration_param_get: reg: 0 shift: 7
05-19 14:03:28.092  1090  1090 E [MIUS]  : (mius_system_configuration_param_get) : get MIUS_SYSTEM_CONFIGURATION_CUSTOM_SETTING_00
05-19 14:03:28.093  1090  1090 E mius_system_configuration_param_get: reg: 0 shift: 8
05-19 14:03:28.093  1090  1090 E [MIUS]  : (mius_system_configuration_param_get) : get MIUS_SYSTEM_CONFIGURATION_CUSTOM_SETTING_01
05-19 14:03:28.093  1090  1090 E mius_system_configuration_param_get: reg: 0 shift: 9
05-19 14:03:28.093  1090  1090 E [MIUS]  : (mius_system_configuration_param_get) : get MIUS_SYSTEM_CONFIGURATION_CUSTOM_SETTING_02
05-19 14:03:28.093  1090  1090 E mius_system_configuration_param_get: reg: 0 shift: 10
05-19 14:03:28.093  1090  1090 E [MIUS]  : (mius_system_configuration_param_get) : get MIUS_SYSTEM_CONFIGURATION_CUSTOM_SETTING_03
05-19 14:03:28.093  1090  1090 E mius_system_configuration_param_get: reg: 0 shift: 11
05-19 14:03:28.093  1090  1090 E [MIUS]  : (mius_system_configuration_param_get) : get MIUS_SYSTEM_CONFIGURATION_CUSTOM_SETTING_04
05-19 14:03:28.094  1090  1090 E mius_system_configuration_param_get: reg: 0 shift: 12
05-19 14:03:28.094  1090  1090 E [MIUS]  : (mius_system_configuration_param_get) : get MIUS_SYSTEM_CONFIGURATION_CUSTOM_SETTING_05
05-19 14:03:28.094  1090  1090 E mius_system_configuration_param_get: reg: 0 shift: 13
05-19 14:03:28.094  1090  1090 E [MIUS]  : (mius_system_configuration_param_get) : get MIUS_SYSTEM_CONFIGURATION_CUSTOM_SETTING_06
05-19 14:03:28.094  1090  1090 E mius_system_configuration_param_get: reg: 0 shift: 14
05-19 14:03:28.094  1090  1090 E [MIUS]  : (mius_system_configuration_param_get) : get MIUS_SYSTEM_CONFIGURATION_CUSTOM_SETTING_07
05-19 14:03:28.094  1090  1090 E mius_system_configuration_param_get: reg: 0 shift: 15
05-19 14:03:28.094  1090  1090 E [MIUS]  : (mius_system_configuration_param_get) : get MIUS_SYSTEM_CONFIGURATION_CUSTOM_SETTING_08
05-19 14:03:28.094  1090  1090 E mius_system_configuration_param_get: reg: 0 shift: 16
05-19 14:03:28.094  1090  1090 E [MIUS]  : (mius_system_configuration_param_get) : get MIUS_SYSTEM_CONFIGURATION_CUSTOM_SETTING_09
05-19 14:03:28.095  1090  1090 E mius_system_configuration_param_get: reg: 0 shift: 17
05-19 14:03:28.095  1090  1090 E [MIUS]  : (mius_system_configuration_param_get) : get MIUS_SYSTEM_CONFIGURATION_CUSTOM_SETTING_10
05-19 14:03:28.095  1090  1090 E mius_system_configuration_param_get: reg: 0 shift: 18
05-19 14:03:28.095  1090  1090 E [MIUS]  : (mius_system_configuration_param_get) : get MIUS_SYSTEM_CONFIGURATION_CUSTOM_SETTING_11
05-19 14:03:28.095  1090  1090 E mius_system_configuration_param_get: reg: 0 shift: 19
05-19 14:03:28.095  1090  1090 E [MIUS]  : (mius_system_configuration_param_get) : get MIUS_SYSTEM_CONFIGURATION_CUSTOM_SETTING_12
05-19 14:03:28.095  1090  1090 E mius_system_configuration_param_get: reg: 0 shift: 20
05-19 14:03:28.095  1090  1090 E [MIUS]  : (mius_system_configuration_param_get) : get MIUS_SYSTEM_CONFIGURATION_CUSTOM_SETTING_13
05-19 14:03:28.096  1090  1090 E mius_system_configuration_param_get: reg: 0 shift: 21
05-19 14:03:28.096  1090  1090 E [MIUS]  : (mius_system_configuration_param_get) : get MIUS_SYSTEM_CONFIGURATION_CUSTOM_SETTING_14
05-19 14:03:28.096  1090  1090 E mius_system_configuration_param_get: reg: 0 shift: 22
05-19 14:03:28.096  1090  1090 E [MIUS]  : (mius_system_configuration_param_get) : get MIUS_SYSTEM_CONFIGURATION_CUSTOM_SETTING_15
05-19 14:03:28.097  1090  1090 E mius_system_configuration_param_get: reg: 0 shift: 24
05-19 14:03:28.097  1090  1090 E mius_system_configuration_param_get: reg: 0 shift: 25
05-19 14:03:28.097  1090  1090 E mius_system_configuration_param_get: reg: 0 shift: 26
05-19 14:03:28.098  1090  1090 E mius_system_configuration_param_get: reg: 0 shift: 27
05-19 14:03:28.098  1090  1090 E mius_system_configuration_param_get: reg: 0 shift: 28
05-19 14:03:28.098  1090  1090 E mius_system_configuration_param_get: reg: 0 shift: 30
05-19 14:03:28.098  1090  1090 E mius_system_configuration_param_get: reg: 0 shift: 31
05-19 14:03:28.099  1090  1090 E mius_system_configuration_param_get: reg: 0 shift: 32
05-19 14:03:28.099  1090  1090 E mius_system_configuration_param_get: reg: 0 shift: 34
05-19 14:03:28.099  1090  1090 I [CSPL] msm_routing_cirrus_fbport_get: this_ctrl.fb_port = 36897
05-19 14:03:28.100  1090  1090 I [CSPL] msm_routing_crus_sp_enable_get: 0
05-19 14:03:28.100  1090  1090 I [CSPL] msm_routing_crus_sp_usecase_get: 0
05-19 14:03:28.101  1090  1090 I [CSPL] msm_routing_crus_load_config_get: 0
05-19 14:03:28.101  1090  1090 I [CSPL] msm_routing_crus_chan_swap_get: 0
05-19 14:03:28.101  1090  1090 I [CSPL] crus_adm_get_params: Enter, port_id 9020, copp_idx: 0, len: 4
05-19 14:03:28.101  1090  1090 E adm_apr_send_pkt: port[0x57] copp[0x0] inactive
05-19 14:03:28.101  1090  1090 E crus_adm_get_params: get parameters failed ret:-22
05-19 14:03:28.102  1090  1090 I [CSPL] msm_routing_crus_chan_swap_dur_get: 30
05-19 14:03:28.102  1090  1090 I         : [CSPL] Starting Cirrus SP Volume Attenuation Get function call
05-19 14:03:28.104  1090  1090 E elliptic_system_configuration_param_get: reg: 0 shift: 0
05-19 14:03:28.104  1090  1090 E elliptic_system_configuration_param_get: reg: 0 shift: 1
05-19 14:03:28.106  1090  1090 E elliptic_system_configuration_param_get: reg: 0 shift: 2
05-19 14:03:28.110  1090  1090 E elliptic_system_configuration_param_get: reg: 0 shift: 3
05-19 14:03:28.111   937   937 I icnss2_qmi: QMI DMS service connected, state: 0x310483
05-19 14:03:28.113  1090  1090 E elliptic_system_configuration_param_get: reg: 0 shift: 4
05-19 14:03:28.115  1090  1090 E elliptic_system_configuration_param_get: reg: 0 shift: 5
05-19 14:03:28.115  1011  1011 E         : msm_pcm_soft_volume_ctl_get substream runtime or private_data not found
05-19 14:03:28.116  1011  1011 E         : msm_pcm_soft_volume_ctl_get substream runtime or private_data not found
05-19 14:03:28.122  1090  1090 E elliptic_system_configuration_param_get: reg: 0 shift: 6
05-19 14:03:28.125  1090  1090 E elliptic_system_configuration_param_get: reg: 0 shift: 7
05-19 14:03:28.125  1090  1090 E [ELUS]  : (elliptic_system_configuration_param_get) : get ELLIPTIC_SYSTEM_CONFIGURATION_CUSTOM_SETTING_00
05-19 14:03:28.126  1090  1090 E elliptic_system_configuration_param_get: reg: 0 shift: 8
05-19 14:03:28.126  1090  1090 E [ELUS]  : (elliptic_system_configuration_param_get) : get ELLIPTIC_SYSTEM_CONFIGURATION_CUSTOM_SETTING_01
05-19 14:03:28.127  1090  1090 E elliptic_system_configuration_param_get: reg: 0 shift: 9
05-19 14:03:28.127  1090  1090 E [ELUS]  : (elliptic_system_configuration_param_get) : get ELLIPTIC_SYSTEM_CONFIGURATION_CUSTOM_SETTING_02
05-19 14:03:28.128  1090  1090 E elliptic_system_configuration_param_get: reg: 0 shift: 10
05-19 14:03:28.128  1090  1090 E [ELUS]  : (elliptic_system_configuration_param_get) : get ELLIPTIC_SYSTEM_CONFIGURATION_CUSTOM_SETTING_03
05-19 14:03:28.128  1090  1090 E elliptic_system_configuration_param_get: reg: 0 shift: 11
05-19 14:03:28.128  1090  1090 E [ELUS]  : (elliptic_system_configuration_param_get) : get ELLIPTIC_SYSTEM_CONFIGURATION_CUSTOM_SETTING_04
05-19 14:03:28.129  1090  1090 E elliptic_system_configuration_param_get: reg: 0 shift: 12
05-19 14:03:28.129  1090  1090 E [ELUS]  : (elliptic_system_configuration_param_get) : get ELLIPTIC_SYSTEM_CONFIGURATION_CUSTOM_SETTING_05
05-19 14:03:28.130  1090  1090 E elliptic_system_configuration_param_get: reg: 0 shift: 13
05-19 14:03:28.130  1090  1090 E [ELUS]  : (elliptic_system_configuration_param_get) : get ELLIPTIC_SYSTEM_CONFIGURATION_CUSTOM_SETTING_06
05-19 14:03:28.130  1090  1090 E elliptic_system_configuration_param_get: reg: 0 shift: 14
05-19 14:03:28.130  1090  1090 E [ELUS]  : (elliptic_system_configuration_param_get) : get ELLIPTIC_SYSTEM_CONFIGURATION_CUSTOM_SETTING_07
05-19 14:03:28.131  1090  1090 E elliptic_system_configuration_param_get: reg: 0 shift: 15
05-19 14:03:28.131  1090  1090 E [ELUS]  : (elliptic_system_configuration_param_get) : get ELLIPTIC_SYSTEM_CONFIGURATION_CUSTOM_SETTING_08
05-19 14:03:28.132  1090  1090 E elliptic_system_configuration_param_get: reg: 0 shift: 16
05-19 14:03:28.132  1090  1090 E [ELUS]  : (elliptic_system_configuration_param_get) : get ELLIPTIC_SYSTEM_CONFIGURATION_CUSTOM_SETTING_09
05-19 14:03:28.132  1090  1090 E elliptic_system_configuration_param_get: reg: 0 shift: 17
05-19 14:03:28.132  1090  1090 E [ELUS]  : (elliptic_system_configuration_param_get) : get ELLIPTIC_SYSTEM_CONFIGURATION_CUSTOM_SETTING_10
05-19 14:03:28.133  1090  1090 E elliptic_system_configuration_param_get: reg: 0 shift: 18
05-19 14:03:28.133  1090  1090 E [ELUS]  : (elliptic_system_configuration_param_get) : get ELLIPTIC_SYSTEM_CONFIGURATION_CUSTOM_SETTING_11
05-19 14:03:28.134  1090  1090 E elliptic_system_configuration_param_get: reg: 0 shift: 19
05-19 14:03:28.134  1090  1090 E [ELUS]  : (elliptic_system_configuration_param_get) : get ELLIPTIC_SYSTEM_CONFIGURATION_CUSTOM_SETTING_12
05-19 14:03:28.134  1090  1090 E elliptic_system_configuration_param_get: reg: 0 shift: 20
05-19 14:03:28.134  1090  1090 E [ELUS]  : (elliptic_system_configuration_param_get) : get ELLIPTIC_SYSTEM_CONFIGURATION_CUSTOM_SETTING_13
05-19 14:03:28.135  1090  1090 E elliptic_system_configuration_param_get: reg: 0 shift: 21
05-19 14:03:28.135  1090  1090 E [ELUS]  : (elliptic_system_configuration_param_get) : get ELLIPTIC_SYSTEM_CONFIGURATION_CUSTOM_SETTING_14
05-19 14:03:28.136  1090  1090 E elliptic_system_configuration_param_get: reg: 0 shift: 22
05-19 14:03:28.136  1090  1090 E [ELUS]  : (elliptic_system_configuration_param_get) : get ELLIPTIC_SYSTEM_CONFIGURATION_CUSTOM_SETTING_15
05-19 14:03:28.138  1090  1090 E elliptic_system_configuration_param_get: reg: 0 shift: 23
05-19 14:03:28.139  1090  1090 E elliptic_system_configuration_param_get: reg: 0 shift: 24
05-19 14:03:28.139  1090  1090 E elliptic_system_configuration_param_get: reg: 0 shift: 25
05-19 14:03:28.140  1090  1090 E elliptic_system_configuration_param_get: reg: 0 shift: 26
05-19 14:03:28.141  1090  1090 E elliptic_system_configuration_param_get: reg: 0 shift: 27
05-19 14:03:28.142  1090  1090 E elliptic_system_configuration_param_get: reg: 0 shift: 28
05-19 14:03:28.142  1090  1090 E elliptic_system_configuration_param_get: reg: 0 shift: 30
05-19 14:03:28.143  1011  1011 E         : msm_pcm_soft_volume_ctl_get substream runtime or private_data not found
05-19 14:03:28.143  1011  1011 E         : msm_pcm_soft_volume_ctl_get substream runtime or private_data not found
05-19 14:03:28.143  1090  1090 E elliptic_system_configuration_param_get: reg: 0 shift: 31
05-19 14:03:28.144  1090  1090 E elliptic_system_configuration_param_get: reg: 0 shift: 32
05-19 14:03:28.144  1090  1090 E elliptic_system_configuration_param_get: reg: 0 shift: 34
05-19 14:03:28.150  1011  1011 E         : msm_pcm_volume_ctl_get substream not found
05-19 14:03:28.151  1011  1011 E         : msm_pcm_soft_volume_ctl_get substream runtime or private_data not found
05-19 14:03:28.151  1011  1011 E         : msm_pcm_soft_volume_ctl_get substream not found
05-19 14:03:28.178  1598  1598 E ip_local_port_range: prefer different parity for start/end values.
05-19 14:03:28.181  1011  1011 E         : msm_pcm_soft_volume_ctl_get substream runtime or private_data not found
05-19 14:03:28.182  1011  1011 E         : msm_pcm_soft_volume_ctl_get substream runtime or private_data not found
05-19 14:03:28.219  1011  1011 E         : msm_pcm_soft_volume_ctl_get substream runtime or private_data not found
05-19 14:03:28.219  1011  1011 E         : msm_pcm_soft_volume_ctl_get substream runtime or private_data not found
05-19 14:03:28.264  1645  1645 I input   : uinput-fpc as /devices/virtual/input/input6
05-19 14:03:28.281  1011  1011 E         : msm_pcm_soft_volume_ctl_get substream runtime or private_data not found
05-19 14:03:28.282  1011  1011 E         : msm_pcm_soft_volume_ctl_get substream runtime or private_data not found
05-19 14:03:28.378   333   333 I msm-dwc3 a600000.ssusb: Avail curr from USB = 100
05-19 14:03:28.393  1011  1011 E         : msm_pcm_volume_ctl_get substream not found
05-19 14:03:28.394  1011  1011 E         : msm_pcm_soft_volume_ctl_get substream runtime or private_data not found
05-19 14:03:28.394  1011  1011 E         : msm_pcm_soft_volume_ctl_get substream not found
05-19 14:03:28.403  1011  1011 E         : msm_pcm_volume_ctl_get substream not found
05-19 14:03:28.403  1011  1011 E         : msm_pcm_soft_volume_ctl_get substream runtime or private_data not found
05-19 14:03:28.403  1011  1011 E         : msm_pcm_soft_volume_ctl_get substream not found
05-19 14:03:28.409  1090  1090 E         : msm_pcm_soft_volume_ctl_get substream runtime or private_data not found
05-19 14:03:28.410  1090  1090 E         : msm_pcm_soft_volume_ctl_get substream runtime or private_data not found
05-19 14:03:28.412  1011  1011 E         : msm_pcm_volume_ctl_get substream not found
05-19 14:03:28.412  1011  1011 E         : msm_pcm_soft_volume_ctl_get substream runtime or private_data not found
05-19 14:03:28.412  1011  1011 E         : msm_pcm_soft_volume_ctl_get substream not found
05-19 14:03:28.484  1090  1090 E         : msm_pcm_soft_volume_ctl_get substream runtime or private_data not found
05-19 14:03:28.485  1090  1090 E         : msm_pcm_soft_volume_ctl_get substream runtime or private_data not found
05-19 14:03:28.520  1090  1090 E         : msm_pcm_volume_ctl_get substream not found
05-19 14:03:28.521  1090  1090 E         : msm_pcm_soft_volume_ctl_get substream runtime or private_data not found
05-19 14:03:28.524  1090  1090 E         : msm_pcm_soft_volume_ctl_get substream not found
05-19 14:03:28.619   936   936 I configfs-gadget gadget: high-speed config #1: b
05-19 14:03:28.619  1321  1321 I msm-dwc3 a600000.ssusb: Avail curr from USB = 500
05-19 14:03:28.624  1090  1090 E         : msm_pcm_soft_volume_ctl_get substream runtime or private_data not found
05-19 14:03:28.624  1090  1090 E         : msm_pcm_soft_volume_ctl_get substream runtime or private_data not found
05-19 14:03:28.657  1090  1090 E         : msm_pcm_soft_volume_ctl_get substream runtime or private_data not found
05-19 14:03:28.657  1090  1090 E         : msm_pcm_soft_volume_ctl_get substream runtime or private_data not found
05-19 14:03:28.676  1607  1607 I         : rmnet_shs initializing rmnet_data0
05-19 14:03:28.676  1607  1607 I         : rmnet_shs init with 0
05-19 14:03:28.676  1607  1607 I DATARMNET7dec24813e(): Initializing on device rmnet_data0
05-19 14:03:28.685  1090  1090 E         : msm_pcm_soft_volume_ctl_get substream runtime or private_data not found
05-19 14:03:28.685  1090  1090 E         : msm_pcm_soft_volume_ctl_get substream runtime or private_data not found
05-19 14:03:28.797  1607  1607 I         : rmnet_ctl driver probed
05-19 14:03:28.830  1090  1090 E         : msm_pcm_volume_ctl_get substream not found
05-19 14:03:28.831  1090  1090 E         : msm_pcm_soft_volume_ctl_get substream runtime or private_data not found
05-19 14:03:28.831  1090  1090 E         : msm_pcm_soft_volume_ctl_get substream not found
05-19 14:03:28.839  1090  1090 E         : msm_pcm_volume_ctl_get substream not found
05-19 14:03:28.839  1090  1090 E         : msm_pcm_soft_volume_ctl_get substream runtime or private_data not found
05-19 14:03:28.839  1090  1090 E         : msm_pcm_soft_volume_ctl_get substream not found
05-19 14:03:28.846  1090  1090 E         : msm_pcm_volume_ctl_get substream not found
05-19 14:03:28.847  1090  1090 E         : msm_pcm_soft_volume_ctl_get substream runtime or private_data not found
05-19 14:03:28.847  1090  1090 E         : msm_pcm_soft_volume_ctl_get substream not found
05-19 14:03:28.899  1607  1607 E ipa-wan ipa3_wwan_ioctl: 1996 dev(rmnet_data0) register to IPA
05-19 14:03:28.988  1090  1090 I [MIUS]  : mi_ultrasound_apr_set_parameter param_id 2 status 0
05-19 14:03:29.004   364   364 I         : [GTP-INF][goodix_drm_state_chg_callback:2051] notifier tp event:2, code:0.
05-19 14:03:29.004   364   364 I         : [GTP-INF][goodix_drm_state_chg_callback:2051] notifier tp event:63016, code:90.
05-19 14:03:29.004   364   364 W screen_state_for_thermal_callback: On, sm.screen_state = 1
05-19 14:03:29.004   364   364 I         : [GTP-INF][goodix_drm_state_chg_callback:2051] notifier tp event:1, code:0.
05-19 14:03:29.004   364   364 I         : [GTP-INF][goodix_drm_state_chg_callback:2058] touchpanel resume
05-19 14:03:29.006  1424  1424 E BATTERY_CHG: battery_psy_set_charge_current: set thermal-level: 14 num_thermal_levels: 16
05-19 14:03:29.019  1090  1090 E wcdcal_hwdep_ioctl_shared: codec didn't set this 0!!
05-19 14:03:29.019  1090  1090 E wcdcal_hwdep_ioctl_shared: codec didn't set this 3!!
05-19 14:03:29.032   364   364 I         : [GTP-INF][goodix_drm_state_chg_callback:2051] notifier tp event:2, code:5.
05-19 14:03:29.032   364   364 I         : [GTP-INF][goodix_drm_state_chg_callback:2055] touchpanel suspend by blank
05-19 14:03:29.032   937   937 I         : [GTP-INF][goodix_ts_suspend:1880] Suspend start
05-19 14:03:29.032   937   937 I         : [GTP-DBG][goodix_generic_noti_callback:2167] notify event type 0x3
05-19 14:03:29.032   937   937 I         : [GTP-DBG][brl_send_cmd:360] cmd data 06 70 00 00 76 00
05-19 14:03:29.033   937   937 I         : [GTP-DBG][brl_send_cmd:379] cmd ack data 00 00 06 70 00 00 76 00 00 00 00 00 00 00 00 00
05-19 14:03:29.034   937   937 I         : [GTP-DBG][brl_send_cmd:379] cmd ack data 80 80 00 70 00 00 76 00 00 00 00 00 00 00 00 00
05-19 14:03:29.037   937   937 I         : [GTP-INF][brl_palm_on:1328] palm mode off
05-19 14:03:29.037   937   937 I         : [GTP-INF][goodix_ts_esd_off:1774] Esd off, esd work state 1
05-19 14:03:29.037   937   937 I         : [GTP-INF][gsx_gesture_before_suspend:279] enter sleep mode
05-19 14:03:29.037   937   937 I         : [GTP-DBG][brl_irq_enbale:306] Irq disabled
05-19 14:03:29.037   937   937 I         : [GTP-DBG][brl_send_cmd:360] cmd data 04 84 88 00
05-19 14:03:29.037   937   937 I         : [GTP-DBG][brl_send_cmd:379] cmd ack data 00 00 04 84 88 00 00 00 00 00 00 00 00 00 00 00
05-19 14:03:29.038   937   937 I         : [GTP-DBG][brl_send_cmd:379] cmd ack data 00 80 00 84 88 00 00 00 00 00 00 00 00 00 00 00
05-19 14:03:29.041   937   937 I         : [GTP-INF][goodix_ts_suspend:1942] Suspend end
05-19 14:03:29.047  2065  2065 W QSEECOM : __qseecom_reentrancy_process_incomplete_cmd: get cback req app_id = 1, resp->data = 0
05-19 14:03:29.067  2083  2083 W QSEECOM : __qseecom_reentrancy_process_incomplete_cmd: get cback req app_id = 1, resp->data = 0
05-19 14:03:29.139   364   364 W screen_state_for_thermal_callback: Off, sm.screen_state = 0
05-19 14:03:29.139   364   364 I         : [GTP-INF][goodix_drm_state_chg_callback:2051] notifier tp event:1, code:5.
05-19 14:03:29.140  1424  1424 E BATTERY_CHG: battery_psy_set_charge_current: set thermal-level: 6 num_thermal_levels: 16
05-19 14:03:29.142   364   364 I         : [GTP-INF][goodix_drm_state_chg_callback:2051] notifier tp event:2, code:0.
05-19 14:03:29.247   364   364 W screen_state_for_thermal_callback: On, sm.screen_state = 1
05-19 14:03:29.247   364   364 I         : [GTP-INF][goodix_drm_state_chg_callback:2051] notifier tp event:1, code:0.
05-19 14:03:29.247   364   364 I         : [GTP-INF][goodix_drm_state_chg_callback:2058] touchpanel resume
05-19 14:03:29.247   936   936 I         : [GTP-INF][goodix_ts_resume:1959] Resume start
05-19 14:03:29.248  1424  1424 E BATTERY_CHG: battery_psy_set_charge_current: set thermal-level: 14 num_thermal_levels: 16
05-19 14:03:29.326   784   784 I libbinder.AidlLazyServiceRegistrar: Process has 1 (of 1 available) client(s) in use after notification apexservice has clients: 1
05-19 14:03:29.326   784   784 I libbinder.AidlLazyServiceRegistrar: Shutdown prevented by forcePersist override flag.
05-19 14:03:29.327   784   784 I apexd   : getActivePackages received by ApexService
05-19 14:03:29.362   936   936 I         : [GTP-DBG][brl_irq_enbale:300] Irq enabled
05-19 14:03:29.362   936   936 I         : [GTP-INF][goodix_ts_resume:2014] try notify resume
05-19 14:03:29.362   936   936 I         : [GTP-DBG][goodix_generic_noti_callback:2167] notify event type 0x4
05-19 14:03:29.362   936   936 I         : [GTP-DBG][brl_send_cmd:360] cmd data 04 10 14 00
05-19 14:03:29.362   936   936 I         : [GTP-DBG][brl_send_cmd:379] cmd ack data 00 80 00 10 14 00 00 00 00 00 00 00 00 00 00 00
05-19 14:03:29.364   936   936 I         : [GTP-INF][brl_charger_on:1308] charger mode on
05-19 14:03:29.364   936   936 I         : [GTP-INF][goodix_ts_esd_on:1761] esd on
05-19 14:03:29.364   936   936 I         : [GTP-INF][goodix_ts_resume:2017] Resume end
05-19 14:03:29.445  1031  1031 I         : xiaomi_touch_dev_open
05-19 14:03:29.445  1031  1031 I xiaomi_touch_dev_ioctl cmd: 0, touchId:0, mode:14, value:0
05-19 14:03:29.445  1031  1031 I [GTP-INF][goodix_set_cur_value:2319] mode: 14, value:0
05-19 14:03:29.445   936   936 I         : [GTP-INF][goodix_set_gesture_work:2225] set gesture_enabled:0
05-19 14:03:29.669   784   784 I apexd   : getAllPackages received by ApexService
05-19 14:03:29.938     1     1 I init    : starting service 'vendor.thermal-hal'...
05-19 14:03:29.945     1     1 I init    : ... started service 'vendor.thermal-hal' has pid 2217
05-19 14:03:29.988   520   520 I servicemanager: Caller(pid=2217,uid=0,sid=u:r:hal_thermal_default:s0) Found android.hardware.thermal.IThermal/default in device VINTF manifest.
05-19 14:03:30.155     1     1 E init    : Control message: Could not find 'android.frameworks.sensorservice@1.0::ISensorManager/default' for ctl.interface_start from pid: 521 (/system/system_ext/bin/hwservicemanager)
05-19 14:03:30.468  1607  1607 I         : DFC QMAP init
05-19 14:03:30.469   338   338 E ipa_pm activate_work_func: 447 client has no callback
05-19 14:03:30.470   307   307 I         : Connection established with the WDA Service, DL Marker enabled
05-19 14:03:30.471     1     1 I init    : processing action (persist.vendor.data.qmipriod_load=1) from (/vendor/etc/init/qmipriod.rc:11)
05-19 14:03:30.471     1     1 I init    : service 'vendor.qmipriod' requested start, but it is already running (flags: 132, pid: 1542, started 3792ms ago)
05-19 14:03:30.552   520   520 I servicemanager: Caller(pid=1032,uid=1000,sid=u:r:hal_sensors_default:s0) Found android.hardware.sensors.ISensors/default in device VINTF manifest.
05-19 14:03:30.581  1607  1607 I rmnet_shs: mask: 0x7d maplen: 6
05-19 14:03:30.718  1583  1583 I KernelSU: packages.list detected (mask=128)
05-19 14:03:30.736  1583  1583 I KernelSU: Searching manager...
05-19 14:03:30.736  1583  1583 I KernelSU: search_manager: dir: /data/app got magic! 0xf2f52010
05-19 14:03:30.736  1583  1583 I KernelSU: Skipping directory: vmdl1944074938.tmp
05-19 14:03:30.736  1583  1583 I KernelSU: Skipping directory: vmdl71503313.tmp
05-19 14:03:30.736  1583  1583 I KernelSU: Skipping directory: vmdl363956914.tmp
05-19 14:03:30.736  1583  1583 I KernelSU: Skipping directory: vmdl1337448729.tmp
05-19 14:03:30.736  1583  1583 I KernelSU: Skipping directory: vmdl1170649946.tmp
05-19 14:03:30.736  1583  1583 I KernelSU: Skipping directory: vmdl450211943.tmp
05-19 14:03:30.736  1583  1583 I KernelSU: Skipping directory: vmdl778334111.tmp
05-19 14:03:30.736  1583  1583 I KernelSU: Skipping directory: vmdl285406934.tmp
05-19 14:03:30.736  1583  1583 I KernelSU: Skipping directory: vmdl501568656.tmp
05-19 14:03:30.736  1583  1583 I KernelSU: Skipping directory: vmdl1084044274.tmp
05-19 14:03:30.736  1583  1583 I KernelSU: Skipping directory: vmdl1807401015.tmp
05-19 14:03:30.736  1583  1583 I KernelSU: Skipping directory: vmdl994596569.tmp
05-19 14:03:30.736  1583  1583 I KernelSU: Skipping directory: vmdl1043138589.tmp
05-19 14:03:30.736  1583  1583 I KernelSU: Skipping directory: vmdl232466723.tmp
05-19 14:03:30.736  1583  1583 I KernelSU: Skipping directory: vmdl1464509445.tmp
05-19 14:03:30.736  1583  1583 I KernelSU: Skipping directory: vmdl645909266.tmp
05-19 14:03:30.736  1583  1583 I KernelSU: Skipping directory: vmdl645987510.tmp
05-19 14:03:30.736  1583  1583 I KernelSU: Skipping directory: vmdl1667011023.tmp
05-19 14:03:30.740  1583  1583 I KernelSU: sha256: c371061b19d8c7d7d6133c6a9bafe198fa944e50c1b31c9d8daa8d7f1fc2d2d6, expected: c371061b19d8c7d7d6133c6a9bafe198fa944e50c1b31c9d8daa8d7f1fc2d2d6
05-19 14:03:30.742  1583  1583 I KernelSU: KSU:c371061b19d8c7d7d6133c6a9bafe198fa944e50c1b31c9d8daa8d7f1fc2d2d6 (827)
05-19 14:03:30.742  1583  1583 I KernelSU: Found KernelSU base.apk at /data/app/~~x51uETTDqADRagOvNX3pMA==/me.weishu.kernelsu-2LF6B4b5xYe9KltB-axrcA==/base.apk
05-19 14:03:30.742  1583  1583 I KernelSU: manager pkg: me.weishu.kernelsu
05-19 14:03:30.742  1583  1583 I KernelSU: Crowning manager: me.weishu.kernelsu(uid=10385)
05-19 14:03:30.742  1583  1583 I KernelSU: Stop searching
05-19 14:03:30.742  1583  1583 I KernelSU: Search manager: cleanup!
05-19 14:03:30.742  1583  1583 I KernelSU: Search manager finished.
05-19 14:03:30.742  1583  1583 I KernelSU: boot not completed, skip prune
05-19 14:03:30.850  1321  1321 E BATTERY_CHG: xm_charger_debug_info_print_work: usb_present: 1
05-19 14:03:30.856  1321  1321 E BATTERY_CHG: xm_charger_debug_info_print_work: vbus_vol_uv: 4858000, ibus_ua: 497000
05-19 14:03:31.155     1     1 E init    : Control message: Could not find 'android.frameworks.sensorservice@1.0::ISensorManager/default' for ctl.interface_start from pid: 521 (/system/system_ext/bin/hwservicemanager)
05-19 14:03:31.354   520   520 I servicemanager: Caller(pid=1583,uid=1000,sid=u:r:system_server:s0) Found android.hardware.sensors.ISensors/default in device VINTF manifest.
05-19 14:03:31.361   520   520 I servicemanager: Caller(pid=1583,uid=1000,sid=u:r:system_server:s0) Found android.hardware.health.IHealth/default in device VINTF manifest.
05-19 14:03:31.399  1028  1028 W healthd : battery l=31 v=3761 t=38.0 h=2 st=2 c=352177 fc=3563000 cc=573 chg=u
05-19 14:03:31.564  1090  1090 I [MIUS]  : mi_ultrasound_apr_set_parameter param_id 7 status 0
05-19 14:03:31.567  1090  1090 E mius_system_configuration_param_get: reg: 0 shift: 28
05-19 14:03:31.570  1090  1090 I [MIUS]  : mi_ultrasound_apr_set_parameter param_id 2 status 0
05-19 14:03:31.577   520   520 I servicemanager: Caller(pid=1185,uid=1041,sid=u:r:audioserver:s0) Could not find android.hardware.audio.effect.IFactory/default in the VINTF manifest. No alternative instances declared in VINTF.
05-19 14:03:31.578   520   520 I servicemanager: Caller(pid=1185,uid=1041,sid=u:r:audioserver:s0) Could not find android.hardware.audio.core.IModule/default in the VINTF manifest. No alternative instances declared in VINTF.
05-19 14:03:31.602  1583  1583 I binder  : 1583:1583 ioctl c00c620f 7fe77f018c returned -22
05-19 14:03:31.612   520   520 I servicemanager: Caller(pid=1583,uid=1000,sid=u:r:system_server:s0) Found android.hardware.power.IPower/default in device VINTF manifest.
05-19 14:03:31.619   520   520 I servicemanager: Caller(pid=574,uid=1017,sid=u:r:keystore:s0) Could not find android.hardware.security.keymint.IRemotelyProvisionedComponent/default in the VINTF manifest. No alternative instances declared in VINTF.
05-19 14:03:31.624   520   520 I servicemanager: Caller(pid=1583,uid=1000,sid=u:r:system_server:s0) Could not find android.hardware.vibrator.IVibratorManager/default in the VINTF manifest. No alternative instances declared in VINTF.
05-19 14:03:31.625   520   520 I servicemanager: Caller(pid=1583,uid=1000,sid=u:r:system_server:s0) Found android.hardware.vibrator.IVibrator/default in device VINTF manifest.
05-19 14:03:31.759     1     1 I init    : starting service 'vendor.ims_rtp_daemon'...
05-19 14:03:31.766     1     1 I init    : ... started service 'vendor.ims_rtp_daemon' has pid 2357
05-19 14:03:31.816     1     1 I init    : processing action (sys.sysctl.extra_free_kbytes=*) from (/system/etc/init/hw/init.rc:1310)
05-19 14:03:31.817     1     1 I init    : starting service 'exec 41 (/system/bin/extra_free_kbytes.sh 30375)'...
05-19 14:03:32.219  2445  2445 W         : Listen 1 Audio Service: DMA mask not set
05-19 14:03:32.895   784   784 I apexd   : getSessions() received by ApexService
05-19 14:03:33.241   784   784 I libbinder.AidlLazyServiceRegistrar: Process has 0 (of 1 available) client(s) in use after notification apexservice has clients: 0
05-19 14:03:33.241   784   784 I libbinder.AidlLazyServiceRegistrar: Shutdown prevented by forcePersist override flag.
05-19 14:03:33.566   338   338 I icnss2  : WLAN FW is ready: 0x200487
05-19 14:03:33.567   338   338 I icnss2_qmi: Received DMS MAC: [d8:b0:53:1f:fa:4a]
05-19 14:03:33.923  2820  2820 I logd    : start watching /data/system/packages.list ...
05-19 14:03:33.942  2820  2820 I logd    : ReadPackageList, total packages: 422
05-19 14:03:34.377   584   584 E         : :f_falg has O_NONBLOCK. EAGAIN
