05-19 14:03:34.398   584   584 E         : nfc_dev_ioctl bad cmd 1
05-19 14:03:35.263   520   520 I servicemanager: Caller(pid=1583,uid=1000,sid=u:r:system_server:s0) Could not find android.hardware.graphics.allocator.IAllocator/default in the VINTF manifest. No alternative instances declared in VINTF.
05-19 14:03:35.276   520   520 I servicemanager: Caller(pid=1583,uid=1000,sid=u:r:system_server:s0) Could not find android.hardware.graphics.allocator.IAllocator/default in the VINTF manifest. No alternative instances declared in VINTF.
05-19 14:03:35.662  2967  2967 W i2c_write: write failed, Maybe in Standby Mode - Retry(1)
05-19 14:03:35.665  2967  2967 E nfc_i2c_dev_write: failed to write -107
05-19 14:03:35.728  2316  2316 I [MIUS]  : mi_ultrasound_apr_set_parameter param_id 1 status 0
05-19 14:03:35.728  2316  2316 E elliptic_system_configuration_param_put: reg: 0 shift: 4 val: 833
05-19 14:03:35.728     0     0 E [    C3] afe_callback: cmd = 0x100fa returned error = 0x2
05-19 14:03:35.728  2316  2316 E afe_set_parameter: set param cmd failed
05-19 14:03:35.729  2316  2316 E [ELUS]  : (elliptic_data_write) : Failed write to DSP
05-19 14:03:35.731  2316  2316 E elliptic_system_configuration_param_put: reg: 0 shift: 28 val: 1
05-19 14:03:35.732     0     0 E [    C3] afe_callback: cmd = 0x100fa returned error = 0x2
05-19 14:03:35.733  2316  2316 E afe_set_parameter: set param cmd failed
05-19 14:03:35.733  2316  2316 E [ELUS]  : (elliptic_data_write) : Failed write to DSP
05-19 14:03:35.735  2316  2316 E elliptic_system_configuration_param_put: reg: 0 shift: 6 val: 7
05-19 14:03:35.736     0     0 E [    C3] afe_callback: cmd = 0x100fa returned error = 0x2
05-19 14:03:35.736  2316  2316 E afe_set_parameter: set param cmd failed
05-19 14:03:35.736  2316  2316 E [ELUS]  : (elliptic_data_write) : Failed write to DSP
05-19 14:03:35.737  2316  2316 D         : [MIUS] Via ULTRASOUND_TX_PORT_ID enable=1
05-19 14:03:35.741  2316  2316 E [MIUS]  : (mius_ultrasound_tx_port_set) : ultrasound_tx_port: enable=1 ret=0
05-19 14:03:35.744  2316  2316 E elliptic_system_configuration_param_put: reg: 0 shift: 8 val: 1
05-19 14:03:35.744  2316  2316 E [ELUS]  : (elliptic_system_configuration_param_put) : ELLIPTIC_SYSTEM_CONFIGURATION_CUSTOM_SETTING_XX csi:1
05-19 14:03:35.744  2316  2316 E [ELUS]  : (elliptic_system_configuration_param_put) : ucontrol->value.integer.value[0]:1
05-19 14:03:35.744  2316  2316 E [ELUS]  : (elliptic_system_configuration_param_put) : calling elliptic_data_write(custom_setting) csi:1
05-19 14:03:35.744     0     0 E [    C3] afe_callback: cmd = 0x100fa returned error = 0x2
05-19 14:03:35.744  2316  2316 E afe_set_parameter: set param cmd failed
05-19 14:03:35.744  2316  2316 E [ELUS]  : (elliptic_data_write) : Failed write to DSP
05-19 14:03:35.759  2316  2316 W CDC_DMA Hostless_USTX: DMA mask not set
05-19 14:03:35.784     0     0 D         : [    C3] [MIUS] mi ultrasound afe afe cb
05-19 14:03:35.784     0     0 D         : [    C3] [MIUS] mi us payload[3] = 0
05-19 14:03:35.784     0     0 I [    C3] us_afe_callback: data = 0
05-19 14:03:35.819  2316  2316 E         : tfa98xx_hw_params-1
05-19 14:03:35.819  2316  2316 D [tfa98xx] tfa98xx_hw_params(): Requested rate: 96000, sample size: 32, physical size: 32
05-19 14:03:35.819  2316  2316 D [tfa98xx] tfa98xx_hw_params(): tfa98xx_hw_params: Requested width: 32
05-19 14:03:35.819  2316  2316 D [tfa98xx] tfa98xx_hw_params(): mixer profile:container profile = [0:0]
05-19 14:03:35.819  2316  2316 E         : tfa98xx_hw_params-1
05-19 14:03:35.819  2316  2316 D [tfa98xx] tfa98xx_hw_params(): Requested rate: 96000, sample size: 32, physical size: 32
05-19 14:03:35.819  2316  2316 D [tfa98xx] tfa98xx_hw_params(): tfa98xx_hw_params: Requested width: 32
05-19 14:03:35.819  2316  2316 D [tfa98xx] tfa98xx_hw_params(): mixer profile:container profile = [0:0]
05-19 14:03:35.819  2316  2316 W CDC_DMA Hostless_USRX: DMA mask not set
05-19 14:03:35.824  2316  2316 E afe_get_cal_topology_id: cal_type 8 not initialized for this port 36866
05-19 14:03:35.824  2316  2316 E send_afe_cal_type: No cal sent for cal_index 0, port_id = 0x9002! ret -22
05-19 14:03:35.824  2316  2316 I afe_send_hw_delay: port_id 0x9002 rate 96000 delay_usec 0 status 0
05-19 14:03:35.827  2316  2316 I tfa98xx 1-0034: tfa98xx_mute: state: 0
05-19 14:03:35.827  2316  2316 E tfa98xx_mute-1 mute:  
05-19 14:03:35.828  2316  2316 I [tfa98xx] tfa98xx_adsp_send_calib_values(): Device 0x35 impendance:7364, cal value is 0x75d2f
05-19 14:03:35.830  2316  2316 I [tfa98xx] tfa98xx_adsp_send_calib_values(): Device 0x34 impendance:6250, cal value is 0x64000
05-19 14:03:35.830  2316  2316 I [tfa98xx] tfa98xx_adsp_send_calib_values(): tfa98xx_device_count=2  bytes[0]=2
05-19 14:03:35.830  2316  2316 I [tfa98xx] tfa98xx_adsp_send_calib_values(): calibration value send to host DSP.
05-19 14:03:35.845  2316  2316 D [tfa98xx] tfa98xx_mute(): [goodix] tfa98xx_mute dsp_init=0
05-19 14:03:35.845  2316  2316 D [tfa98xx] tfa98xx_dsp_init(): [goodix] tfa98xx_dsp_init  init_count=0
05-19 14:03:35.845  2316  2316 D [tfa98xx] tfa98xx_tfa_start(): tfa98xx_tfa_start  next_profile=0  vstep=0
05-19 14:03:35.845  2316  2316 D [tfa98xx] tfa_dev_start(): entry...
05-19 14:03:35.846  2316  2316 I [tfa98xx] tfa_dev_start(): Active_profile:NONE, next_profile:stereo
05-19 14:03:35.846  2316  2316 D [tfa98xx] show_current_state(): Current HW manager state:
05-19 14:03:35.846  2316  2316 D [tfa98xx] show_current_state(): power_down_state
05-19 14:03:35.846  2316  2316 D [tfa98xx] show_current_state(): Current HW manager state:
05-19 14:03:35.846  2316  2316 D [tfa98xx] show_current_state(): power_down_state
05-19 14:03:35.847  2316  2316 D [tfa98xx] tfaRunSpeakerBoost(): Startup of device [RCV] is a coldstart
05-19 14:03:35.847  2316  2316 D [tfa98xx] tfaRunSpeakerStartup(): tfaRunSpeakerStartup  force=0  profile=0
05-19 14:03:35.853  2316  2316 I info    : disabled FS synchronisation!
05-19 14:03:35.870  2316  2316 D [tfa98xx] tfa_dev_set_state(): tfa_dev_set_state()   state=3    is_calibration=0
05-19 14:03:35.872  2316  2316 D [tfa98xx] tfa98xx_dsp_system_stable(): tfa98xx_dsp_system_stable error=0  ready=0
05-19 14:03:35.872  2316  2316 D [tfa98xx] tfa98xx_dsp_system_stable(): tfa98xx_dsp_system_stable error=0  ready=0
05-19 14:03:35.872  2316  2316 D [tfa98xx] tfa98xx_dsp_system_stable(): tfa98xx_dsp_system_stable error=0  ready=0
05-19 14:03:35.873  2316  2316 D [tfa98xx] tfa98xx_dsp_system_stable(): tfa98xx_dsp_system_stable error=0  ready=0
05-19 14:03:35.873  2316  2316 D [tfa98xx] tfa98xx_dsp_system_stable(): tfa98xx_dsp_system_stable error=0  ready=0
05-19 14:03:35.873  2316  2316 D [tfa98xx] tfa98xx_dsp_system_stable(): tfa98xx_dsp_system_stable error=0  ready=0
05-19 14:03:35.874  2316  2316 D [tfa98xx] tfa98xx_dsp_system_stable(): tfa98xx_dsp_system_stable error=0  ready=0
05-19 14:03:35.878  2316  2316 D [tfa98xx] tfa98xx_dsp_system_stable(): tfa98xx_dsp_system_stable error=0  ready=1
05-19 14:03:35.878  2316  2316 D [tfa98xx] tfa_dev_set_state(): after performed tfa98xx_dsp_system_stable()  err=0 ready=1  loop=43
05-19 14:03:35.879  2316  2316 D [tfa98xx] show_current_state(): Current HW manager state:
05-19 14:03:35.879  2316  2316 D [tfa98xx] show_current_state(): operating_state
05-19 14:03:35.879  2316  2316 E [tfa98xx] tfaRunSpeakerStartup(): tfa_cf_enabled==0
05-19 14:03:35.881  2316  2316 D [tfa98xx] tfa_dev_start(): [goodix] tfa_dev_start after osc_powerdown
05-19 14:03:35.881  2316  2316 D [tfa98xx] tfa_dev_set_state(): tfa_dev_set_state()   state=5    is_calibration=0
05-19 14:03:35.884  2316  2316 D [tfa98xx] tfa_dev_set_state(): tfa->is_probus_device=1    is_calibration=0
05-19 14:03:35.885  2316  2316 D [tfa98xx] tfa_dev_start(): [goodix] tfa_dev_start after implemented tfa_dev_set_state()
05-19 14:03:35.885  2316  2316 D [tfa98xx] tfa_dev_start(): [goodix] tfa_dev_start after implemented tfaContWriteProfile()
05-19 14:03:35.886  2316  2316 D [tfa98xx] show_current_state(): Current HW manager state:
05-19 14:03:35.886  2316  2316 D [tfa98xx] show_current_state(): operating_state
05-19 14:03:35.888  2316  2316 D [tfa98xx] tfa_dev_start(): [goodix] tfa_dev_start end...
05-19 14:03:35.888  2316  2316 D [tfa98xx] show_current_state(): Current HW manager state:
05-19 14:03:35.888  2316  2316 D [tfa98xx] show_current_state(): operating_state
05-19 14:03:35.888  2316  2316 D [tfa98xx] tfa98xx_tfa_start(): tfa98xx_tfa_start  after performed tfa_dev_start return (0)
05-19 14:03:35.888  2316  2316 D tfa98xx 1-0034: tfa_dev_start success (0)
05-19 14:03:35.888  2316  2316 I tfa98xx 1-0035: tfa98xx_mute: state: 0
05-19 14:03:35.888  2316  2316 E tfa98xx_mute-1 mute:  
05-19 14:03:35.888  2316  2316 I [tfa98xx] tfa98xx_adsp_send_calib_values(): The calibration value was sent to host DSP.
05-19 14:03:35.888  2316  2316 D [tfa98xx] tfa98xx_mute(): [goodix] tfa98xx_mute dsp_init=0
05-19 14:03:35.888  2316  2316 D [tfa98xx] tfa98xx_dsp_init(): [goodix] tfa98xx_dsp_init  init_count=0
05-19 14:03:35.888  2316  2316 D [tfa98xx] tfa98xx_tfa_start(): tfa98xx_tfa_start  next_profile=0  vstep=0
05-19 14:03:35.888  2316  2316 D [tfa98xx] tfa_dev_start(): entry...
05-19 14:03:35.890  2316  2316 I [tfa98xx] tfa_dev_start(): Active_profile:NONE, next_profile:stereo
05-19 14:03:35.890  2316  2316 D [tfa98xx] show_current_state(): Current HW manager state:
05-19 14:03:35.890  2316  2316 D [tfa98xx] show_current_state(): power_down_state
05-19 14:03:35.892  2316  2316 D [tfa98xx] show_current_state(): Current HW manager state:
05-19 14:03:35.892  2316  2316 D [tfa98xx] show_current_state(): power_down_state
05-19 14:03:35.892  2316  2316 D [tfa98xx] tfaRunSpeakerBoost(): Startup of device [SPK] is a coldstart
05-19 14:03:35.892  2316  2316 D [tfa98xx] tfaRunSpeakerStartup(): tfaRunSpeakerStartup  force=0  profile=0
05-19 14:03:35.902  2316  2316 I info    : disabled FS synchronisation!
05-19 14:03:35.922  2316  2316 D [tfa98xx] tfa_dev_set_state(): tfa_dev_set_state()   state=3    is_calibration=0
05-19 14:03:35.924  2316  2316 D [tfa98xx] tfa98xx_dsp_system_stable(): tfa98xx_dsp_system_stable error=0  ready=0
05-19 14:03:35.925  2316  2316 D [tfa98xx] tfa98xx_dsp_system_stable(): tfa98xx_dsp_system_stable error=0  ready=0
05-19 14:03:35.925  2316  2316 D [tfa98xx] tfa98xx_dsp_system_stable(): tfa98xx_dsp_system_stable error=0  ready=0
05-19 14:03:35.926  2316  2316 D [tfa98xx] tfa98xx_dsp_system_stable(): tfa98xx_dsp_system_stable error=0  ready=0
05-19 14:03:35.926  2316  2316 D [tfa98xx] tfa98xx_dsp_system_stable(): tfa98xx_dsp_system_stable error=0  ready=0
05-19 14:03:35.926  2316  2316 D [tfa98xx] tfa98xx_dsp_system_stable(): tfa98xx_dsp_system_stable error=0  ready=0
05-19 14:03:35.927  2316  2316 D [tfa98xx] tfa98xx_dsp_system_stable(): tfa98xx_dsp_system_stable error=0  ready=0
05-19 14:03:35.927  2316  2316 D [tfa98xx] tfa98xx_dsp_system_stable(): tfa98xx_dsp_system_stable error=0  ready=1
05-19 14:03:35.927  2316  2316 D [tfa98xx] tfa_dev_set_state(): after performed tfa98xx_dsp_system_stable()  err=0 ready=1  loop=43
05-19 14:03:35.928  2316  2316 D [tfa98xx] show_current_state(): Current HW manager state:
05-19 14:03:35.928  2316  2316 D [tfa98xx] show_current_state(): operating_state
05-19 14:03:35.928  2316  2316 E [tfa98xx] tfaRunSpeakerStartup(): tfa_cf_enabled==0
05-19 14:03:35.934  2316  2316 D [tfa98xx] tfa_dev_start(): [goodix] tfa_dev_start after osc_powerdown
05-19 14:03:35.934  2316  2316 D [tfa98xx] tfa_dev_set_state(): tfa_dev_set_state()   state=5    is_calibration=0
05-19 14:03:35.934  2316  2316 D [tfa98xx] tfa_dev_set_state(): tfa->is_probus_device=1    is_calibration=0
05-19 14:03:35.935  2316  2316 D [tfa98xx] tfa_dev_start(): [goodix] tfa_dev_start after implemented tfa_dev_set_state()
05-19 14:03:35.935  2316  2316 D [tfa98xx] tfa_dev_start(): [goodix] tfa_dev_start after implemented tfaContWriteProfile()
05-19 14:03:35.936  2316  2316 D [tfa98xx] show_current_state(): Current HW manager state:
05-19 14:03:35.936  2316  2316 D [tfa98xx] show_current_state(): operating_state
05-19 14:03:35.938  2316  2316 D [tfa98xx] tfa_dev_start(): [goodix] tfa_dev_start end...
05-19 14:03:35.938  2316  2316 D [tfa98xx] show_current_state(): Current HW manager state:
05-19 14:03:35.938  2316  2316 D [tfa98xx] show_current_state(): operating_state
05-19 14:03:35.938  2316  2316 D [tfa98xx] tfa98xx_tfa_start(): tfa98xx_tfa_start  after performed tfa_dev_start return (0)
05-19 14:03:35.938  2316  2316 D tfa98xx 1-0035: tfa_dev_start success (0)
05-19 14:03:35.938  2316  2316 D [tfa98xx] tfa_dev_set_state(): tfa_dev_set_state()   state=32    is_calibration=0
05-19 14:03:35.938  2316  2316 D [tfa98xx] tfa_dev_set_state(): tfa_dev_set_state()   state=32    is_calibration=0
05-19 14:03:35.940  2316  2316 I us_afe_callback: data = 0
05-19 14:03:35.940  2316  2316 I [MIUS]  : mi_ultrasound_apr_set_parameter force reprot event 0 ret 0
05-19 14:03:35.945   520   520 I servicemanager: Caller(pid=1032,uid=1000,sid=u:r:hal_sensors_default:s0) Found android.system.suspend.ISystemSuspend/default in framework VINTF manifest.
05-19 14:03:36.037   577   577 E         : nfc_dev_ioctl bad cmd 0
05-19 14:03:36.405   520   520 I servicemanager: Caller(pid=1555,uid=1000,sid=u:r:vendor_cnd:s0) Found android.system.suspend.ISystemSuspend/default in framework VINTF manifest.
05-19 14:03:36.549   936   936 E BATTERY_CHG: get_property_id: No property id for property 65 in psy battery
05-19 14:03:36.549   936   936 E BATTERY_CHG: get_property_id: No property id for property 65 in psy usb
05-19 14:03:36.561  1028  1028 W healthd : battery l=31 v=3674 t=39.0 h=2 st=2 c=1081863 fc=3563000 cc=573 chg=u
05-19 14:03:38.808     1     1 I init    : Service 'bootanim' (pid 1322) exited with status 0 oneshot service took 13.067000 seconds in background
05-19 14:03:38.808     1     1 I init    : Sending SIGKILL to service 'bootanim' (pid 1322) process group...
05-19 14:03:38.809     1     1 I libprocessgroup: Removed cgroup /sys/fs/cgroup/system/uid_1003/pid_1322
05-19 14:03:38.867   520   520 I servicemanager: Caller(pid=536,uid=0,sid=u:r:vold:s0) Found android.hardware.boot.IBootControl/default in device VINTF manifest.
05-19 14:03:38.987   520   520 I servicemanager: Caller(pid=574,uid=1017,sid=u:r:keystore:s0) Could not find android.hardware.security.keymint.IRemotelyProvisionedComponent/default in the VINTF manifest. No alternative instances declared in VINTF.
05-19 14:03:39.041    53    53 I camera_front_vana_ldo: disabling
05-19 14:03:39.041    53    53 I camera_front_vdig_ldo: disabling
05-19 14:03:39.041    53    53 I pm8008i-chip-en: disabling
05-19 14:03:39.094   520   520 I servicemanager: Caller(pid=1198,uid=1000,sid=u:r:surfaceflinger:s0) Found android.hardware.power.IPower/default in device VINTF manifest.
--------- beginning of system
05-19 14:03:39.100  1583  2307 D CompatChangeReporter: Compat change id reported: 262645982; UID 10356; state: ENABLED
05-19 14:03:39.129  1583  2661 I Telecom : TelecomServiceImpl$1: registerPhoneAccount: account=[[ ] PhoneAccount: ComponentInfo{com.android.phone/com.android.services.telephony.TelephonyConnectionService}, 2, UserHandle{0} Capabilities: SuppVideo CallProvider MultiUser PlaceEmerg SimSub  Audio Routes: BESW Schemes: tel voicemail  Extras: Bundle[{android.telecom.extra.SUPPORTS_VIDEO_CALLING_FALLBACK=true, android.telecom.extra.SORT_ORDER=0}] GroupId: *** SC Restrictions: [ ]]: TSI.rPA(cap)@AJA
05-19 14:03:39.130  5357  5357 W ActivityThread: Failed to find provider info for bluetooth_legacy.provider (user not unlocked)
05-19 14:03:39.130  1583  2661 I Telecom : PhoneAccountRegistrar: Modify account: [ComponentInfo{com.android.phone/com.android.services.telephony.TelephonyConnectionService}, 2, UserHandle{0}]: TSI.rPA(cap)@AJA
05-19 14:03:39.132  1583  2661 I Telecom : CallsManager: handlePhoneAccountChanged: phoneAccount=[[X] PhoneAccount: ComponentInfo{com.android.phone/com.android.services.telephony.TelephonyConnectionService}, 2, UserHandle{0} Capabilities: SuppVideo CallProvider MultiUser PlaceEmerg SimSub  Audio Routes: BESW Schemes: tel voicemail  Extras: Bundle[{android.telecom.extra.SUPPORTS_VIDEO_CALLING_FALLBACK=true, android.telecom.extra.SORT_ORDER=0}] GroupId: *** SC Restrictions: [ ]]: TSI.rPA(cap)@AJA
05-19 14:03:39.134  1583  2661 I Telecom : PhoneAccountRegistrar: getSimCallManager: SimCallManager for subId 2 queried, returning: null: TSI.rPA(cap)@AJA
05-19 14:03:39.135  1583  2661 I Telecom : PhoneAccountRegistrar: Notifying telephony of voice service override change for 1 SIMs, hasService = false: TSI.rPA(cap)@AJA
05-19 14:03:39.135  1583  5388 E SettingsToPropertiesMapper: failed to connect to aconfigd_system socket
05-19 14:03:39.135  1583  5388 E SettingsToPropertiesMapper: java.io.IOException: No such file or directory
05-19 14:03:39.135  1583  5388 E SettingsToPropertiesMapper: 	at android.net.LocalSocketImpl.connectLocal(Native Method)
05-19 14:03:39.135  1583  5388 E SettingsToPropertiesMapper: 	at android.net.LocalSocketImpl.connect(LocalSocketImpl.java:259)
05-19 14:03:39.135  1583  5388 E SettingsToPropertiesMapper: 	at android.net.LocalSocket.connect(LocalSocket.java:162)
05-19 14:03:39.135  1583  5388 E SettingsToPropertiesMapper: 	at com.android.server.am.SettingsToPropertiesMapper.sendAconfigdRequests(SettingsToPropertiesMapper.java:270)
05-19 14:03:39.135  1583  5388 E SettingsToPropertiesMapper: 	at com.android.server.am.SettingsToPropertiesMapper.sendAconfigdRequests(SettingsToPropertiesMapper.java:239)
05-19 14:03:39.135  1583  5388 E SettingsToPropertiesMapper: 	at com.android.server.am.SettingsToPropertiesMapper.stageFlagsInNewStorage(SettingsToPropertiesMapper.java:558)
05-19 14:03:39.135  1583  5388 E SettingsToPropertiesMapper: 	at com.android.server.am.SettingsToPropertiesMapper.$r8$lambda$xaooDt4T3agG1Hk5_pT9j0XnxEM(SettingsToPropertiesMapper.java:216)
05-19 14:03:39.135  1583  5388 E SettingsToPropertiesMapper: 	at com.android.server.am.SettingsToPropertiesMapper$$ExternalSyntheticLambda1.onPropertiesChanged(R8$$SyntheticClass:0)
05-19 14:03:39.135  1583  5388 E SettingsToPropertiesMapper: 	at android.provider.DeviceConfig.lambda$handleChange$1(DeviceConfig.java:1796)
05-19 14:03:39.135  1583  5388 E SettingsToPropertiesMapper: 	at android.provider.DeviceConfig$$ExternalSyntheticLambda0.run(D8$$SyntheticClass:0)
05-19 14:03:39.135  1583  5388 E SettingsToPropertiesMapper: 	at java.util.concurrent.Executors$RunnableAdapter.call(Executors.java:520)
05-19 14:03:39.135  1583  5388 E SettingsToPropertiesMapper: 	at java.util.concurrent.FutureTask.run(FutureTask.java:317)
05-19 14:03:39.135  1583  5388 E SettingsToPropertiesMapper: 	at java.util.concurrent.ScheduledThreadPoolExecutor$ScheduledFutureTask.run(ScheduledThreadPoolExecutor.java:348)
05-19 14:03:39.135  1583  5388 E SettingsToPropertiesMapper: 	at java.util.concurrent.ThreadPoolExecutor.runWorker(ThreadPoolExecutor.java:1154)
05-19 14:03:39.135  1583  5388 E SettingsToPropertiesMapper: 	at java.util.concurrent.ThreadPoolExecutor$Worker.run(ThreadPoolExecutor.java:652)
05-19 14:03:39.135  1583  5388 E SettingsToPropertiesMapper: 	at java.lang.Thread.run(Thread.java:1563)
05-19 14:03:39.137  1583  5388 E SettingsToPropertiesMapper: failed to connect to aconfigd_mainline socket
05-19 14:03:39.137  1583  5388 E SettingsToPropertiesMapper: java.io.IOException: No such file or directory
05-19 14:03:39.137  1583  5388 E SettingsToPropertiesMapper: 	at android.net.LocalSocketImpl.connectLocal(Native Method)
05-19 14:03:39.137  1583  5388 E SettingsToPropertiesMapper: 	at android.net.LocalSocketImpl.connect(LocalSocketImpl.java:259)
05-19 14:03:39.137  1583  5388 E SettingsToPropertiesMapper: 	at android.net.LocalSocket.connect(LocalSocket.java:162)
05-19 14:03:39.137  1583  5388 E SettingsToPropertiesMapper: 	at com.android.server.am.SettingsToPropertiesMapper.sendAconfigdRequests(SettingsToPropertiesMapper.java:270)
05-19 14:03:39.137  1583  5388 E SettingsToPropertiesMapper: 	at com.android.server.am.SettingsToPropertiesMapper.sendAconfigdRequests(SettingsToPropertiesMapper.java:249)
05-19 14:03:39.137  1583  5388 E SettingsToPropertiesMapper: 	at com.android.server.am.SettingsToPropertiesMapper.stageFlagsInNewStorage(SettingsToPropertiesMapper.java:558)
05-19 14:03:39.137  1583  5388 E SettingsToPropertiesMapper: 	at com.android.server.am.SettingsToPropertiesMapper.$r8$lambda$xaooDt4T3agG1Hk5_pT9j0XnxEM(SettingsToPropertiesMapper.java:216)
05-19 14:03:39.137  1583  5388 E SettingsToPropertiesMapper: 	at com.android.server.am.SettingsToPropertiesMapper$$ExternalSyntheticLambda1.onPropertiesChanged(R8$$SyntheticClass:0)
05-19 14:03:39.137  1583  5388 E SettingsToPropertiesMapper: 	at android.provider.DeviceConfig.lambda$handleChange$1(DeviceConfig.java:1796)
05-19 14:03:39.137  1583  5388 E SettingsToPropertiesMapper: 	at android.provider.DeviceConfig$$ExternalSyntheticLambda0.run(D8$$SyntheticClass:0)
05-19 14:03:39.137  1583  5388 E SettingsToPropertiesMapper: 	at java.util.concurrent.Executors$RunnableAdapter.call(Executors.java:520)
05-19 14:03:39.137  1583  5388 E SettingsToPropertiesMapper: 	at java.util.concurrent.FutureTask.run(FutureTask.java:317)
05-19 14:03:39.137  1583  5388 E SettingsToPropertiesMapper: 	at java.util.concurrent.ScheduledThreadPoolExecutor$ScheduledFutureTask.run(ScheduledThreadPoolExecutor.java:348)
05-19 14:03:39.137  1583  5388 E SettingsToPropertiesMapper: 	at java.util.concurrent.ThreadPoolExecutor.runWorker(ThreadPoolExecutor.java:1154)
05-19 14:03:39.137  1583  5388 E SettingsToPropertiesMapper: 	at java.util.concurrent.ThreadPoolExecutor$Worker.run(ThreadPoolExecutor.java:652)
05-19 14:03:39.137  1583  5388 E SettingsToPropertiesMapper: 	at java.lang.Thread.run(Thread.java:1563)
05-19 14:03:39.145  1583  2137 W SystemServiceManager: Service com.android.server.infinity.CustomDeviceConfigService took 165 ms in onBootPhase
05-19 14:03:39.145  1583  2137 D ActivityManagerTiming: OnBootPhase_1000_com.android.server.HideAppListService
05-19 14:03:39.145  1583  2137 D ActivityManagerTiming: OnBootPhase_1000_com.android.server.media.projection.MediaProjectionManagerService
05-19 14:03:39.145  1583  2137 D ActivityManagerTiming: OnBootPhase_1000_com.android.server.slice.SliceManagerService$Lifecycle
05-19 14:03:39.145  1583  2137 D ActivityManagerTiming: OnBootPhase_1000_com.android.server.stats.StatsCompanion$Lifecycle
05-19 14:03:39.146  1583  2137 D ActivityManagerTiming: OnBootPhase_1000_com.android.server.scheduling.RebootReadinessManagerService$Lifecycle
05-19 14:03:39.146  1583  2137 D ActivityManagerTiming: OnBootPhase_1000_com.android.server.stats.pull.StatsPullAtomService
05-19 14:03:39.146  1583  2137 D ActivityManagerTiming: OnBootPhase_1000_com.android.server.stats.bootstrap.StatsBootstrapAtomService$Lifecycle
05-19 14:03:39.146  1583  2137 D ActivityManagerTiming: OnBootPhase_1000_com.android.server.incident.IncidentCompanionService
05-19 14:03:39.146  1583  2137 D ActivityManagerTiming: OnBootPhase_1000_com.android.server.sdksandbox.SdkSandboxManagerService$Lifecycle
05-19 14:03:39.146  1583  2137 D ActivityManagerTiming: OnBootPhase_1000_com.android.server.adservices.AdServicesManagerService$Lifecycle
05-19 14:03:39.146  1583  2137 D ActivityManagerTiming: OnBootPhase_1000_com.android.server.ondevicepersonalization.OnDevicePersonalizationSystemService$Lifecycle
05-19 14:03:39.146  1583  2137 D ActivityManagerTiming: OnBootPhase_1000_android.os.profiling.ProfilingService$Lifecycle
05-19 14:03:39.146  1583  2137 D ActivityManagerTiming: OnBootPhase_1000_com.android.server.MmsServiceBroker
05-19 14:03:39.146  1583  2137 D ActivityManagerTiming: OnBootPhase_1000_com.android.server.autofill.AutofillManagerService
05-19 14:03:39.146  1583  2137 D ActivityManagerTiming: OnBootPhase_1000_com.android.server.credentials.CredentialManagerService
05-19 14:03:39.146  1583  2137 D ActivityManagerTiming: OnBootPhase_1000_com.android.server.clipboard.ClipboardService
05-19 14:03:39.146  1583  2137 D ActivityManagerTiming: OnBootPhase_1000_com.android.server.selectiontoolbar.SelectionToolbarManagerService
05-19 14:03:39.146  1583  2137 D ActivityManagerTiming: OnBootPhase_1000_com.android.server.appbinding.AppBindingService$Lifecycle
05-19 14:03:39.146  1583  2137 D ActivityManagerTiming: OnBootPhase_1000_com.android.server.tracing.TracingServiceProxy
05-19 14:03:39.146  1583  2137 D ActivityManagerTiming: OnBootPhase_1000_com.android.server.os.instrumentation.DynamicInstrumentationManagerService
05-19 14:03:39.146  1583  2137 D ActivityManagerTiming: OnBootPhase_1000_org.lineageos.platform.internal.ProfileManagerService
05-19 14:03:39.146  1583  2137 D ActivityManagerTiming: OnBootPhase_1000_org.lineageos.platform.internal.LineageHardwareService
05-19 14:03:39.148  1583  2137 D ActivityManagerTiming: OnBootPhase_1000_org.lineageos.platform.internal.display.LiveDisplayService
05-19 14:03:39.149  1583  1583 E AutofillManagerServiceImpl: Bad service name: com.google.android.gms/.autofill.service.AutofillService
05-19 14:03:39.149  1583  1583 E RemoteAugmentedAutofillService: Bad service name for flags 1048704: com.google.android.as/com.google.android.apps.miphone.aiai.app.AiAiAugmentedAutofillService
05-19 14:03:39.150   520   520 I servicemanager: Caller(pid=1583,uid=1000,sid=u:r:system_server:s0) Could not find vendor.lineage.livedisplay.IAdaptiveBacklight/default in the VINTF manifest. No alternative instances declared in VINTF.
05-19 14:03:39.153   520   520 I servicemanager: Caller(pid=1583,uid=1000,sid=u:r:system_server:s0) Could not find vendor.lineage.livedisplay.IColorEnhancement/default in the VINTF manifest. No alternative instances declared in VINTF.
05-19 14:03:39.154   520   520 I servicemanager: Caller(pid=1583,uid=1000,sid=u:r:system_server:s0) Could not find vendor.lineage.livedisplay.IAutoContrast/default in the VINTF manifest. No alternative instances declared in VINTF.
05-19 14:03:39.160  1583  2137 D ActivityManagerTiming: OnBootPhase_1000_org.lineageos.platform.internal.TrustInterfaceService
05-19 14:03:39.160  1583  2137 D ActivityManagerTiming: OnBootPhase_1000_org.lineageos.platform.internal.LineageSettingsService
05-19 14:03:39.160  1583  2137 D ActivityManagerTiming: OnBootPhase_1000_org.lineageos.platform.internal.LineageGlobalActionsService
05-19 14:03:39.161  1583  2137 D ActivityManagerTiming: OnBootPhase_1000_org.lineageos.platform.internal.health.HealthInterfaceService
05-19 14:03:39.161  1135  1135 E BATTERY_CHG: input_suspend_store: set charger input suspend 0
05-19 14:03:39.163  1583  2137 D ActivityManagerTiming: OnBootPhase_1000_com.android.server.policy.PermissionPolicyService
05-19 14:03:39.163  1583  1583 E AppOps  : attributionTag twilight not declared in manifest of android
05-19 14:03:39.163  1583  2137 D ActivityManagerTiming: OnBootPhase_1000_com.android.server.pm.StagingManager$Lifecycle
05-19 14:03:39.163   784   784 I libbinder.AidlLazyServiceRegistrar: Process has 1 (of 1 available) client(s) in use after notification apexservice has clients: 1
05-19 14:03:39.164  1583  2137 D ActivityManagerTiming: OnBootPhase_1000_com.android.server.crashrecovery.CrashRecoveryModule$Lifecycle
05-19 14:03:39.164  1583  2137 D ActivityManagerTiming: OnBootPhase_1000_com.android.server.app.GameManagerService$Lifecycle
05-19 14:03:39.164  1583  2137 D GameManagerService: onBootCompleted
05-19 14:03:39.163   784   784 I libbinder.AidlLazyServiceRegistrar: Shutdown prevented by forcePersist override flag.
05-19 14:03:39.164  1583  2137 V GameManagerService: Game loading power mode OFF (game manager service start/restart)
05-19 14:03:39.164   784   784 I apexd   : markBootCompleted() received by ApexService
05-19 14:03:39.165  1583  2137 V GameManagerService: Game power mode OFF (game manager service start/restart)
05-19 14:03:39.165  1583  2137 V GameManagerService: Game Default Frame Rate : 90.0
05-19 14:03:39.165  1583  2137 D ActivityManagerTiming: OnBootPhase_1000_com.android.server.ranging.RangingService
05-19 14:03:39.165  1583  2137 D ActivityManagerTiming: OnBootPhase_1000_com.android.safetycenter.SafetyCenterService
05-19 14:03:39.165  1583  2137 D ActivityManagerTiming: OnBootPhase_1000_com.android.server.appsearch.AppSearchModule$Lifecycle
05-19 14:03:39.166  1583  2137 D ActivityManagerTiming: OnBootPhase_1000_com.android.server.media.MediaCommunicationService
05-19 14:03:39.166  1583  2137 D ActivityManagerTiming: OnBootPhase_1000_com.android.server.compat.overrides.AppCompatOverridesService$Lifecycle
05-19 14:03:39.166  1583  2137 D ActivityManagerTiming: OnBootPhase_1000_com.android.server.power.SleepModeService
05-19 14:03:39.166  1583  2137 V SleepModeService: onBootPhase PHASE_BOOT_COMPLETED
05-19 14:03:39.166  1583  2137 D ActivityManagerTiming: OnBootPhase_1000_com.android.server.healthconnect.HealthConnectManagerService
05-19 14:03:39.166  1583  2137 D ActivityManagerTiming: OnBootPhase_1000_com.android.server.devicelock.DeviceLockService
05-19 14:03:39.166  1583  2137 D DeviceLockService: onBootPhase: 1000
05-19 14:03:39.166  1583  2137 D ActivityManagerTiming: OnBootPhase_1000_com.android.server.SensitiveContentProtectionManagerService
05-19 14:03:39.167  1583  2137 V ActivityManagerTiming: TotalBootTime took to complete: 10007ms
05-19 14:03:39.167  1583  2137 D SystemServerInitThreadPool: Shutdown requested
05-19 14:03:39.167  1583  2137 D SystemServerTiming: WaitInitThreadPoolShutdown
05-19 14:03:39.168  1583  1583 V SleepModeService: alarm cancelled
05-19 14:03:39.168  1583  2137 D SystemServerInitThreadPool: Shutdown successful
05-19 14:03:39.170  1583  2137 I UserController.UserState: User 0 state changed from BOOTING to RUNNING_LOCKED
05-19 14:03:39.170  1583  2137 D SystemServerTiming: broadcastIntent-0-android.intent.action.LOCKED_BOOT_COMPLETED
05-19 14:03:39.170   574   587 I keystore2: system/security/keystore2/src/globals.rs:473 - wait_for_boot_completed done, triggering GC
05-19 14:03:39.172  1583  2137 D LockSettingsService: Not unlocking CE storage for user 0 yet because user is secured
05-19 14:03:39.172  1583  2137 D SystemServerTiming: finishUserUnlocking-0
05-19 14:03:39.173  1583  2137 D WindowManager: Direct invocation of sendNewConfiguration: Display{#0 state=ON size=1080x2400 ROTATION_0}
05-19 14:03:39.174  1583  2137 D ColorDisplayService: setUp: currentUser=0
05-19 14:03:39.171     1     1 I init    : processing action (sys.boot_completed=1) from (/system/etc/init/hw/init.rc:1301)
05-19 14:03:39.172     1     1 I init    : starting service 'exec 42 (/bin/rm -rf /data/per_boot)'...
05-19 14:03:39.176  1583  2137 D ColorDisplayService: Setting bright color reduction level: 50
05-19 14:03:39.177  1583  2172 I AutomaticBrightnessController: Resetting short term model
05-19 14:03:39.180  1583  2148 I ActivityManager: Start proc 5396:android.ext.services/u0a360 for on-hold
05-19 14:03:39.180  1583  2172 I DisplayPowerController[0]: BrightnessEvent: brt=0.023414334(27.0%), nits=27.808971, lux=-1.0, reason=manual, strat=FallbackBrightnessStrategy, state=ON, stateReason=DEFAULT_POLICY, policy=BRIGHT, flags=, initBrt=0.023414334, rcmdBrt=NaN, preBrt=NaN, preLux=0.0, wasShortTermModelActive=false, autoBrightness=false (default), unclampedBrt=0.023414334, hbmMax=1.0, hbmMode=off, thrmMax=1.0, rbcStrength=50, powerFactor=1.0, physDisp=Built-in Screen(local:4630946480857061762), logicalId=0, slowChange=false, rampSpeed=0.70472443
05-19 14:03:39.193  1583  2289 I Telecom : TelecomServiceImpl$1: registerPhoneAccount: account=[[ ] PhoneAccount: ComponentInfo{com.android.phone/com.android.services.telephony.TelephonyConnectionService}, 1, UserHandle{0} Capabilities: SuppVideo CallProvider MultiUser PlaceEmerg SimSub  Audio Routes: BESW Schemes: tel voicemail  Extras: Bundle[{android.telecom.extra.SUPPORTS_VIDEO_CALLING_FALLBACK=true, android.telecom.extra.SORT_ORDER=1}] GroupId: *** SC Restrictions: [ ]]: TSI.rPA(cap)@AJE
05-19 14:03:39.194  1583  2289 I Telecom : PhoneAccountRegistrar: Modify account: [ComponentInfo{com.android.phone/com.android.services.telephony.TelephonyConnectionService}, 1, UserHandle{0}]: TSI.rPA(cap)@AJE
05-19 14:03:39.196     1     1 I init    : ... started service 'exec 42 (/bin/rm -rf /data/per_boot)' has pid 5397
05-19 14:03:39.196     1     1 I init    : SVC_EXEC service 'exec 42 (/bin/rm -rf /data/per_boot)' pid 5397 (uid 1000 gid 1000+0 context default) started; waiting...
05-19 14:03:39.199  1583  2137 D ColorDisplayService: onNightDisplayAutoModeChanged: autoMode=0
05-19 14:03:39.200  1583  2137 I ColorDisplayService: Turning off night display
05-19 14:03:39.200  1583  2137 D ColorDisplayService: Setting bright color reduction level: 50
05-19 14:03:39.200  1583  2137 I ColorDisplayService: Turning off reduce bright colors
05-19 14:03:39.201  1583  2172 I AutomaticBrightnessController: Resetting short term model
05-19 14:03:39.201  1583  2289 I Telecom : CallsManager: handlePhoneAccountChanged: phoneAccount=[[X] PhoneAccount: ComponentInfo{com.android.phone/com.android.services.telephony.TelephonyConnectionService}, 1, UserHandle{0} Capabilities: SuppVideo CallProvider MultiUser PlaceEmerg SimSub  Audio Routes: BESW Schemes: tel voicemail  Extras: Bundle[{android.telecom.extra.SUPPORTS_VIDEO_CALLING_FALLBACK=true, android.telecom.extra.SORT_ORDER=1}] GroupId: *** SC Restrictions: [ ]]: TSI.rPA(cap)@AJE
05-19 14:03:39.202  1583  2172 I AutomaticBrightnessController: Resetting short term model
05-19 14:03:39.203  1583  2289 I Telecom : PhoneAccountRegistrar: getSimCallManager: SimCallManager for subId 1 queried, returning: null: TSI.rPA(cap)@AJE
05-19 14:03:39.203  1583  2289 I Telecom : PhoneAccountRegistrar: Notifying telephony of voice service override change for 1 SIMs, hasService = false: TSI.rPA(cap)@AJE
05-19 14:03:39.224     1     1 I init    : Service 'exec 42 (/bin/rm -rf /data/per_boot)' (pid 5397) exited with status 0 waiting took 0.036000 seconds
05-19 14:03:39.224     1     1 I init    : Sending SIGKILL to service 'exec 42 (/bin/rm -rf /data/per_boot)' (pid 5397) process group...
05-19 14:03:39.224   610   610 I apexd   : Deleting unused dm device com.android.i18n
05-19 14:03:39.224     1     1 I libprocessgroup: Removed cgroup /sys/fs/cgroup/system/uid_1000/pid_5397
05-19 14:03:39.251  5409  5409 I KernelSU: ksu fd installed: 5 for pid 5409
05-19 14:03:39.251  5409  5409 I KernelSU: [5409] install ksu fd: 5
05-19 14:03:39.251  5409  5409 I KernelSU: boot_complete triggered
05-19 14:03:39.251  5409  5409 I KernelSU: on_boot_completed!
05-19 14:03:39.252   610   610 I apexd   : Deleting unused dm device com.android.runtime
05-19 14:03:39.266  2680  2680 W ContextImpl: Calling a method in the system process without a qualified user: android.app.ContextImpl.startService:2062 android.content.ContextWrapper.startService:870 android.content.ContextWrapper.startService:870 org.lunaris.dolby.service.DolbyEffectService$Companion.start:76 org.lunaris.dolby.BootCompletedReceiver.onReceive:29 
05-19 14:03:39.269   610   610 I apexd   : Deleting unused dm device com.android.rkpd
05-19 14:03:39.288  5409  5409 I KernelSU: ksu fd released
05-19 14:03:39.314   610   610 I apexd   : Deleting unused dm device com.android.healthfitness
05-19 14:03:39.316  2750  2750 W ContextImpl: Calling a method in the system process without a qualified user: android.app.ContextImpl.startService:2062 android.content.ContextWrapper.startService:870 android.content.ContextWrapper.startService:870 org.protonaosp.columbus.BootReceiver.onReceive:11 android.app.ActivityThread.handleReceiver:5302 
05-19 14:03:39.319  1583  1583 V NotificationHistory: Attempted to add notif for locked/gone/disabled user 0
05-19 14:03:39.321   575   575 I android.hardware.boot-service.qti: [libfstab] dt_fstab: Skip disabled entry for partition vendor
05-19 14:03:39.323   575   575 I android.hardware.boot-service.qti: [libfstab] dt_fstab: Skip disabled entry for partition vendor
05-19 14:03:39.324   610   610 I apexd   : Deleting unused dm device com.android.apex.cts.shim
05-19 14:03:39.325   575   575 I bootcontrolhal: set_snapshot_merge_status: MergeStatus = 0, current_slot = 1, returning: true
05-19 14:03:39.325   575   575 I bootcontrolhal:  
05-19 14:03:39.328   610   610 I apexd   : Deleting unused dm device com.android.sdkext
05-19 14:03:39.336  5429  5429 E batterysecret: platform_device: 0
05-19 14:03:39.338   610   610 I apexd   : Deleting unused dm device com.android.os.statsd
05-19 14:03:39.338  5429  5429 E batterysecret: get charge type /sys/class/qcom-battery/real_type = USB
05-19 14:03:39.343  1583  2335 W ContextImpl: Calling a method in the system process without a qualified user: android.app.ContextImpl.sendBroadcastMultiplePermissions:1358 android.content.Context.sendBroadcastMultiplePermissions:2796 com.android.server.TelephonyRegistry.broadcastServiceStateChanged:4172 com.android.server.TelephonyRegistry.notifyServiceStateForPhoneId:1848 com.android.internal.telephony.ITelephonyRegistry$Stub.onTransact:613 
05-19 14:03:39.364  1583  2335 W ContextImpl: Calling a method in the system process without a qualified user: android.app.ContextImpl.sendBroadcastMultiplePermissions:1391 com.android.server.TelephonyRegistry.broadcastServiceStateChanged:4177 com.android.server.TelephonyRegistry.notifyServiceStateForPhoneId:1848 com.android.internal.telephony.ITelephonyRegistry$Stub.onTransact:613 android.os.Binder.execTransactInternal:1473 
05-19 14:03:39.367  1583  2148 I ActivityManager: Start proc 5440:com.google.android.apps.wellbeing/u0a309 for broadcast {com.google.android.apps.wellbeing/com.google.android.apps.wellbeing.common.receiver.coalescedreceivers.LockedBootCompletedCoalescedBroadcast_Receiver}
05-19 14:03:39.369  1583  2335 W ContextImpl: Calling a method in the system process without a qualified user: android.app.ContextImpl.sendBroadcastMultiplePermissions:1391 com.android.server.TelephonyRegistry.broadcastServiceStateChanged:4186 com.android.server.TelephonyRegistry.notifyServiceStateForPhoneId:1848 com.android.internal.telephony.ITelephonyRegistry$Stub.onTransact:613 android.os.Binder.execTransactInternal:1473 
05-19 14:03:39.371  1583  2335 W ContextImpl: Calling a method in the system process without a qualified user: android.app.ContextImpl.sendBroadcastMultiplePermissions:1391 com.android.server.TelephonyRegistry.broadcastServiceStateChanged:4192 com.android.server.TelephonyRegistry.notifyServiceStateForPhoneId:1848 com.android.internal.telephony.ITelephonyRegistry$Stub.onTransact:613 android.os.Binder.execTransactInternal:1473 
05-19 14:03:39.397  1583  2148 I ActivityManager: Start proc 5448:com.google.android.gms/u0a296 for service {com.google.android.gms/com.google.android.gms.chimera.GmsIntentOperationService}
05-19 14:03:39.464  1583  1583 I Telecom : PhoneAccountRegistrar: getSimCallManager: SimCallManager for subId 2 queried, returning: null: TSI.gSCMFU(a)@AJQ
05-19 14:03:39.471  1583  1583 V NotificationManagerService.NotificationAssistants: 0 notification assistant service connected: ComponentInfo{android.ext.services/android.ext.services.notification.Assistant}
05-19 14:03:39.471  1583  2631 D OomAdjuster: Not killing cached processes
05-19 14:03:39.479  1583  2425 E AppOps  : attributionTag VCN not declared in manifest of android
05-19 14:03:39.490  1583  2425 I VcnManagementService: new snapshot: TelephonySubscriptionSnapshot{ mActiveDataSubId=1, mSubIdToInfoMap={}, mSubIdToCarrierConfigMap={2=PersistableBundle[{carrier_config_applied_bool=true, carrier_config_version_string=}]}, mPrivilegedPackages={} }
05-19 14:03:39.502  1583  1583 I ExplicitHealthCheckController: Explicit health check service is connected ComponentInfo{android.ext.services/android.ext.services.watchdog.ExplicitHealthCheckServiceImpl}
05-19 14:03:39.506  1583  1583 I ExplicitHealthCheckController: Service initialized, syncing requests
05-19 14:03:39.506  1583  1583 I PackageWatchdog: Syncing health check requests for packages: {}
05-19 14:03:39.506  1583  1583 D ExplicitHealthCheckController: Getting health check supported packages
05-19 14:03:39.511  1583  2661 I ExplicitHealthCheckController: Explicit health check supported packages [PackageConfig{com.android.networkstack, 86400000}]
05-19 14:03:39.511  1583  2661 D PackageWatchdog: Received supported packages [PackageConfig{com.android.networkstack, 86400000}]
05-19 14:03:39.512  1583  2661 D ExplicitHealthCheckController: Getting health check requested packages
05-19 14:03:39.512  1583  5488 I ExplicitHealthCheckController: Explicit health check requested packages []
05-19 14:03:39.512  1583  5488 I ExplicitHealthCheckController: No more health check requests, unbinding...
05-19 14:03:39.546  1583  5488 I ExplicitHealthCheckController: Explicit health check service is unbound
05-19 14:03:39.547  1583  2148 I ActivityManager: Start proc 5492:android.process.acore/u0a261 for content provider {com.android.providers.blockednumber/com.android.providers.blockednumber.BlockedNumberProvider}
05-19 14:03:39.575  1583  2631 E AppOps  : attributionTag VCN not declared in manifest of android
05-19 14:03:39.610  5532  5532 W bt_ioctl: BT_CMD_PWR_CTRL pwr_cntrl: 0
05-19 14:03:39.610  5532  5532 E bt_ioctl: BT chip state is already: 0 no change
05-19 14:03:39.610  5532  5532 W bt_ioctl: BT_CMD_PWR_CTRL pwr_cntrl: 1
05-19 14:03:39.611  5532  5532 I BTON    : Turn Bt OFF asserting BT_EN to low
05-19 14:03:39.611  5532  5532 I         : bt-reset-gpio(421) value(0)
05-19 14:03:39.646  2182  2182 I KernelSU: packages.list detected (mask=128)
05-19 14:03:39.669  5532  5532 I BTON    : Turn Bt OFF post asserting BT_EN to low
05-19 14:03:39.669  5532  5532 I         : bt-reset-gpio(421) value(0)
05-19 14:03:39.669  5532  5532 I BTON    : Turn Bt OFF bt-sw-ctrl-gpio(422) value(0)
05-19 14:03:39.669  5532  5532 I BTON    : Turn Bt ON wl-reset-gpio(420) value(0)
05-19 14:03:39.669  5532  5532 I BTON    : WLAN OFF waiting for 100ms delay
05-19 14:03:39.669  5532  5532 I         : for AON output to fully discharge
05-19 14:03:39.670  2820  2820 I logd    : start watching /data/system/packages.list ...
05-19 14:03:39.674  2820  2820 I logd    : ReadPackageList, total packages: 422
05-19 14:03:39.769  5532  5532 I BTON    : WLAN OFF Asserting BT_EN to high
05-19 14:03:39.775  1583  2148 I ActivityManager: Start proc 5628:org.lineageos.settingsconfig/u0a357 for broadcast {org.lineageos.settingsconfig/org.lineageos.settingsconfig.BootReceiver}
05-19 14:03:39.775  1583  5463 I Telecom : CallsManager: updateEmergencyCallNotificationAsync; show=false: CM.UEMCNA@AJU
05-19 14:03:39.781  1583  2573 W ActivityManager: Unable to start service Intent { act=com.google.android.chimera.BoundService.START dat=chimera-action: xflg=0x4 cmp=com.google.android.gms/.chimera.PersistentApiService } U=0: not found
05-19 14:03:39.792  1583  3064 W ActivityManager: Unbind failed: could not find connection for android.os.BinderProxy@d5eab0a
05-19 14:03:39.811  1583  5488 W ContextImpl: Calling a method in the system process without a qualified user: android.app.ContextImpl.sendBroadcastMultiplePermissions:1358 android.content.Context.sendBroadcastMultiplePermissions:2796 com.android.server.TelephonyRegistry.broadcastServiceStateChanged:4172 com.android.server.TelephonyRegistry.notifyServiceStateForPhoneId:1848 com.android.internal.telephony.ITelephonyRegistry$Stub.onTransact:613 
05-19 14:03:39.812  1583  5488 W ContextImpl: Calling a method in the system process without a qualified user: android.app.ContextImpl.sendBroadcastMultiplePermissions:1391 com.android.server.TelephonyRegistry.broadcastServiceStateChanged:4177 com.android.server.TelephonyRegistry.notifyServiceStateForPhoneId:1848 com.android.internal.telephony.ITelephonyRegistry$Stub.onTransact:613 android.os.Binder.execTransactInternal:1473 
05-19 14:03:39.817  1583  5488 W ContextImpl: Calling a method in the system process without a qualified user: android.app.ContextImpl.sendBroadcastMultiplePermissions:1391 com.android.server.TelephonyRegistry.broadcastServiceStateChanged:4186 com.android.server.TelephonyRegistry.notifyServiceStateForPhoneId:1848 com.android.internal.telephony.ITelephonyRegistry$Stub.onTransact:613 android.os.Binder.execTransactInternal:1473 
05-19 14:03:39.818  1583  5488 W ContextImpl: Calling a method in the system process without a qualified user: android.app.ContextImpl.sendBroadcastMultiplePermissions:1391 com.android.server.TelephonyRegistry.broadcastServiceStateChanged:4192 com.android.server.TelephonyRegistry.notifyServiceStateForPhoneId:1848 com.android.internal.telephony.ITelephonyRegistry$Stub.onTransact:613 android.os.Binder.execTransactInternal:1473 
05-19 14:03:39.825  5532  5532 I BTON    : Turn Bt On bt-reset-gpio(421) value(1)
05-19 14:03:39.825  5532  5532 I BTON    : Turn BT ON bt-sw-ctrl-gpio(422) value(1)
05-19 14:03:39.825  5532  5532 I bt_configure_gpios: bt_gpio= 421 on: 1
05-19 14:03:39.856  5532  5532 W bt_ioctl: unified Current SOC Version : 40140110
05-19 14:03:39.857  1583  2113 W ActivityManager: Unable to start service Intent { act=com.google.android.gms.phenotype.service.START xflg=0x4 pkg=com.google.android.gms } U=0: not found
05-19 14:03:39.860  1583  2113 W ActivityManager: Unbind failed: could not find connection for android.os.BinderProxy@1634e1a
05-19 14:03:39.866  1583  5488 W ContextImpl: Calling a method in the system process without a qualified user: android.app.ContextImpl.sendBroadcastMultiplePermissions:1358 android.content.Context.sendBroadcastMultiplePermissions:2796 com.android.server.TelephonyRegistry.broadcastServiceStateChanged:4172 com.android.server.TelephonyRegistry.notifyServiceStateForPhoneId:1848 com.android.internal.telephony.ITelephonyRegistry$Stub.onTransact:613 
05-19 14:03:39.867  1583  5488 W ContextImpl: Calling a method in the system process without a qualified user: android.app.ContextImpl.sendBroadcastMultiplePermissions:1391 com.android.server.TelephonyRegistry.broadcastServiceStateChanged:4177 com.android.server.TelephonyRegistry.notifyServiceStateForPhoneId:1848 com.android.internal.telephony.ITelephonyRegistry$Stub.onTransact:613 android.os.Binder.execTransactInternal:1473 
05-19 14:03:39.872  1583  5488 W ContextImpl: Calling a method in the system process without a qualified user: android.app.ContextImpl.sendBroadcastMultiplePermissions:1391 com.android.server.TelephonyRegistry.broadcastServiceStateChanged:4186 com.android.server.TelephonyRegistry.notifyServiceStateForPhoneId:1848 com.android.internal.telephony.ITelephonyRegistry$Stub.onTransact:613 android.os.Binder.execTransactInternal:1473 
05-19 14:03:39.872  1583  5488 W ContextImpl: Calling a method in the system process without a qualified user: android.app.ContextImpl.sendBroadcastMultiplePermissions:1391 com.android.server.TelephonyRegistry.broadcastServiceStateChanged:4192 com.android.server.TelephonyRegistry.notifyServiceStateForPhoneId:1848 com.android.internal.telephony.ITelephonyRegistry$Stub.onTransact:613 android.os.Binder.execTransactInternal:1473 
05-19 14:03:39.897  1583  2148 I ActivityManager: Start proc 5671:org.protonaosp.deviceconfig/u0a346 for broadcast {org.protonaosp.deviceconfig/org.protonaosp.deviceconfig.BootReceiver}
05-19 14:03:39.908  1583  5488 W ActivityManager: Unable to start service Intent { act=com.google.android.contextmanager.service.ContextManagerService.START xflg=0x4 pkg=com.google.android.gms } U=0: not found
05-19 14:03:39.910  1583  5488 W ActivityManager: Unbind failed: could not find connection for android.os.BinderProxy@e77cd1e
05-19 14:03:39.985  1583  2148 I ActivityManager: Start proc 5713:com.metrolist.music/u0a409 for broadcast {com.metrolist.music/com.metrolist.music.playback.alarm.MusicAlarmRescheduleReceiver}
05-19 14:03:39.998  5449  5449 I zram0   : detected capacity change from 0 to 4294967296
05-19 14:03:40.013  1583  1583 I AttentionDetector: Ignoring change on keep_screen_on_enabled
05-19 14:03:40.013  1583  1583 I ScreenUndimDetector: onDeviceConfigChange; key=keep_screen_on_enabled
05-19 14:03:40.014  1583  1583 I ScreenUndimDetector: readValuesFromDeviceConfig():
05-19 14:03:40.014  1583  1583 I ScreenUndimDetector: mKeepScreenOnForMillis=300000
05-19 14:03:40.014  1583  1583 I ScreenUndimDetector: mKeepScreenOnEnabled=false
05-19 14:03:40.014  1583  1583 I ScreenUndimDetector: mUndimsRequired=2
05-19 14:03:40.014  1583  1583 I ScreenUndimDetector: mMaxDurationBetweenUndimsMillis=600000
05-19 14:03:40.014  1583  1583 I FaceDownDetector: Ignoring change on keep_screen_on_enabled
05-19 14:03:40.019  1583  1583 E AutofillManagerServiceImpl: Bad service name: com.google.android.gms/.autofill.service.AutofillService
05-19 14:03:40.019  1583  1583 E RemoteAugmentedAutofillService: Bad service name for flags 1048704: com.google.android.as/com.google.android.apps.miphone.aiai.app.AiAiAugmentedAutofillService
05-19 14:03:40.020  1583  1583 E AutofillManagerServiceImpl: Bad service name: com.google.android.gms/.autofill.service.AutofillService
05-19 14:03:40.020  1583  1583 E RemoteAugmentedAutofillService: Bad service name for flags 1048704: com.google.android.as/com.google.android.apps.miphone.aiai.app.AiAiAugmentedAutofillService
05-19 14:03:40.025  5726  5726 I         : Adding 4194300k swap on /dev/block/zram0.  Priority:32758 extents:1 across:4194300k SS
05-19 14:03:40.025  5396  5396 V ActivityThread: getPackageInfo() caused update to cached ApplicationInfo for package android.ext.services
05-19 14:03:40.060  1583  2425 E AppOps  : attributionTag VCN not declared in manifest of android
