07-14 15:16:45.316     1     1 I e2fsck  : linker: Warning: failed to find generated linker configuration from "/linkerconfig/ld.config.txt"
07-14 15:16:45.316     1     1 I e2fsck  : WARNING: linker: Warning: failed to find generated linker configuration from "/linkerconfig/ld.config.txt"
07-14 15:16:45.322     1     1 I e2fsck  : e2fsck 1.47.2 (1-Jan-2025)
07-14 15:16:45.324     1     1 I e2fsck  : Pass 1: Checking inodes, blocks, and sizes
07-14 15:16:45.326     1     1 I e2fsck  : Pass 2: Checking directory structure
07-14 15:16:45.329     1     1 I e2fsck  : Pass 3: Checking directory connectivity
07-14 15:16:45.329     1     1 I e2fsck  : Pass 4: Checking reference counts
07-14 15:16:45.329     1     1 I e2fsck  : Pass 5: Checking group summary information
07-14 15:16:45.333     1     1 I e2fsck  : /dev/block/by-name/metadata: 268/4096 files (0.7% non-contiguous), 1840/4096 blocks
07-14 15:16:45.334   381   381 I         : e2fsck (381) used greatest stack depth: 12560 bytes left
07-14 15:16:45.336     1     1 I EXT4-fs (sda24): mounted filesystem with ordered data mode. Opts: discard
07-14 15:16:45.343     1     1 I EXT4-fs (dm-2): mounted filesystem without journal. Opts: barrier=1,discard
07-14 15:16:45.346     1     1 I EXT4-fs (dm-3): mounted filesystem without journal. Opts: barrier=1,discard
07-14 15:16:45.347     1     1 I EXT4-fs (dm-1): mounted filesystem without journal. Opts: barrier=1,discard
07-14 15:16:45.348     1     1 I EXT4-fs (dm-4): mounted filesystem without journal. Opts: barrier=1,discard
07-14 15:16:45.349     1     1 I EXT4-fs (dm-5): mounted filesystem without journal. Opts: barrier=1,discard
07-14 15:16:45.350     1     1 I EXT4-fs (dm-0): mounted filesystem without journal. Opts: barrier=1,discard
07-14 15:16:45.353     0     0 I         : [    C6] e2fsck (381): highest shadow stack usage: 304 bytes
07-14 15:16:45.363     1     1 W printk  : init: 38 output lines suppressed due to ratelimiting
07-14 15:16:45.432     1     1 I init    : [libfstab] Using Android DT directory /proc/device-tree/firmware/android/
07-14 15:16:45.432     1     1 I init    : [libfstab] dt_fstab: Skip disabled entry for partition vendor
07-14 15:16:45.436     1     1 I init    : Opening SELinux policy
07-14 15:16:45.443     1     1 I init    : Loading SELinux policy
07-14 15:16:45.475     1     1 I SELinux : policy capability network_peer_controls=1
07-14 15:16:45.475     1     1 I SELinux : policy capability open_perms=1
07-14 15:16:45.475     1     1 I SELinux : policy capability extended_socket_class=1
07-14 15:16:45.475     1     1 I SELinux : policy capability always_check_network=0
07-14 15:16:45.475     1     1 I SELinux : policy capability cgroup_seclabel=0
07-14 15:16:45.475     1     1 I SELinux : policy capability nnp_nosuid_transition=1
07-14 15:16:45.475     1     1 I SELinux : unknown policy capability 12
07-14 15:16:45.530     1     1 I selinux : SELinux: Loaded file context from:
07-14 15:16:45.530     1     1 I selinux : /system/etc/selinux/plat_file_contexts
07-14 15:16:45.530     1     1 I selinux : /system_ext/etc/selinux/system_ext_file_contexts
07-14 15:16:45.530     1     1 I selinux : /product/etc/selinux/product_file_contexts
07-14 15:16:45.530     1     1 I selinux : /vendor/etc/selinux/vendor_file_contexts
07-14 15:16:45.530     1     1 I selinux : /odm/etc/selinux/odm_file_contexts
07-14 15:16:45.531     1     1 I KernelSU: /system/bin/init second_stage executed
07-14 15:16:45.553     1     1 I KernelSU: Cached su SID: 74
07-14 15:16:45.553     1     1 I KernelSU: Cached zygote SID: 75
07-14 15:16:45.553     1     1 I KernelSU: Cached init SID: 76
07-14 15:16:45.553     1     1 I KernelSU: Cached ksu_file SID: 77
07-14 15:16:45.558     1     1 I init    : init second stage started!
07-14 15:16:45.567     1     1 I selinux : SELinux: Loaded file context from:
07-14 15:16:45.567     1     1 I selinux : /system/etc/selinux/plat_file_contexts
07-14 15:16:45.567     1     1 I selinux : /system_ext/etc/selinux/system_ext_file_contexts
07-14 15:16:45.567     1     1 I selinux : /product/etc/selinux/product_file_contexts
07-14 15:16:45.567     1     1 I selinux : /vendor/etc/selinux/vendor_file_contexts
07-14 15:16:45.567     1     1 I selinux : /odm/etc/selinux/odm_file_contexts
07-14 15:16:45.586     1     1 I init    : [libfstab] Using Android DT directory /proc/device-tree/firmware/android/
07-14 15:16:45.589     1     1 W init    : Overriding previous property 'persist.vendor.dpm.feature':'11' with new value '1'
07-14 15:16:45.590     1     1 W init    : Overriding previous property 'ro.surface_flinger.game_default_frame_rate_override':'60' with new value '90'
07-14 15:16:45.608     1     1 I KernelSU: ksud: init_rc path: /system/etc/init/hw/init.rc
07-14 15:16:45.608     1     1 I KernelSU: ksud: read init.rc, comm: init, rc_count: 351
07-14 15:16:45.608     1     1 I KernelSU: ksud: init_rc path: /system/etc/init/hw/init.rc
07-14 15:16:45.608     1     1 I KernelSU: ksud: stop init_rc hook
07-14 15:16:45.609     1     1 I KernelSU: read_iter_proxy: orig read finished, start append rc
07-14 15:16:45.609     1     1 I KernelSU: read_iter_proxy: append 351
07-14 15:16:45.609     1     1 I KernelSU: read_iter_proxy: append done
07-14 15:16:45.644     1     1 E cgroup1 : Unknown subsys name 'schedtune'
07-14 15:16:45.661   399   399 I ueventd : ueventd started!
07-14 15:16:45.663   399   399 I selinux : SELinux: Loaded file context from:
07-14 15:16:45.663   399   399 I selinux : /system/etc/selinux/plat_file_contexts
07-14 15:16:45.663   399   399 I selinux : /system_ext/etc/selinux/system_ext_file_contexts
07-14 15:16:45.663   399   399 I selinux : /product/etc/selinux/product_file_contexts
07-14 15:16:45.663   399   399 I selinux : /vendor/etc/selinux/vendor_file_contexts
07-14 15:16:45.663   399   399 I selinux : /odm/etc/selinux/odm_file_contexts
07-14 15:16:45.663   399   399 I ueventd : Parsing file /system/etc/ueventd.rc...
07-14 15:16:45.664   399   399 I ueventd : Added '/vendor/etc/ueventd.rc' to import list
07-14 15:16:45.664   399   399 I ueventd : Added '/odm/etc/ueventd.rc' to import list
07-14 15:16:45.730   400   400 I apexd   : Started. subcommand = --bootstrap
07-14 15:16:45.730   400   400 I apexd-bootstrap: Scanning /system/apex for pre-installed ApexFiles
07-14 15:16:45.731   400   400 I apexd-bootstrap: Found pre-installed APEX /system/apex/com.android.wifi.capex
07-14 15:16:45.731   400   400 I apexd-bootstrap: Found pre-installed APEX /system/apex/com.android.extservices.capex
07-14 15:16:45.731   400   400 I apexd-bootstrap: Found pre-installed APEX /system/apex/com.android.bt.capex
07-14 15:16:45.731   400   400 I apexd-bootstrap: Found pre-installed APEX /system/apex/com.android.os.statsd.apex
07-14 15:16:45.731   400   400 I apexd-bootstrap: Found pre-installed APEX /system/apex/com.android.adbd.capex
07-14 15:16:45.731   400   400 I apexd-bootstrap: Found pre-installed APEX /system/apex/com.android.healthfitness.apex
07-14 15:16:45.731   400   400 I apexd-bootstrap: Found pre-installed APEX /system/apex/com.android.rkpd.apex
07-14 15:16:45.731   400   400 I apexd-bootstrap: Found pre-installed APEX /system/apex/com.android.apex.cts.shim.apex
07-14 15:16:45.758   402   402 I         : apexd (402) used greatest stack depth: 12464 bytes left
07-14 15:16:45.882   342   342 I         : [GTP-INF][goodix_parse_cfg_bin:221] Driver bin info: ver 2, len 1741, pkgs 1
07-14 15:16:45.882   342   342 I         : [GTP-INF][goodix_get_reg_and_cfg:276] get config type 1, len 1602, for sensor id 255
07-14 15:16:45.882   342   342 I         : [GTP-INF][goodix_get_config_data:312] success get reg and cfg info from cfg bin
07-14 15:16:45.882   342   342 I         : [GTP-INF][goodix_later_init_thread:2666] success get valid ic config
07-14 15:16:45.882   342   342 I         : [GTP-DBG][goodix_do_fw_update:1119] fw update mode 0x42
07-14 15:16:45.882   342   342 I         : [GTP-INF][goodix_fw_update_thread:1059] Firmware request update starts
07-14 15:16:45.882   342   342 I         : [GTP-INF][goodix_request_firmware:1029] Request firmware image [goodix_gt9897t_fw_k9d.bin]
07-14 15:16:45.882   342   342 W goodix_ts.0: Direct firmware load for goodix_gt9897t_fw_k9d.bin failed with error -2
07-14 15:16:45.882   342   342 W goodix_ts.0: Falling back to sysfs fallback for: goodix_gt9897t_fw_k9d.bin
07-14 15:16:45.949   307   307 I subsys-pil-tz soc: qcom,ipa_fws: yupik_ipa_fws: loading from 0x000000008b710000 to 0x000000008b717000
07-14 15:16:45.950   307   307 I alloc_contig_range: [ef480, ef482) PFNs busy
07-14 15:16:45.966   309   309 W subsys-pil-tz soc: qcom,ipa_fws: Direct firmware load for yupik_ipa_fws.b02 failed with error -2
07-14 15:16:45.966   180   180 W subsys-pil-tz soc: qcom,ipa_fws: Direct firmware load for yupik_ipa_fws.b03 failed with error -2
07-14 15:16:45.966   180   180 W subsys-pil-tz soc: qcom,ipa_fws: Falling back to sysfs fallback for: yupik_ipa_fws.b03
07-14 15:16:45.966   309   309 W subsys-pil-tz soc: qcom,ipa_fws: Falling back to sysfs fallback for: yupik_ipa_fws.b02
07-14 15:16:45.966    59    59 W subsys-pil-tz soc: qcom,ipa_fws: Direct firmware load for yupik_ipa_fws.b04 failed with error -2
07-14 15:16:45.966    59    59 W subsys-pil-tz soc: qcom,ipa_fws: Falling back to sysfs fallback for: yupik_ipa_fws.b04
07-14 15:16:45.977     0     0 I         : [    C4] ueventd (442): highest shadow stack usage: 312 bytes
07-14 15:16:45.978   484   484 I EXT4-fs (loop1): mounted filesystem without journal. Opts: (null)
07-14 15:16:45.982   484   484 I         : apexd (484) used greatest stack depth: 12208 bytes left
07-14 15:16:45.985   486   486 I EXT4-fs (loop2): mounted filesystem without journal. Opts: (null)
07-14 15:16:45.985   486   486 I         : apexd (486) used greatest stack depth: 12120 bytes left
07-14 15:16:46.034   485   485 I EXT4-fs (loop0): mounted filesystem without journal. Opts: (null)
07-14 15:16:46.034   487   487 I EXT4-fs (loop3): mounted filesystem without journal. Opts: (null)
07-14 15:16:46.037   400   400 W printk  : apexd: 47 output lines suppressed due to ratelimiting
07-14 15:16:46.037   400   400 I         : apexd (400) used greatest stack depth: 11696 bytes left
07-14 15:16:46.061     0     0 I         : [    C3] apexd (400): highest shadow stack usage: 360 bytes
07-14 15:16:46.155   498   498 I         : vendor_modprobe (498) used greatest stack depth: 11520 bytes left
07-14 15:16:46.156   398   398 I init    : wait for '/sys/devices/soc0/soc_id' took 0ms
07-14 15:16:46.173     0     0 I         : [    C1] vendor_modprobe (498): highest shadow stack usage: 384 bytes
07-14 15:16:46.216   500   500 I main[500]: Starting aconfigd_system command: EarlyPlatformInit
07-14 15:16:46.448   342   342 I         : [GTP-INF][goodix_request_firmware:1034] Firmware image [goodix_gt9897t_fw_k9d.bin] is ready
07-14 15:16:46.448   342   342 I         : [GTP-DBG][goodix_fw_update_thread:1077] notify update start
07-14 15:16:46.448   342   342 I         : [GTP-DBG][goodix_generic_noti_callback:2167] notify event type 0x0
07-14 15:16:46.448   342   342 I [GTP-INF][brl_irq_enbale:309] warnning: irq deepth inbalance!
07-14 15:16:46.448   342   342 I         : [GTP-DBG][goodix_fw_update_thread:1081] start update proc
07-14 15:16:46.448   342   342 I         : [GTP-INF][goodix_parse_firmware:290] Firmware package protocol: V0
07-14 15:16:46.448   342   342 I         : [GTP-INF][goodix_parse_firmware:291] Fimware PID:GT9897T
07-14 15:16:46.448   342   342 I         : [GTP-INF][goodix_parse_firmware:292] Fimware VID:05 01 80 03
07-14 15:16:46.448   342   342 I         : [GTP-INF][goodix_parse_firmware:293] Firmware chip type:96
07-14 15:16:46.448   342   342 I         : [GTP-INF][goodix_parse_firmware:295] Firmware bus type:SPI
07-14 15:16:46.448   342   342 I         : [GTP-INF][goodix_parse_firmware:296] Firmware size:166136
07-14 15:16:46.448   342   342 I         : [GTP-INF][goodix_parse_firmware:297] Firmware subsystem num:22
07-14 15:16:46.448   342   342 I         : [GTP-DBG][goodix_parse_firmware:300] ------------------------------------------
07-14 15:16:46.448   342   342 I [GTP-DBG][goodix_parse_firmware:301] Index: 0
07-14 15:16:46.448   342   342 I         : [GTP-DBG][goodix_parse_firmware:302] Subsystem type:01
07-14 15:16:46.448   342   342 I         : [GTP-DBG][goodix_parse_firmware:303] Subsystem size:2048
07-14 15:16:46.448   342   342 I         : [GTP-DBG][goodix_parse_firmware:305] Subsystem flash_addr:FFFFFFFF
07-14 15:16:46.448   342   342 I         : [GTP-DBG][goodix_parse_firmware:306] Subsystem Ptr:00000000c7d2c6dc
07-14 15:16:46.448   342   342 I         : [GTP-DBG][goodix_parse_firmware:300] ------------------------------------------
07-14 15:16:46.448   342   342 I [GTP-DBG][goodix_parse_firmware:301] Index: 1
07-14 15:16:46.448   342   342 I         : [GTP-DBG][goodix_parse_firmware:302] Subsystem type:03
07-14 15:16:46.448   342   342 I         : [GTP-DBG][goodix_parse_firmware:303] Subsystem size:4096
07-14 15:16:46.448   342   342 I         : [GTP-DBG][goodix_parse_firmware:305] Subsystem flash_addr:0001E000
07-14 15:16:46.448   342   342 I         : [GTP-DBG][goodix_parse_firmware:306] Subsystem Ptr:00000000811126f5
07-14 15:16:46.448   342   342 I         : [GTP-DBG][goodix_parse_firmware:300] ------------------------------------------
07-14 15:16:46.448   342   342 I [GTP-DBG][goodix_parse_firmware:301] Index: 2
07-14 15:16:46.448   342   342 I         : [GTP-DBG][goodix_parse_firmware:302] Subsystem type:02
07-14 15:16:46.448   342   342 I         : [GTP-DBG][goodix_parse_firmware:303] Subsystem size:49152
07-14 15:16:46.448   342   342 I         : [GTP-DBG][goodix_parse_firmware:305] Subsystem flash_addr:00001000
07-14 15:16:46.448   342   342 I         : [GTP-DBG][goodix_parse_firmware:306] Subsystem Ptr:0000000057c10fe8
07-14 15:16:46.448   342   342 I         : [GTP-DBG][goodix_parse_firmware:300] ------------------------------------------
07-14 15:16:46.448   342   342 I [GTP-DBG][goodix_parse_firmware:301] Index: 3
07-14 15:16:46.448   342   342 I         : [GTP-DBG][goodix_parse_firmware:302] Subsystem type:03
07-14 15:16:46.448   342   342 I         : [GTP-DBG][goodix_parse_firmware:303] Subsystem size:8192
07-14 15:16:46.448   342   342 I         : [GTP-DBG][goodix_parse_firmware:305] Subsystem flash_addr:0000D000
07-14 15:16:46.448   342   342 I         : [GTP-DBG][goodix_parse_firmware:306] Subsystem Ptr:0000000010192655
07-14 15:16:46.448   342   342 I         : [GTP-DBG][goodix_parse_firmware:300] ------------------------------------------
07-14 15:16:46.448   342   342 I [GTP-DBG][goodix_parse_firmware:301] Index: 4
07-14 15:16:46.448   342   342 I         : [GTP-DBG][goodix_parse_firmware:302] Subsystem type:03
07-14 15:16:46.448   342   342 I         : [GTP-DBG][goodix_parse_firmware:303] Subsystem size:8192
07-14 15:16:46.448   342   342 I         : [GTP-DBG][goodix_parse_firmware:305] Subsystem flash_addr:0000F000
07-14 15:16:46.448   342   342 I         : [GTP-DBG][goodix_parse_firmware:306] Subsystem Ptr:00000000d5610a07
07-14 15:16:46.448   342   342 I         : [GTP-DBG][goodix_parse_firmware:300] ------------------------------------------
07-14 15:16:46.448   342   342 I [GTP-DBG][goodix_parse_firmware:301] Index: 5
07-14 15:16:46.448   342   342 I         : [GTP-DBG][goodix_parse_firmware:302] Subsystem type:03
07-14 15:16:46.448   342   342 I         : [GTP-DBG][goodix_parse_firmware:303] Subsystem size:8192
07-14 15:16:46.448   342   342 I         : [GTP-DBG][goodix_parse_firmware:305] Subsystem flash_addr:00011000
07-14 15:16:46.448   342   342 I         : [GTP-DBG][goodix_parse_firmware:306] Subsystem Ptr:000000008f6f8f3e
07-14 15:16:46.448   342   342 I         : [GTP-DBG][goodix_parse_firmware:300] ------------------------------------------
07-14 15:16:46.448   342   342 I [GTP-DBG][goodix_parse_firmware:301] Index: 6
07-14 15:16:46.448   342   342 I         : [GTP-DBG][goodix_parse_firmware:302] Subsystem type:03
07-14 15:16:46.448   342   342 I         : [GTP-DBG][goodix_parse_firmware:303] Subsystem size:8192
07-14 15:16:46.448   342   342 I         : [GTP-DBG][goodix_parse_firmware:305] Subsystem flash_addr:00013000
07-14 15:16:46.448   342   342 I         : [GTP-DBG][goodix_parse_firmware:306] Subsystem Ptr:00000000db39a1c8
07-14 15:16:46.448   342   342 I         : [GTP-DBG][goodix_parse_firmware:300] ------------------------------------------
07-14 15:16:46.448   342   342 I [GTP-DBG][goodix_parse_firmware:301] Index: 7
07-14 15:16:46.448   342   342 I         : [GTP-DBG][goodix_parse_firmware:302] Subsystem type:03
07-14 15:16:46.448   342   342 I         : [GTP-DBG][goodix_parse_firmware:303] Subsystem size:4096
07-14 15:16:46.448   342   342 I         : [GTP-DBG][goodix_parse_firmware:305] Subsystem flash_addr:00015000
07-14 15:16:46.448   342   342 I         : [GTP-DBG][goodix_parse_firmware:306] Subsystem Ptr:00000000338fb64d
07-14 15:16:46.448   342   342 I         : [GTP-DBG][goodix_parse_firmware:300] ------------------------------------------
07-14 15:16:46.448   342   342 I [GTP-DBG][goodix_parse_firmware:301] Index: 8
07-14 15:16:46.448   342   342 I         : [GTP-DBG][goodix_parse_firmware:302] Subsystem type:03
07-14 15:16:46.448   342   342 I         : [GTP-DBG][goodix_parse_firmware:303] Subsystem size:4096
07-14 15:16:46.448   342   342 I         : [GTP-DBG][goodix_parse_firmware:305] Subsystem flash_addr:00016000
07-14 15:16:46.448   342   342 I         : [GTP-DBG][goodix_parse_firmware:306] Subsystem Ptr:0000000087de91fd
07-14 15:16:46.448   342   342 I         : [GTP-DBG][goodix_parse_firmware:300] ------------------------------------------
07-14 15:16:46.448   342   342 I [GTP-DBG][goodix_parse_firmware:301] Index: 9
07-14 15:16:46.448   342   342 I         : [GTP-DBG][goodix_parse_firmware:302] Subsystem type:03
07-14 15:16:46.448   342   342 I         : [GTP-DBG][goodix_parse_firmware:303] Subsystem size:4096
07-14 15:16:46.448   342   342 I         : [GTP-DBG][goodix_parse_firmware:305] Subsystem flash_addr:00017000
07-14 15:16:46.448   342   342 I         : [GTP-DBG][goodix_parse_firmware:306] Subsystem Ptr:0000000023b2ed7e
07-14 15:16:46.448   342   342 I         : [GTP-DBG][goodix_parse_firmware:300] ------------------------------------------
07-14 15:16:46.448   342   342 I [GTP-DBG][goodix_parse_firmware:301] Index: 10
07-14 15:16:46.448   342   342 I         : [GTP-DBG][goodix_parse_firmware:302] Subsystem type:03
07-14 15:16:46.448   342   342 I         : [GTP-DBG][goodix_parse_firmware:303] Subsystem size:4096
07-14 15:16:46.448   342   342 I         : [GTP-DBG][goodix_parse_firmware:305] Subsystem flash_addr:00018000
07-14 15:16:46.449   342   342 I         : [GTP-DBG][goodix_parse_firmware:306] Subsystem Ptr:0000000037afcbc4
07-14 15:16:46.449   342   342 I         : [GTP-DBG][goodix_parse_firmware:300] ------------------------------------------
07-14 15:16:46.449   342   342 I [GTP-DBG][goodix_parse_firmware:301] Index: 11
07-14 15:16:46.449   342   342 I         : [GTP-DBG][goodix_parse_firmware:302] Subsystem type:03
07-14 15:16:46.449   342   342 I         : [GTP-DBG][goodix_parse_firmware:303] Subsystem size:4096
07-14 15:16:46.449   342   342 I         : [GTP-DBG][goodix_parse_firmware:305] Subsystem flash_addr:00019000
07-14 15:16:46.449   342   342 I         : [GTP-DBG][goodix_parse_firmware:306] Subsystem Ptr:000000009f56d02d
07-14 15:16:46.449   342   342 I         : [GTP-DBG][goodix_parse_firmware:300] ------------------------------------------
07-14 15:16:46.449   342   342 I [GTP-DBG][goodix_parse_firmware:301] Index: 12
07-14 15:16:46.449   342   342 I         : [GTP-DBG][goodix_parse_firmware:302] Subsystem type:03
07-14 15:16:46.449   342   342 I         : [GTP-DBG][goodix_parse_firmware:303] Subsystem size:4096
07-14 15:16:46.449   342   342 I         : [GTP-DBG][goodix_parse_firmware:305] Subsystem flash_addr:0001A000
07-14 15:16:46.449   342   342 I         : [GTP-DBG][goodix_parse_firmware:306] Subsystem Ptr:000000001555a7c6
07-14 15:16:46.449   342   342 I         : [GTP-DBG][goodix_parse_firmware:300] ------------------------------------------
07-14 15:16:46.449   342   342 I [GTP-DBG][goodix_parse_firmware:301] Index: 13
07-14 15:16:46.449   342   342 I         : [GTP-DBG][goodix_parse_firmware:302] Subsystem type:03
07-14 15:16:46.449   342   342 I         : [GTP-DBG][goodix_parse_firmware:303] Subsystem size:4096
07-14 15:16:46.449   342   342 I         : [GTP-DBG][goodix_parse_firmware:305] Subsystem flash_addr:0001B000
07-14 15:16:46.449   342   342 I         : [GTP-DBG][goodix_parse_firmware:306] Subsystem Ptr:000000009a3f06dc
07-14 15:16:46.449   342   342 I         : [GTP-DBG][goodix_parse_firmware:300] ------------------------------------------
07-14 15:16:46.449   342   342 I [GTP-DBG][goodix_parse_firmware:301] Index: 14
07-14 15:16:46.449   342   342 I         : [GTP-DBG][goodix_parse_firmware:302] Subsystem type:03
07-14 15:16:46.449   342   342 I         : [GTP-DBG][goodix_parse_firmware:303] Subsystem size:4096
07-14 15:16:46.449   342   342 I         : [GTP-DBG][goodix_parse_firmware:305] Subsystem flash_addr:0001C000
07-14 15:16:46.449   342   342 I         : [GTP-DBG][goodix_parse_firmware:306] Subsystem Ptr:00000000165ea7f9
07-14 15:16:46.449   342   342 I         : [GTP-DBG][goodix_parse_firmware:300] ------------------------------------------
07-14 15:16:46.449   342   342 I [GTP-DBG][goodix_parse_firmware:301] Index: 15
07-14 15:16:46.449   342   342 I         : [GTP-DBG][goodix_parse_firmware:302] Subsystem type:03
07-14 15:16:46.449   342   342 I         : [GTP-DBG][goodix_parse_firmware:303] Subsystem size:4096
07-14 15:16:46.449   342   342 I         : [GTP-DBG][goodix_parse_firmware:305] Subsystem flash_addr:0001D000
07-14 15:16:46.449   342   342 I         : [GTP-DBG][goodix_parse_firmware:306] Subsystem Ptr:000000007a9e7593
07-14 15:16:46.449   342   342 I         : [GTP-DBG][goodix_parse_firmware:300] ------------------------------------------
07-14 15:16:46.449   342   342 I [GTP-DBG][goodix_parse_firmware:301] Index: 16
07-14 15:16:46.449   342   342 I         : [GTP-DBG][goodix_parse_firmware:302] Subsystem type:03
07-14 15:16:46.449   342   342 I         : [GTP-DBG][goodix_parse_firmware:303] Subsystem size:4096
07-14 15:16:46.449   342   342 I         : [GTP-DBG][goodix_parse_firmware:305] Subsystem flash_addr:00020000
07-14 15:16:46.449   342   342 I         : [GTP-DBG][goodix_parse_firmware:306] Subsystem Ptr:00000000e4a666ca
07-14 15:16:46.449   342   342 I         : [GTP-DBG][goodix_parse_firmware:300] ------------------------------------------
07-14 15:16:46.449   342   342 I [GTP-DBG][goodix_parse_firmware:301] Index: 17
07-14 15:16:46.449   342   342 I         : [GTP-DBG][goodix_parse_firmware:302] Subsystem type:03
07-14 15:16:46.449   342   342 I         : [GTP-DBG][goodix_parse_firmware:303] Subsystem size:4096
07-14 15:16:46.449   342   342 I         : [GTP-DBG][goodix_parse_firmware:305] Subsystem flash_addr:00021000
07-14 15:16:46.449   342   342 I         : [GTP-DBG][goodix_parse_firmware:306] Subsystem Ptr:00000000051592aa
07-14 15:16:46.449   342   342 I         : [GTP-DBG][goodix_parse_firmware:300] ------------------------------------------
07-14 15:16:46.449   342   342 I [GTP-DBG][goodix_parse_firmware:301] Index: 18
07-14 15:16:46.449   342   342 I         : [GTP-DBG][goodix_parse_firmware:302] Subsystem type:03
07-14 15:16:46.449   342   342 I         : [GTP-DBG][goodix_parse_firmware:303] Subsystem size:4096
07-14 15:16:46.449   342   342 I         : [GTP-DBG][goodix_parse_firmware:305] Subsystem flash_addr:00022000
07-14 15:16:46.449   342   342 I         : [GTP-DBG][goodix_parse_firmware:306] Subsystem Ptr:00000000101e7a7f
07-14 15:16:46.449   342   342 I         : [GTP-DBG][goodix_parse_firmware:300] ------------------------------------------
07-14 15:16:46.449   342   342 I [GTP-DBG][goodix_parse_firmware:301] Index: 19
07-14 15:16:46.449   342   342 I         : [GTP-DBG][goodix_parse_firmware:302] Subsystem type:03
07-14 15:16:46.449   342   342 I         : [GTP-DBG][goodix_parse_firmware:303] Subsystem size:8192
07-14 15:16:46.449   342   342 I         : [GTP-DBG][goodix_parse_firmware:305] Subsystem flash_addr:00027000
07-14 15:16:46.449   342   342 I         : [GTP-DBG][goodix_parse_firmware:306] Subsystem Ptr:00000000a4cc77be
07-14 15:16:46.449   342   342 I         : [GTP-DBG][goodix_parse_firmware:300] ------------------------------------------
07-14 15:16:46.449   342   342 I [GTP-DBG][goodix_parse_firmware:301] Index: 20
07-14 15:16:46.449   342   342 I         : [GTP-DBG][goodix_parse_firmware:302] Subsystem type:03
07-14 15:16:46.449   342   342 I         : [GTP-DBG][goodix_parse_firmware:303] Subsystem size:16384
07-14 15:16:46.449   342   342 I         : [GTP-DBG][goodix_parse_firmware:305] Subsystem flash_addr:00029000
07-14 15:16:46.449   342   342 I         : [GTP-DBG][goodix_parse_firmware:306] Subsystem Ptr:000000007384afe7
07-14 15:16:46.449   342   342 I         : [GTP-DBG][goodix_parse_firmware:300] ------------------------------------------
07-14 15:16:46.449   342   342 I [GTP-DBG][goodix_parse_firmware:301] Index: 21
07-14 15:16:46.449   342   342 I         : [GTP-DBG][goodix_parse_firmware:302] Subsystem type:02
07-14 15:16:46.449   342   342 I         : [GTP-DBG][goodix_parse_firmware:303] Subsystem size:4096
07-14 15:16:46.449   342   342 I         : [GTP-DBG][goodix_parse_firmware:305] Subsystem flash_addr:00000000
07-14 15:16:46.449   342   342 I         : [GTP-DBG][goodix_parse_firmware:306] Subsystem Ptr:0000000001c5139e
07-14 15:16:46.449   342   342 I [GTP-INF][brl_read_version:657] rom_pid: BERLIN
07-14 15:16:46.449   342   342 I [GTP-INF][brl_read_version:658] rom_vid: 00 00 03
07-14 15:16:46.449   342   342 I [GTP-INF][brl_read_version:659] pid: 9897T
07-14 15:16:46.449   342   342 I [GTP-INF][brl_read_version:660] vid: 05 01 80 03
07-14 15:16:46.449   342   342 I [GTP-INF][brl_read_version:661] sensor_id: 255
07-14 15:16:46.449   342   342 I         : [GTP-INF][goodix_fw_version_compare:347] Firmware version equal
07-14 15:16:46.449   342   342 I         : [GTP-INF][goodix_fw_update_proc:788] firmware upgraded
07-14 15:16:46.449   342   342 I         : [GTP-INF][goodix_fw_update_thread:1100] fw update success
07-14 15:16:46.449   342   342 I         : [GTP-DBG][goodix_generic_noti_callback:2167] notify event type 0x2
07-14 15:16:46.449   342   342 I [GTP-INF][brl_read_version:657] rom_pid: BERLIN
07-14 15:16:46.449   342   342 I [GTP-INF][brl_read_version:658] rom_vid: 00 00 03
07-14 15:16:46.449   342   342 I [GTP-INF][brl_read_version:659] pid: 9897T
07-14 15:16:46.449   342   342 I [GTP-INF][brl_read_version:660] vid: 05 01 80 03
07-14 15:16:46.449   342   342 I [GTP-INF][brl_read_version:661] sensor_id: 255
07-14 15:16:46.449   342   342 I         : [GTP-DBG][brl_irq_enbale:300] Irq enabled
07-14 15:16:46.449   342   342 I         : [GTP-INF][goodix_do_fw_update:1122] fw update return 0
07-14 15:16:46.450   342   342 I [GTP-INF][brl_read_version:657] rom_pid: BERLIN
07-14 15:16:46.450   342   342 I [GTP-INF][brl_read_version:658] rom_vid: 00 00 03
07-14 15:16:46.450   342   342 I [GTP-INF][brl_read_version:659] pid: 9897T
07-14 15:16:46.450   342   342 I [GTP-INF][brl_read_version:660] vid: 05 01 80 03
07-14 15:16:46.450   342   342 I [GTP-INF][brl_read_version:661] sensor_id: 255
07-14 15:16:46.450   342   342 I [GTP-INF][print_ic_info:794] ic_info_length: 156
07-14 15:16:46.450   342   342 I [GTP-INF][print_ic_info:796] info_customer_id: 0x5
07-14 15:16:46.450   342   342 I [GTP-INF][print_ic_info:798] info_version_id: 0x0
07-14 15:16:46.450   342   342 I [GTP-INF][print_ic_info:800] ic_die_id: 0x20
07-14 15:16:46.450   342   342 I [GTP-INF][print_ic_info:802] ic_version_id: 0x0
07-14 15:16:46.450   342   342 I [GTP-INF][print_ic_info:804] config_id: 0x616CF5C3
07-14 15:16:46.450   342   342 I [GTP-INF][print_ic_info:806] config_version: 0x6
07-14 15:16:46.450   342   342 I [GTP-INF][print_ic_info:808] frame_data_customer_id: 0x1
07-14 15:16:46.450   342   342 I [GTP-INF][print_ic_info:810] frame_data_version_id: 0x0
07-14 15:16:46.450   342   342 I [GTP-INF][print_ic_info:812] touch_data_customer_id: 0x1
07-14 15:16:46.450   342   342 I [GTP-INF][print_ic_info:814] touch_data_version_id: 0x0
07-14 15:16:46.450   342   342 I [GTP-INF][print_ic_info:817] freqhop_feature: 0x0002
07-14 15:16:46.450   342   342 I [GTP-INF][print_ic_info:819] calibration_feature: 0x0002
07-14 15:16:46.450   342   342 I [GTP-INF][print_ic_info:821] gesture_feature: 0x0001
07-14 15:16:46.450   342   342 I [GTP-INF][print_ic_info:823] side_touch_feature: 0x0000
07-14 15:16:46.450   342   342 I [GTP-INF][print_ic_info:825] stylus_feature: 0x0000
07-14 15:16:46.450   342   342 I         : [GTP-INF][print_ic_info:827] Drv*Sen,Button,Force num:      18 x 40, 0, 0
07-14 15:16:46.450   342   342 I [GTP-INF][print_ic_info:829] Cmd: 0x10180, 16
07-14 15:16:46.450   342   342 I [GTP-INF][print_ic_info:831] Cmd-Reply: 0x10248, 16
07-14 15:16:46.450   342   342 I [GTP-INF][print_ic_info:833] FW-State: 0x102DC, 92
07-14 15:16:46.450   342   342 I [GTP-INF][print_ic_info:835] FW-Buffer: 0x15EB4, 3956
07-14 15:16:46.450   342   342 I [GTP-INF][print_ic_info:837] Touch-Data: 0x10338, 8
07-14 15:16:46.450   342   342 I [GTP-INF][print_ic_info:839] point_struct_len: 8
07-14 15:16:46.450   342   342 I [GTP-INF][print_ic_info:841] mutual_rawdata_addr: 0x11610
07-14 15:16:46.450   342   342 I [GTP-INF][print_ic_info:843] mutual_diffdata_addr: 0x11CF4
07-14 15:16:46.450   342   342 I [GTP-INF][print_ic_info:845] self_rawdata_addr: 0x10EAC
07-14 15:16:46.450   342   342 I [GTP-INF][print_ic_info:847] self_diffdata_addr: 0x10E2C
07-14 15:16:46.450   342   342 I [GTP-INF][print_ic_info:849] stylus_rawdata_addr: 0x0000, 0
07-14 15:16:46.450   342   342 I [GTP-INF][print_ic_info:851] esd_addr: 0x10168
07-14 15:16:46.450   342   342 I         : [GTP-INF][goodix_send_ic_config:2635] config id is equal 0x616cf5c3, skiped
07-14 15:16:46.450   342   342 I input   : goodix_ts as /devices/virtual/input/input3
07-14 15:16:46.450   342   342 I [GTP-INF][goodix_ts_irq_setup:1449] IRQ: 297,flags:2
07-14 15:16:46.451   342   342 I         : [GTP-INF][goodix_ts_stage2_init:2560] success register irq
07-14 15:16:46.451   342   342 I         : [GTP-INF][goodix_ts_esd_on:1761] esd on
07-14 15:16:46.473     1     1 I         : Registered swp emulation handler
07-14 15:16:46.494   398   398 I init    : wait for '/dev/block/platform/soc/1d84000.ufshc' took 0ms
07-14 15:16:46.501   518   518 W logd    : libprocessgroup: A JoinCgroup action in the SystemMemoryProcess profile is used for controller memory in the cgroup v2 hierarchy and will be ignored
07-14 15:16:46.501   520   520 I servicemanager: Starting sm instance on /dev/binder
07-14 15:16:46.501   518   518 W logd    : libprocessgroup: Unknown profile action: SetClamps
07-14 15:16:46.501   518   518 W logd    : libprocessgroup: Unknown profile action: SetClamps
07-14 15:16:46.501   518   518 W logd    : libprocessgroup: A JoinCgroup action in the SystemMemoryProcess profile is used for controller memory in the cgroup v2 hierarchy and will be ignored
07-14 15:16:46.504   518   518 I logd.auditd: start
07-14 15:16:46.504   518   518 I logd.klogd: 2955517289
07-14 15:16:46.507   520   520 I SELinux : SELinux: Loaded service context from:
07-14 15:16:46.507   520   520 I SELinux : /system/etc/selinux/plat_service_contexts
07-14 15:16:46.507   520   520 I SELinux : /system_ext/etc/selinux/system_ext_service_contexts
07-14 15:16:46.507   520   520 I SELinux : /product/etc/selinux/product_service_contexts
07-14 15:16:46.507   520   520 I SELinux : /vendor/etc/selinux/vendor_service_contexts
07-14 15:16:46.507   520   520 I SELinux : /odm/etc/selinux/odm_service_contexts
07-14 15:16:46.509   518   518 I logd    : Loaded bug_map file: /system_ext/etc/selinux/bug_map
07-14 15:16:46.509   518   518 I logd    : Loaded bug_map file: /vendor/etc/selinux/selinux_denial_metadata
07-14 15:16:46.510   518   518 I logd    : Loaded bug_map file: /system/etc/selinux/bug_map
07-14 15:16:46.512   522   522 I vndservicemanager: Starting sm instance on /dev/vndbinder
07-14 15:16:46.512   522   522 E vndservicemanager: Failed to set ServiceManager priority to SCHED_FIFO
07-14 15:16:46.512   522   522 I SELinux : SELinux: Loaded vndservice context from:
07-14 15:16:46.512   522   522 I SELinux : /vendor/etc/selinux/vndservice_contexts
07-14 15:16:46.543   398   398 I init    : wait for '/dev/qseecom' took 0ms
07-14 15:16:46.565     1     1 I EXT4-fs (sda8): recovery complete
07-14 15:16:46.565     1     1 I EXT4-fs (sda8): mounted filesystem with ordered data mode. Opts: errors=remount-ro
07-14 15:16:46.585   307   307 I subsys-pil-tz soc: qcom,ipa_fws: yupik_ipa_fws: Brought out of reset
07-14 15:16:46.585   307   307 I subsys-pil-tz: subsys_powerup(): pil_boot is successful from yupik_ipa_fws and waiting for error ready
07-14 15:16:46.585   307   307 I         : IPA FW loaded successfully
07-14 15:16:46.585   307   307 E gsi soc : qcom,msm_gsi: gsi_pending_irq_type:3076 no client registered
07-14 15:16:46.586   307   307 E ipa3_write_rsrc_grp_type_reg: 8295  Invalid source resource group,index #2
07-14 15:16:46.586   307   307 E ipa3_write_rsrc_grp_type_reg: 8295  Invalid source resource group,index #2
07-14 15:16:46.586   307   307 E ipa3_write_rsrc_grp_type_reg: 8295  Invalid source resource group,index #2
07-14 15:16:46.586   307   307 E ipa3_write_rsrc_grp_type_reg: 8295  Invalid source resource group,index #2
07-14 15:16:46.586   307   307 E ipa3_write_rsrc_grp_type_reg: 8295  Invalid source resource group,index #2
07-14 15:16:46.586   307   307 E gsi soc : qcom,msm_gsi: gsi_register_device:1233 GSI irq is wake enabled 69
07-14 15:16:46.590   307   307 E ipa3_rmnet_ctl_register_pm_client: 678 rmnet_ctl register done
07-14 15:16:46.590   307   307 I         : IPA driver is now in ready state
07-14 15:16:46.590   307   307 I         : IPA driver initialization was successful.
07-14 15:16:46.590    55    55 I         : rmnet_ipa3 started initialization
07-14 15:16:46.590    55    55 I         : IPA SSR support = True
07-14 15:16:46.590    55    55 I         : IPA SG support = True
07-14 15:16:46.590    55    55 I         : IPA Napi Enable = True
07-14 15:16:46.590    55    55 I         : using default for wan-rx-desc-size = 256
07-14 15:16:46.590    55    55 E ipa-wan ipa3_wwan_register_netdev_pm_client: 2562 rmnet_ipa%d register done
07-14 15:16:46.591    55    55 E ipa-wan ipa3_wwan_probe: 2738 rmnet_ipa completed initialization
07-14 15:16:46.591     1     1 I e2fsck  : e2fsck 1.47.2 (1-Jan-2025)
07-14 15:16:46.593     1     1 I e2fsck  : Pass 1: Checking inodes, blocks, and sizes
07-14 15:16:46.600     1     1 I e2fsck  : Pass 2: Checking directory structure
07-14 15:16:46.605     1     1 I e2fsck  : Pass 3: Checking directory connectivity
07-14 15:16:46.605     1     1 I e2fsck  : Pass 4: Checking reference counts
07-14 15:16:46.605     1     1 I e2fsck  : Pass 5: Checking group summary information
07-14 15:16:46.606   520   520 E cutils-trace: Error opening trace file: No such file or directory (2)
07-14 15:16:46.607   536   536 W libbinder.BackendUnifiedServiceManager: Thread Pool max thread count is 0. Cannot cache binder as linkToDeath cannot be implemented. serviceName: vold
07-14 15:16:46.607   520   520 I servicemanager: getDeviceHalManifest: Reading VINTF information.
07-14 15:16:46.611   520   520 I servicemanager: Loaded APEX Infos from /bootstrap-apex/apex-info-list.xml
07-14 15:16:46.611     1     1 I e2fsck  : /dev/block/bootdevice/by-name/persist: 393/16384 files (2.5% non-contiguous), 2086/16384 blocks
07-14 15:16:46.615     1     1 I EXT4-fs (sda8): mounted filesystem with ordered data mode. Opts: barrier=1
07-14 15:16:46.620     1     1 I EXT4-fs (sde33): mounted filesystem with ordered data mode. Opts: barrier=1
07-14 15:16:46.625     1     1 W FAT-fs (sde23): Volume was not properly unmounted. Some data may be corrupt. Please run fsck.
07-14 15:16:46.672   570   570 E cutils-trace: Error opening trace file: No such file or directory (2)
07-14 15:16:46.673   570   570 W libbinder.BackendUnifiedServiceManager: Thread Pool max thread count is 0. Cannot cache binder as linkToDeath cannot be implemented. serviceName: vold
07-14 15:16:46.673   570   570 D vdc     : Waited 0ms for vold
07-14 15:16:46.775   575   575 I android.hardware.boot-service.qti: [libfstab] Using Android DT directory /proc/device-tree/firmware/android/
07-14 15:16:46.775   575   575 I android.hardware.boot-service.qti: [libfstab] dt_fstab: Skip disabled entry for partition vendor
07-14 15:16:46.779   575   575 W libbinder.BackendUnifiedServiceManager: Thread Pool max thread count is 0. Cannot cache binder as linkToDeath cannot be implemented. serviceName: android.hardware.boot.IBootControl/default
07-14 15:16:46.779   575   575 I android.hardware.boot-service.qti: IBootControl AIDL service running...
07-14 15:16:46.788   582   582 W libbinder.BackendUnifiedServiceManager: Thread Pool max thread count is 0. Cannot cache binder as linkToDeath cannot be implemented. serviceName: vold
07-14 15:16:46.788   582   582 D vdc     : Waited 0ms for vold
07-14 15:16:46.811   583   583 W libbinder.BackendUnifiedServiceManager: Thread Pool max thread count is 0. Cannot cache binder as linkToDeath cannot be implemented. serviceName: vold
07-14 15:16:46.811   583   583 D vdc     : Waited 0ms for vold
07-14 15:16:46.859   536   536 E vold    : [libfs_mgr] Failed to open /sys/fs/f2fs/features/linear_lookup: No such file or directory
07-14 15:16:46.874   536   536 I fsck.f2fs: Info: Automatic fix mode enabled.
07-14 15:16:46.874   536   536 I fsck.f2fs: Info: not exist /proc/version!
07-14 15:16:46.874   536   536 I fsck.f2fs: Info: MKFS version
07-14 15:16:46.874   536   536 I fsck.f2fs: "5.4.302LiFESTEAL_lisa-v2.3-qgki+"
07-14 15:16:46.874   536   536 I fsck.f2fs: Info: FSCK version
07-14 15:16:46.874   536   536 I fsck.f2fs: from "5.4.302LiFESTEAL_lisa-v2.3-qgki+"
07-14 15:16:46.874   536   536 I fsck.f2fs: to "5.4.302LiFESTEAL_lisa-v2.3-qgki+"
07-14 15:16:46.874   536   536 I fsck.f2fs: Info: superblock features = 1499 :  encrypt extra_attr project_quota quota verity casefold
07-14 15:16:46.874   536   536 I fsck.f2fs: Info: superblock encrypt level = 0, salt = 00000000000000000000000000000000
07-14 15:16:46.874   536   536 I fsck.f2fs: Info: Segments per section = 1
07-14 15:16:46.969   536   536 I F2FS-fs (dm-42): Using encoding defined by superblock: utf8-12.1.0 with flags 0x2
07-14 15:16:47.064   536   536 I F2FS-fs (dm-42): recover_inode: ino = e, name = mode, inline = 2b
07-14 15:16:47.064   536   536 I F2FS-fs (dm-42): recover_data: ino = e (i_size: recover) recovered = 0, err = 0
07-14 15:16:47.064   536   536 I F2FS-fs (dm-42): recover_inode: ino = f, name = ref, inline = 2b
07-14 15:16:47.064   536   536 I F2FS-fs (dm-42): recover_data: ino = f (i_size: recover) recovered = 0, err = 0
07-14 15:16:47.064   536   536 I F2FS-fs (dm-42): recover_inode: ino = 10, name = per_boot_ref, inline = 2b
07-14 15:16:47.064   536   536 I F2FS-fs (dm-42): recover_data: ino = 10 (i_size: recover) recovered = 0, err = 0
07-14 15:16:47.064   536   536 I F2FS-fs (dm-42): recover_inode: ino = 14e3a, name = <encrypted>, inline = 21
07-14 15:16:47.065   536   536 I F2FS-fs (dm-42): recover_dentry: ino = 14e3a, name = <encrypted>, dir = 3a19, err = 0
07-14 15:16:47.065   536   536 I F2FS-fs (dm-42): recover_data: ino = 14e3a (i_size: recover) recovered = 0, err = 0
07-14 15:16:47.065   536   536 I F2FS-fs (dm-42): recover_inode: ino = 14e3a, name = <encrypted>, inline = 21
07-14 15:16:47.065   536   536 I F2FS-fs (dm-42): recover_data: ino = 14e3a (i_size: recover) recovered = 6, err = 0
07-14 15:16:47.065   536   536 I F2FS-fs (dm-42): recover_data: ino = 14e3a (i_size: recover) recovered = 0, err = 0
07-14 15:16:47.065   536   536 I F2FS-fs (dm-42): recover_data: ino = 14e3a (i_size: recover) recovered = 2, err = 0
07-14 15:16:47.066   536   536 I F2FS-fs (dm-42): recover_data: ino = 14e3a (i_size: recover) recovered = 1, err = 0
07-14 15:16:47.066   536   536 I F2FS-fs (dm-42): recover_data: ino = 14e3a (i_size: recover) recovered = 1, err = 0
07-14 15:16:47.066   536   536 I F2FS-fs (dm-42): recover_data: ino = 14e3a (i_size: recover) recovered = 1, err = 0
07-14 15:16:47.066   536   536 I F2FS-fs (dm-42): recover_data: ino = 14e3a (i_size: recover) recovered = 1, err = 0
07-14 15:16:47.066   536   536 I F2FS-fs (dm-42): recover_data: ino = 14e3a (i_size: recover) recovered = 1, err = 0
07-14 15:16:47.066   536   536 I F2FS-fs (dm-42): recover_inode: ino = 14e3a, name = <encrypted>, inline = 21
07-14 15:16:47.066   536   536 I F2FS-fs (dm-42): recover_data: ino = 14e3a (i_size: recover) recovered = 0, err = 0
07-14 15:16:47.066   536   536 I F2FS-fs (dm-42): recover_inode: ino = 14e3a, name = <encrypted>, inline = 21
07-14 15:16:47.066   536   536 I F2FS-fs (dm-42): recover_data: ino = 14e3a (i_size: recover) recovered = 0, err = 0
07-14 15:16:47.066   536   536 I F2FS-fs (dm-42): recover_inode: ino = 14e3a, name = <encrypted>, inline = 21
07-14 15:16:47.066   536   536 I F2FS-fs (dm-42): recover_data: ino = 14e3a (i_size: recover) recovered = 0, err = 0
07-14 15:16:47.066   536   536 I F2FS-fs (dm-42): recover_inode: ino = 14e3a, name = <encrypted>, inline = 21
07-14 15:16:47.066   536   536 I F2FS-fs (dm-42): recover_data: ino = 14e3a (i_size: recover) recovered = 642, err = 0
07-14 15:16:47.067   536   536 I F2FS-fs (dm-42): recover_data: ino = 14e3a (i_size: recover) recovered = 12, err = 0
07-14 15:16:47.067   536   536 I F2FS-fs (dm-42): recover_data: ino = 14e3a (i_size: recover) recovered = 322, err = 0
07-14 15:16:47.067   536   536 I F2FS-fs (dm-42): recover_data: ino = 14e3a (i_size: recover) recovered = 594, err = 0
07-14 15:16:47.068   536   536 I F2FS-fs (dm-42): recover_data: ino = 14e3a (i_size: recover) recovered = 403, err = 0
07-14 15:16:47.068   536   536 I F2FS-fs (dm-42): recover_data: ino = 14e3a (i_size: recover) recovered = 490, err = 0
07-14 15:16:47.068   536   536 I F2FS-fs (dm-42): recover_data: ino = 14e3a (i_size: recover) recovered = 74, err = 0
07-14 15:16:47.069   536   536 I F2FS-fs (dm-42): recover_data: ino = 14e3a (i_size: recover) recovered = 589, err = 0
07-14 15:16:47.069   536   536 I F2FS-fs (dm-42): recover_data: ino = 14e3a (i_size: recover) recovered = 770, err = 0
07-14 15:16:47.070   536   536 I F2FS-fs (dm-42): recover_data: ino = 14e3a (i_size: recover) recovered = 511, err = 0
07-14 15:16:47.070   536   536 I F2FS-fs (dm-42): recover_data: ino = 14e3a (i_size: recover) recovered = 304, err = 0
07-14 15:16:47.070   536   536 I F2FS-fs (dm-42): recover_data: ino = 14e3a (i_size: recover) recovered = 682, err = 0
07-14 15:16:47.070   536   536 I F2FS-fs (dm-42): recover_data: ino = 14e3a (i_size: recover) recovered = 65, err = 0
07-14 15:16:47.070   536   536 I F2FS-fs (dm-42): recover_inode: ino = 14e3a, name = <encrypted>, inline = 21
07-14 15:16:47.070   536   536 I F2FS-fs (dm-42): recover_data: ino = 14e3a (i_size: recover) recovered = 0, err = 0
07-14 15:16:47.070   536   536 I F2FS-fs (dm-42): recover_inode: ino = 14e3a, name = <encrypted>, inline = 21
07-14 15:16:47.070   536   536 I F2FS-fs (dm-42): recover_data: ino = 14e3a (i_size: recover) recovered = 3, err = 0
07-14 15:16:47.070   536   536 I F2FS-fs (dm-42): recover_data: ino = 14e3a (i_size: recover) recovered = 1, err = 0
07-14 15:16:47.070   536   536 I F2FS-fs (dm-42): recover_data: ino = 14e3a (i_size: recover) recovered = 1, err = 0
07-14 15:16:47.070   536   536 I F2FS-fs (dm-42): recover_data: ino = 14e3a (i_size: recover) recovered = 3, err = 0
07-14 15:16:47.070   536   536 I F2FS-fs (dm-42): recover_data: ino = 14e3a (i_size: recover) recovered = 5, err = 0
07-14 15:16:47.070   536   536 I F2FS-fs (dm-42): recover_data: ino = 14e3a (i_size: recover) recovered = 3, err = 0
07-14 15:16:47.070   536   536 I F2FS-fs (dm-42): recover_data: ino = 14e3a (i_size: recover) recovered = 1, err = 0
07-14 15:16:47.070   536   536 I F2FS-fs (dm-42): recover_inode: ino = 14e3a, name = <encrypted>, inline = 21
07-14 15:16:47.070   536   536 I F2FS-fs (dm-42): recover_data: ino = 14e3a (i_size: recover) recovered = 0, err = 0
07-14 15:16:47.070   536   536 I F2FS-fs (dm-42): recover_inode: ino = 14e3a, name = <encrypted>, inline = 21
07-14 15:16:47.070   536   536 I F2FS-fs (dm-42): recover_data: ino = 14e3a (i_size: recover) recovered = 0, err = 0
07-14 15:16:47.071   536   536 I F2FS-fs (dm-42): checkpoint: version = 56d4c99d
07-14 15:16:47.083   536   536 I F2FS-fs (dm-42): Mounted with checkpoint version = 56d4c99d
07-14 15:16:47.110   598   598 W libbinder.BackendUnifiedServiceManager: Thread Pool max thread count is 0. Cannot cache binder as linkToDeath cannot be implemented. serviceName: vold
07-14 15:16:47.110   598   598 D vdc     : Waited 0ms for vold
07-14 15:16:47.131   599   599 W libbinder.BackendUnifiedServiceManager: Thread Pool max thread count is 0. Cannot cache binder as linkToDeath cannot be implemented. serviceName: vold
07-14 15:16:47.131   599   599 D vdc     : Waited 0ms for vold
07-14 15:16:47.163     1     1 I fscrypt : AES-256-CTS-CBC using implementation "cts-cbc-aes-ce"
07-14 15:16:47.196   606   606 W libbinder.BackendUnifiedServiceManager: Thread Pool max thread count is 0. Cannot cache binder as linkToDeath cannot be implemented. serviceName: vold
07-14 15:16:47.196   606   606 D vdc     : Waited 0ms for vold
07-14 15:16:47.262   610   610 I apexd   : Started. subcommand = (null)
07-14 15:16:47.263   610   610 W libbinder.BackendUnifiedServiceManager: Thread Pool max thread count is 0. Cannot cache binder as linkToDeath cannot be implemented. serviceName: vold
07-14 15:16:47.263   610   610 I apexd   : Scanning /system/apex for pre-installed ApexFiles
07-14 15:16:47.263   610   610 I apexd   : Found pre-installed APEX /system/apex/com.android.wifi.capex
07-14 15:16:47.263   610   610 I apexd   : Found pre-installed APEX /system/apex/com.android.extservices.capex
07-14 15:16:47.263   610   610 I apexd   : Found pre-installed APEX /system/apex/com.android.bt.capex
07-14 15:16:47.263   610   610 I apexd   : Found pre-installed APEX /system/apex/com.android.os.statsd.apex
07-14 15:16:47.263   610   610 I apexd   : Found pre-installed APEX /system/apex/com.android.adbd.capex
07-14 15:16:47.263   610   610 I apexd   : Found pre-installed APEX /system/apex/com.android.healthfitness.apex
07-14 15:16:47.263   610   610 I apexd   : Found pre-installed APEX /system/apex/com.android.rkpd.apex
07-14 15:16:47.419   655   655 I device-mapper: verity: sha256 using implementation "sha256-ce"
07-14 15:16:47.422   655   655 I EXT4-fs (dm-9): mounted filesystem without journal. Opts: (null)
07-14 15:16:47.428   649   649 I device-mapper: verity: sha256 using implementation "sha256-ce"
07-14 15:16:47.428   650   650 I device-mapper: verity: sha256 using implementation "sha256-ce"
07-14 15:16:47.431   650   650 I EXT4-fs (dm-7): mounted filesystem without journal. Opts: (null)
07-14 15:16:47.432   649   649 I EXT4-fs (dm-6): mounted filesystem without journal. Opts: (null)
07-14 15:16:47.432   651   651 I device-mapper: verity: sha256 using implementation "sha256-ce"
07-14 15:16:47.434   681   681 I device-mapper: verity: sha256 using implementation "sha256-ce"
07-14 15:16:47.434   658   658 I device-mapper: verity: sha256 using implementation "sha256-ce"
07-14 15:16:47.434   663   663 I device-mapper: verity: sha256 using implementation "sha256-ce"
07-14 15:16:47.435   670   670 I device-mapper: verity: sha256 using implementation "sha256-ce"
07-14 15:16:47.435   674   674 I device-mapper: verity: sha256 using implementation "sha256-ce"
07-14 15:16:47.436   657   657 I device-mapper: verity: sha256 using implementation "sha256-ce"
07-14 15:16:47.436   664   664 I device-mapper: verity: sha256 using implementation "sha256-ce"
07-14 15:16:47.436   662   662 I device-mapper: verity: sha256 using implementation "sha256-ce"
07-14 15:16:47.436   675   675 I device-mapper: verity: sha256 using implementation "sha256-ce"
07-14 15:16:47.438   671   671 I EXT4-fs (loop18): mounted filesystem without journal. Opts: (null)
07-14 15:16:47.439   679   679 I EXT4-fs (loop27): mounted filesystem without journal. Opts: (null)
07-14 15:16:47.439   678   678 I EXT4-fs (loop25): mounted filesystem without journal. Opts: (null)
07-14 15:16:47.440   659   659 I EXT4-fs (loop9): mounted filesystem without journal. Opts: (null)
07-14 15:16:47.441   673   673 I device-mapper: verity: sha256 using implementation "sha256-ce"
07-14 15:16:47.441   682   682 I device-mapper: verity: sha256 using implementation "sha256-ce"
07-14 15:16:47.441   680   680 I device-mapper: verity: sha256 using implementation "sha256-ce"
07-14 15:16:47.442   653   653 I device-mapper: verity: sha256 using implementation "sha256-ce"
07-14 15:16:47.442   676   676 I EXT4-fs (loop24): mounted filesystem without journal. Opts: (null)
07-14 15:16:47.442   661   661 I device-mapper: verity: sha256 using implementation "sha256-ce"
07-14 15:16:47.442   677   677 I device-mapper: verity: sha256 using implementation "sha256-ce"
07-14 15:16:47.442   672   672 I device-mapper: verity: sha256 using implementation "sha256-ce"
07-14 15:16:47.443   654   654 I device-mapper: verity: sha256 using implementation "sha256-ce"
07-14 15:16:47.443   670   670 I EXT4-fs (dm-22): mounted filesystem without journal. Opts: (null)
07-14 15:16:47.443   651   651 I EXT4-fs (dm-8): mounted filesystem without journal. Opts: (null)
07-14 15:16:47.444   674   674 I EXT4-fs (dm-23): mounted filesystem without journal. Opts: (null)
