07-14 15:16:44.610   213   213 I fastrpc soc: qcom,msm_fastrpc:qcom,msm_fastrpc_compute_cb14: Adding to iommu group 15
07-14 15:16:44.610   213   213 I fastrpc soc: qcom,msm_fastrpc:qcom,msm_fastrpc_compute_cb15: Adding to iommu group 16
07-14 15:16:44.611   213   213 I fastrpc soc: qcom,msm_fastrpc:qcom,msm_fastrpc_compute_cb16: Adding to iommu group 17
07-14 15:16:44.612   213   213 E spmi-0  : pmic_arb_wait_for_done: transaction failed (0x3)
07-14 15:16:44.612   213   213 E spmi-temp-alarm c440000.qcom,spmi: qcom,pmr735a@4:qcom,temp-alarm@a00: could not read type
07-14 15:16:44.612   213   213 W spmi-temp-alarm: probe of c440000.qcom,spmi:qcom,pmr735a@4:qcom,temp-alarm@a00 failed with error -5
07-14 15:16:44.629   213   213 I qce 1de0000.qcedev: Adding to iommu group 18
07-14 15:16:44.629   213   213 I QCE50   : __qce_get_device_tree_data: CE operating frequency is not defined, setting to default 100MHZ
07-14 15:16:44.629   213   213 I qce 1de0000.qcedev: QTI Crypto 5.6.0 device found @0x1de0000
07-14 15:16:44.629   213   213 I sps     : BAM 0x0000000001dc4000 is registered
07-14 15:16:44.629   213   213 I sps     : BAM 0x0000000001dc4000 (va:0x000000007596a06a) enabled: ver:0x27, number of pipes:16
07-14 15:16:44.629   213   213 I QCE50   : qce_sps_init:  QTI MSM CE-BAM at 0x0000000001dc4000 irq 9
07-14 15:16:44.630   213   213 I qce 1de0000.qcedev: qcom_cedev_ns_cb: Adding to iommu group 19
07-14 15:16:44.630   213   213 I qce 1de0000.qcedev: qcom_cedev_s_cb: Adding to iommu group 20
07-14 15:16:44.630   213   213 I qcrypto 1de0000.qcrypto: Adding to iommu group 21
07-14 15:16:44.631   213   213 I QCE50   : __qce_get_device_tree_data: CE operating frequency is not defined, setting to default 100MHZ
07-14 15:16:44.631   213   213 I qcrypto 1de0000.qcrypto: QTI Crypto 5.6.0 device found @0x1de0000
07-14 15:16:44.631   213   213 I QCE50   : qce_sps_init:  QTI MSM CE-BAM at 0x0000000001dc4000 irq 9
07-14 15:16:44.631   213   213 I qcrypto 1de0000.qcrypto: qcrypto-ecb-aes
07-14 15:16:44.631   213   213 I qcrypto 1de0000.qcrypto: qcrypto-cbc-aes
07-14 15:16:44.631   213   213 I qcrypto 1de0000.qcrypto: qcrypto-ctr-aes
07-14 15:16:44.631   213   213 I qcrypto 1de0000.qcrypto: qcrypto-ecb-des
07-14 15:16:44.631   213   213 I qcrypto 1de0000.qcrypto: qcrypto-cbc-des
07-14 15:16:44.632   213   213 I qcrypto 1de0000.qcrypto: qcrypto-ecb-3des
07-14 15:16:44.632   213   213 I qcrypto 1de0000.qcrypto: qcrypto-cbc-3des
07-14 15:16:44.632   213   213 I qcrypto 1de0000.qcrypto: qcrypto-xts-aes
07-14 15:16:44.632   213   213 I qcrypto 1de0000.qcrypto: qcrypto-sha1
07-14 15:16:44.632   213   213 I qcrypto 1de0000.qcrypto: qcrypto-sha256
07-14 15:16:44.632   213   213 I qcrypto 1de0000.qcrypto: qcrypto-aead-hmac-sha1-cbc-aes
07-14 15:16:44.632   213   213 I qcrypto 1de0000.qcrypto: qcrypto-aead-hmac-sha1-cbc-des
07-14 15:16:44.632   213   213 I qcrypto 1de0000.qcrypto: qcrypto-aead-hmac-sha1-cbc-3des
07-14 15:16:44.632   213   213 I qcrypto 1de0000.qcrypto: qcrypto-aead-hmac-sha256-cbc-aes
07-14 15:16:44.632   213   213 I qcrypto 1de0000.qcrypto: qcrypto-aead-hmac-sha256-cbc-des
07-14 15:16:44.632   213   213 I qcrypto 1de0000.qcrypto: qcrypto-aead-hmac-sha256-cbc-3des
07-14 15:16:44.632   213   213 I qcrypto 1de0000.qcrypto: qcrypto-hmac-sha1
07-14 15:16:44.632   213   213 I qcrypto 1de0000.qcrypto: qcrypto-hmac-sha256
07-14 15:16:44.633   213   213 I qcrypto 1de0000.qcrypto: qcrypto-aes-ccm
07-14 15:16:44.633   213   213 I qcrypto 1de0000.qcrypto: qcrypto-rfc4309-aes-ccm
07-14 15:16:44.633   213   213 I uaudio-qmi soc: usb_audio_qmi_dev: Adding to iommu group 22
07-14 15:16:44.633   213   213 E [drm:sde_power_parse_ib_votes:474]: error reading min core ib vote. rc=-22, np=3f4950a8
07-14 15:16:44.633   213   213 E [drm:sde_power_parse_ib_votes:482]: error reading min llcc ib vote. rc=-22
07-14 15:16:44.633   213   213 E [drm:sde_power_parse_ib_votes:490]: error reading min dram ib vote. rc=-22
07-14 15:16:44.633   213   213 I [sde_rsc_hw:rsc_hw_init_v3:537]: sde rsc init successfully done
07-14 15:16:44.633   213   213 I [sde_rsc:sde_rsc_probe:1799]: sde rsc index:0 probed successfully
07-14 15:16:44.634   213   213 I msmdrm_smmu soc: qcom,smmu_sde_unsec_cb: Adding to iommu group 23
07-14 15:16:44.634   213   213 I         : [drm] probing device qcom,smmu_sde_unsec
07-14 15:16:44.634   213   213 I         : [drm] Created domain mdp_ns, secure=0
07-14 15:16:44.634   213   213 I msmdrm_smmu soc: qcom,smmu_sde_sec_cb: Adding to iommu group 24
07-14 15:16:44.634   213   213 I         : [drm] probing device qcom,smmu_sde_sec
07-14 15:16:44.634   213   213 I         : [drm] Created domain mdp_s, secure=1
07-14 15:16:44.634   213   213 I msm_cam_smmu soc: qcom,cam_smmu:msm_cam_smmu_ife: Adding to iommu group 25
07-14 15:16:44.635   213   213 I msm_cam_smmu soc: qcom,cam_smmu:msm_cam_smmu_jpeg: Adding to iommu group 26
07-14 15:16:44.635   213   213 I msm_cam_smmu soc: qcom,cam_smmu:msm_cam_smmu_icp: Adding to iommu group 27
07-14 15:16:44.635   213   213 I msm_cam_smmu soc: qcom,cam_smmu:msm_cam_smmu_cpas_cdm: Adding to iommu group 28
07-14 15:16:44.635   213   213 I msm_cam_smmu soc: qcom,cam_smmu:msm_cam_smmu_lrme: Adding to iommu group 29
07-14 15:16:44.637   213   213 I qupv3_geni_se 9c0000.qcom,qupv3_0_geni_se: Adding to iommu group 30
07-14 15:16:44.637   213   213 I qupv3_geni_se ac0000.qcom,qupv3_1_geni_se: Adding to iommu group 31
07-14 15:16:44.638   213   213 I icnss2 17a10040.qcom,wcn6750: Adding to iommu group 32
07-14 15:16:44.638   213   213 I icnss2  : Recursive recovery allowed for WLAN
07-14 15:16:44.638   213   213 I icnss2 17a10040.qcom,wcn6750: for wcss_msa0 segments only will be dumped.
07-14 15:16:44.638   213   213 I icnss2 17a10040.qcom,wcn6750: for wcnss_phyareg segments only will be dumped.
07-14 15:16:44.638   213   213 I icnss2 17a10040.qcom,wcn6750: for wcnss_phydbg segments only will be dumped.
07-14 15:16:44.638   213   213 I icnss2 17a10040.qcom,wcn6750: for wcnss_wmac0reg segments only will be dumped.
07-14 15:16:44.638   213   213 I icnss2 17a10040.qcom,wcn6750: for wcnss_WCSSDBG segments only will be dumped.
07-14 15:16:44.638   213   213 I icnss2 17a10040.qcom,wcn6750: for wcnss_PHYAPDMEM segments only will be dumped.
07-14 15:16:44.638   213   213 E         : Unable to create debugfs -19
07-14 15:16:44.638   213   213 I icnss2  : Platform driver probed successfully
07-14 15:16:44.640   213   213 I ufshcd-qcom 1d84000.ufshc: Adding to iommu group 33
07-14 15:16:44.640   213   213 I ufshcd-qcom 1d84000.ufshc: ufshcd_populate_vreg: unable to find vdd-hba-max-microamp
07-14 15:16:44.640   213   213 I ufshcd-qcom 1d84000.ufshc: ufshcd_populate_vreg: Unable to find vccq2-supply regulator, assuming enabled
07-14 15:16:44.641   213   213 I ufshcd-qcom 1d84000.ufshc: -- Registered bus voting! (0) --
07-14 15:16:44.641   213   213 I ufshcd-qcom 1d84000.ufshc: ufs_qcom_parse_reg_info: Unable to find qcom,vccq-parent-supply regulator, assuming enabled
07-14 15:16:44.641   213   213 I scsi host0: ufshcd
07-14 15:16:44.648    58    58 E ufshcd-qcom 1d84000.ufshc: *** This is drivers/scsi/ufs/ufshcd.c ***
07-14 15:16:44.650     8     8 I sdhci_msm 7c4000.sdhci: Adding to iommu group 34
07-14 15:16:44.650     8     8 W sdhci_msm 7c4000.sdhci: TCXO clk not present (-2)
07-14 15:16:44.651   306   306 I sdhci_msm 8804000.sdhci: Adding to iommu group 35
07-14 15:16:44.651   213   213 E OF      : graph: no port node found in /soc/qcom,dsi-display-primary
07-14 15:16:44.651   306   306 I sdhci_msm 8804000.sdhci: Got CD GPIO
07-14 15:16:44.651   306   306 E sdhci_msm 8804000.sdhci: core_reset unavailable,err = -2
07-14 15:16:44.651   306   306 W sdhci_msm 8804000.sdhci: TCXO clk not present (-2)
07-14 15:16:44.651     8     8 I mmc0    : CQHCI version 5.10
07-14 15:16:44.653   213   213 I ipa 1e00000.qcom,ipa: ipa_smmu_ap: Adding to iommu group 36
07-14 15:16:44.653   213   213 I ipa 1e00000.qcom,ipa: ipa_smmu_wlan: Adding to iommu group 37
07-14 15:16:44.654   213   213 I ipa 1e00000.qcom,ipa: ipa_smmu_uc: Adding to iommu group 38
07-14 15:16:44.654   213   213 I ipa 1e00000.qcom,ipa: ipa_smmu_11ad: Adding to iommu group 39
07-14 15:16:44.654   213   213 I adreno-a6xx-gmu 3d6a000.qcom,gmu: Adding to iommu group 40
07-14 15:16:44.655   307   307 W subsys-pil-tz soc: qcom,ipa_fws: Direct firmware load for yupik_ipa_fws.mdt failed with error -2
07-14 15:16:44.655   307   307 W subsys-pil-tz soc: qcom,ipa_fws: Falling back to sysfs fallback for: yupik_ipa_fws.mdt
07-14 15:16:44.655   213   213 I kgsl-3d 3d00000.qcom,kgsl-3d0: bound 3d6a000.qcom,gmu (ops a6xx_gmu_component_ops)
07-14 15:16:44.657   213   213 I platform 3da0000.qcom,kgsl-iommu: gfx3d_user: Adding to iommu group 41
07-14 15:16:44.657   213   213 I platform 3da0000.qcom,kgsl-iommu: gfx3d_lpac: Adding to iommu group 42
07-14 15:16:44.658   213   213 I platform 3da0000.qcom,kgsl-iommu: gfx3d_secure: Adding to iommu group 43
07-14 15:16:44.661   213   213 I i2c_geni 984000.i2c: Multi-EE usecase
07-14 15:16:44.661   213   213 I i2c_geni 984000.i2c: Bus frequency is set to 400000Hz.
07-14 15:16:44.665    58    58 E ufshcd-qcom 1d84000.ufshc: ufshcd_print_pwr_info:[RX, TX]: gear=[1, 1], lane[1, 1], pwr[SLOWAUTO_MODE, SLOWAUTO_MODE], rate = 0
07-14 15:16:44.681   306   306 I gpiochip0: (f000000.pinctrl): allocate IRQ 292, hwirq 91
07-14 15:16:44.681   306   306 I gpiochip0: (f000000.pinctrl): found parent hwirq 76
07-14 15:16:44.681   306   306 I gpiochip0: (f000000.pinctrl): alloc_irqs_parent for 292 parent hwirq 76
07-14 15:16:44.681   306   306 I mmc1    : SDHCI controller on 8804000.sdhci [8804000.sdhci] using ADMA 64-bit
07-14 15:16:44.681   306   306 E sdhci_msm 8804000.sdhci: IRQ sdiowakeup_irq not found
07-14 15:16:44.683     8     8 I mmc0    : SDHCI controller on 7c4000.sdhci [7c4000.sdhci] using ADMA 64-bit
07-14 15:16:44.683     8     8 I sdhci_msm 7c4000.sdhci: mmc0: CQE init: success
07-14 15:16:44.683     8     8 E sdhci_msm 7c4000.sdhci: IRQ sdiowakeup_irq not found
07-14 15:16:44.748    58    58 E ufshcd-qcom 1d84000.ufshc: ufshcd_print_pwr_info:[RX, TX]: gear=[1, 1], lane[1, 1], pwr[SLOWAUTO_MODE, SLOWAUTO_MODE], rate = 0
07-14 15:16:44.765   213   213 E rtc6226 : rtc6226_i2c_probe: rtc6226,vdd-load val 15000
07-14 15:16:44.765   213   213 E rtc6226 : rtc6226_pinctrl_init: target does not use pinctrl
07-14 15:16:44.765   213   213 E rtc6226 : rtc6226_i2c_probe: rtc6226_pinctrl_init returned -19
07-14 15:16:44.768   213   213 I I2C PMIC: i2c_pmic_probe: I2C PMIC probe successful
07-14 15:16:44.770   213   213 I pm8008i_l1: supplied by pm7325_s8
07-14 15:16:44.772   213   213 I pm8008i_l2: supplied by pm7325_s8
07-14 15:16:44.774   213   213 I pm8008i_l3: supplied by pm8350c_bob
07-14 15:16:44.776   213   213 I pm8008i_l4: supplied by pm8350c_bob
07-14 15:16:44.778   213   213 I pm8008i_l5: supplied by pm7325_s1
07-14 15:16:44.780   213   213 I pm8008i_l6: supplied by pm8350c_bob
07-14 15:16:44.782   213   213 I pm8008i_l7: supplied by pm8350c_bob
07-14 15:16:44.783   213   213 I I2C PMIC: i2c_pmic_probe: I2C PMIC probe successful
07-14 15:16:44.783   213   213 E PM8008  : pm8008_read: failed to read 0x0950
07-14 15:16:44.783   213   213 E PM8008  : _pm8008_chip_is_enabled: qcom,pm8008-chip-en: failed to get chip state rc=-107
07-14 15:16:44.783   213   213 E PM8008  : pm8008_chip_probe: Failed to register chip enable regulator rc=-107
07-14 15:16:44.783   213   213 W qcom,pm8008-chip: probe of 984000.i2c:pm8008j@c:pm8008-chip@900 failed with error -107
07-14 15:16:44.783   213   213 I I2C PMIC: i2c_pmic_probe: I2C PMIC probe successful
07-14 15:16:44.783   213   213 I I2C PMIC: i2c_pmic_probe: I2C PMIC probe successful
07-14 15:16:44.784   213   213 I i2c_geni 984000.i2c: I2C probed
07-14 15:16:44.784   213   213 I i2c_geni 98c000.i2c: Bus frequency is set to 400000Hz.
07-14 15:16:44.784   213   213 I gpiochip0: (f000000.pinctrl): allocate IRQ 293, hwirq 102
07-14 15:16:44.784   213   213 I gpiochip0: (f000000.pinctrl): found parent hwirq 96
07-14 15:16:44.784   213   213 I gpiochip0: (f000000.pinctrl): alloc_irqs_parent for 293 parent hwirq 96
07-14 15:16:44.784   213   213 I [tfa98xx] tfa98xx_i2c_probe(): addr=0x34
07-14 15:16:44.784   213   213 D tfa98xx 1-0034: reset-polarity:1
07-14 15:16:44.784   213   213 E tfa98xx 1-0034: property nxp,spk-id-pin not detected in node tfa98xx_1@34
07-14 15:16:44.804   213   213 I [tfa98xx] tfa98xx_i2c_probe(): TFA9873 detected
07-14 15:16:44.804   213   213 I [tfa98xx] tfa98xx_append_i2c_address(): tfa98xx_append_i2c_address()  dai_drv[0].name = [tfa98xx-aif-1-34]
07-14 15:16:44.804   213   213 I [tfa98xx] tfa98xx_append_i2c_address(): tfa98xx_append_i2c_address()  dai_drv[0].playback.stream_name = [AIF Playback-1-34]
07-14 15:16:44.804   213   213 I [tfa98xx] tfa98xx_append_i2c_address(): tfa98xx_append_i2c_address()  dai_drv[0].capture.stream_name = [AIF Capture-1-34]
07-14 15:16:44.804   213   213 I [tfa98xx] tfa98xx_init_misc_device(): entry
07-14 15:16:44.804   213   213 I [tfa98xx] tfa98xx_init_misc_device(): I2C bus=0x1  address=0x34
07-14 15:16:44.804   213   213 I [tfa98xx] tfa98xx_init_misc_device(): register misc device successed.
07-14 15:16:44.804   213   213 I [tfa98xx] tfa98xx_i2c_probe(): tfa98xx_i2c_probe Probe completed successfully!
07-14 15:16:44.805   213   213 I gpiochip0: (f000000.pinctrl): allocate IRQ 294, hwirq 24
07-14 15:16:44.805   213   213 I gpiochip0: (f000000.pinctrl): found parent hwirq 86
07-14 15:16:44.805   213   213 I gpiochip0: (f000000.pinctrl): alloc_irqs_parent for 294 parent hwirq 86
07-14 15:16:44.805   213   213 I [tfa98xx] tfa98xx_i2c_probe(): addr=0x35
07-14 15:16:44.805   213   213 D tfa98xx 1-0035: reset-polarity:1
07-14 15:16:44.805   213   213 E         : No spk_sw_gpio GPIO provided
07-14 15:16:44.805   213   213 E tfa98xx 1-0035: property nxp,spk-id-pin not detected in node tfa98xx_2@35
07-14 15:16:44.805   213   213 I [tfa98xx] tfa98xx_i2c_probe(): TFA9873 detected
07-14 15:16:44.805   213   213 I [tfa98xx] tfa98xx_append_i2c_address(): tfa98xx_append_i2c_address()  dai_drv[0].name = [tfa98xx-aif-1-35]
07-14 15:16:44.805   213   213 I [tfa98xx] tfa98xx_append_i2c_address(): tfa98xx_append_i2c_address()  dai_drv[0].playback.stream_name = [AIF Playback-1-35]
07-14 15:16:44.805   213   213 I [tfa98xx] tfa98xx_append_i2c_address(): tfa98xx_append_i2c_address()  dai_drv[0].capture.stream_name = [AIF Capture-1-35]
07-14 15:16:44.805   213   213 I [tfa98xx] tfa98xx_i2c_probe(): tfa98xx_i2c_probe Probe completed successfully!
07-14 15:16:44.805   213   213 I i2c_geni 98c000.i2c: I2C probed
07-14 15:16:44.805   213   213 I i2c_geni 990000.i2c: Bus frequency is set to 400000Hz.
07-14 15:16:44.805   213   213 I aw8624_i2c_probe: enter
07-14 15:16:44.805   213   213 I aw8624_parse_dt: enter
07-14 15:16:44.805   213   213 I aw8624_haptic 2-005a: aw8624_parse_dt: reset gpio provided ok
07-14 15:16:44.805   213   213 I aw8624_haptic 2-005a: aw8624_parse_dt: irq gpio provided ok.
07-14 15:16:44.805   213   213 E aw8624_parse_dt: vib_mode not found
07-14 15:16:44.805   213   213 E aw8624_parse_dt: vib_rtp_time not found
07-14 15:16:44.805   213   213 I aw8624_parse_dt: ---2750 aw8624->effects_count=10
07-14 15:16:44.805   213   213 W aw8624_parse_dt: effect_id: 0
07-14 15:16:44.805   213   213 W aw8624_parse_dt: ---2767 effect->vmax_mv =3600
07-14 15:16:44.805   213   213 W aw8624_parse_dt: 2793  effect->pattern_length=2  effect->pattern=293715840
07-14 15:16:44.805   213   213 W aw8624_parse_dt: ---2805 effect->play_rate_us=20000
07-14 15:16:44.805   213   213 W aw8624_parse_dt: Read  qcom,wf-repeat-count failed !
07-14 15:16:44.805   213   213 W aw8624_parse_dt: Read  qcom,wf-s-repeat-count failed !
07-14 15:16:44.805   213   213 W aw8624_parse_dt: effect_id: 1
07-14 15:16:44.805   213   213 W aw8624_parse_dt: ---2767 effect->vmax_mv =3600
07-14 15:16:44.805   213   213 W aw8624_parse_dt: 2793  effect->pattern_length=2  effect->pattern=293709184
07-14 15:16:44.805   213   213 W aw8624_parse_dt: ---2805 effect->play_rate_us=20000
07-14 15:16:44.805   213   213 W aw8624_parse_dt: Read  qcom,wf-repeat-count failed !
07-14 15:16:44.805   213   213 W aw8624_parse_dt: Read  qcom,wf-s-repeat-count failed !
07-14 15:16:44.805   213   213 W aw8624_parse_dt: effect_id: 2
07-14 15:16:44.805   213   213 W aw8624_parse_dt: ---2767 effect->vmax_mv =3600
07-14 15:16:44.805   213   213 W aw8624_parse_dt: 2793  effect->pattern_length=2  effect->pattern=293712256
07-14 15:16:44.805   213   213 W aw8624_parse_dt: ---2805 effect->play_rate_us=20000
07-14 15:16:44.805   213   213 W aw8624_parse_dt: Read  qcom,wf-repeat-count failed !
07-14 15:16:44.805   213   213 W aw8624_parse_dt: Read  qcom,wf-s-repeat-count failed !
07-14 15:16:44.805   213   213 W aw8624_parse_dt: effect_id: 3
07-14 15:16:44.805   213   213 W aw8624_parse_dt: ---2767 effect->vmax_mv =3600
07-14 15:16:44.805   213   213 W aw8624_parse_dt: 2793  effect->pattern_length=2  effect->pattern=293713024
07-14 15:16:44.805   213   213 W aw8624_parse_dt: ---2805 effect->play_rate_us=20000
07-14 15:16:44.805   213   213 W aw8624_parse_dt: Read  qcom,wf-repeat-count failed !
07-14 15:16:44.805   213   213 W aw8624_parse_dt: Read  qcom,wf-s-repeat-count failed !
07-14 15:16:44.805   213   213 W aw8624_parse_dt: effect_id: 4
07-14 15:16:44.805   213   213 W aw8624_parse_dt: ---2767 effect->vmax_mv =3600
07-14 15:16:44.805   213   213 W aw8624_parse_dt: 2793  effect->pattern_length=2  effect->pattern=293711232
07-14 15:16:44.805   213   213 W aw8624_parse_dt: ---2805 effect->play_rate_us=28000
07-14 15:16:44.805   213   213 W aw8624_parse_dt: Read  qcom,wf-repeat-count failed !
07-14 15:16:44.805   213   213 W aw8624_parse_dt: Read  qcom,wf-s-repeat-count failed !
07-14 15:16:44.805   213   213 W aw8624_parse_dt: effect_id: 5
07-14 15:16:44.805   213   213 W aw8624_parse_dt: ---2767 effect->vmax_mv =3600
07-14 15:16:44.805   213   213 W aw8624_parse_dt: 2793  effect->pattern_length=3  effect->pattern=293710720
07-14 15:16:44.805   213   213 W aw8624_parse_dt: ---2805 effect->play_rate_us=20000
07-14 15:16:44.805   213   213 W aw8624_parse_dt: Read  qcom,wf-repeat-count failed !
07-14 15:16:44.805   213   213 W aw8624_parse_dt: Read  qcom,wf-s-repeat-count failed !
07-14 15:16:44.805   213   213 W aw8624_parse_dt: effect_id: 6
07-14 15:16:44.805   213   213 W aw8624_parse_dt: ---2767 effect->vmax_mv =3600
07-14 15:16:44.805   213   213 W aw8624_parse_dt: 2793  effect->pattern_length=2  effect->pattern=293708160
07-14 15:16:44.805   213   213 W aw8624_parse_dt: ---2805 effect->play_rate_us=20000
07-14 15:16:44.805   213   213 W aw8624_parse_dt: Read  qcom,wf-repeat-count failed !
07-14 15:16:44.805   213   213 W aw8624_parse_dt: Read  qcom,wf-s-repeat-count failed !
07-14 15:16:44.805   213   213 W aw8624_parse_dt: effect_id: 7
07-14 15:16:44.805   213   213 W aw8624_parse_dt: ---2767 effect->vmax_mv =3600
07-14 15:16:44.805   213   213 W aw8624_parse_dt: 2793  effect->pattern_length=2  effect->pattern=293714816
07-14 15:16:44.805   213   213 W aw8624_parse_dt: ---2805 effect->play_rate_us=20000
07-14 15:16:44.805   213   213 W aw8624_parse_dt: Read  qcom,wf-repeat-count failed !
07-14 15:16:44.805   213   213 W aw8624_parse_dt: Read  qcom,wf-s-repeat-count failed !
07-14 15:16:44.805   213   213 W aw8624_parse_dt: effect_id: 8
07-14 15:16:44.805   213   213 W aw8624_parse_dt: ---2767 effect->vmax_mv =3600
07-14 15:16:44.805   213   213 W aw8624_parse_dt: 2793  effect->pattern_length=2  effect->pattern=293715328
07-14 15:16:44.805   213   213 W aw8624_parse_dt: ---2805 effect->play_rate_us=20000
07-14 15:16:44.805   213   213 W aw8624_parse_dt: Read  qcom,wf-repeat-count failed !
07-14 15:16:44.805   213   213 W aw8624_parse_dt: Read  qcom,wf-s-repeat-count failed !
07-14 15:16:44.805   213   213 W aw8624_parse_dt: effect_id: 9
07-14 15:16:44.805   213   213 W aw8624_parse_dt: ---2767 effect->vmax_mv =3600
07-14 15:16:44.805   213   213 W aw8624_parse_dt: 2793  effect->pattern_length=2  effect->pattern=293713536
07-14 15:16:44.805   213   213 W aw8624_parse_dt: ---2805 effect->play_rate_us=20000
07-14 15:16:44.805   213   213 W aw8624_parse_dt: Read  qcom,wf-repeat-count failed !
07-14 15:16:44.805   213   213 W aw8624_parse_dt: Read  qcom,wf-s-repeat-count failed !
07-14 15:16:44.805   213   213 W aw8624_parse_dt: effect_id: 0
07-14 15:16:44.805   213   213 W aw8624_parse_dt: vmax: 3600 mv
07-14 15:16:44.805   213   213 W aw8624_parse_dt: play_rate: 20000 us
07-14 15:16:44.805   213   213 W aw8624_parse_dt: pattern[0]: 0x3e
07-14 15:16:44.805   213   213 W aw8624_parse_dt: pattern[1]: 0x3e
07-14 15:16:44.805   213   213 W aw8624_parse_dt: brake_pattern[0]: 0x2
07-14 15:16:44.805   213   213 W aw8624_parse_dt: brake_pattern[1]: 0x1
07-14 15:16:44.805   213   213 W aw8624_parse_dt: brake_pattern[2]: 0x0
07-14 15:16:44.805   213   213 W aw8624_parse_dt: brake_pattern[3]: 0x0
07-14 15:16:44.805   213   213 W aw8624_parse_dt: brake_en: 0
07-14 15:16:44.805   213   213 W aw8624_parse_dt: wf_repeat_n: 0
07-14 15:16:44.805   213   213 W aw8624_parse_dt: wf_s_repeat_n: 0
07-14 15:16:44.805   213   213 W aw8624_parse_dt: lra_auto_res_disable: 0
07-14 15:16:44.805   213   213 W aw8624_parse_dt: effect_id: 1
07-14 15:16:44.805   213   213 W aw8624_parse_dt: vmax: 3600 mv
07-14 15:16:44.805   213   213 W aw8624_parse_dt: play_rate: 20000 us
07-14 15:16:44.805   213   213 W aw8624_parse_dt: pattern[0]: 0x7e
07-14 15:16:44.805   213   213 W aw8624_parse_dt: pattern[1]: 0x3e
07-14 15:16:44.805   213   213 W aw8624_parse_dt: brake_pattern[0]: 0x3
07-14 15:16:44.805   213   213 W aw8624_parse_dt: brake_pattern[1]: 0x1
07-14 15:16:44.805   213   213 W aw8624_parse_dt: brake_pattern[2]: 0x0
07-14 15:16:44.805   213   213 W aw8624_parse_dt: brake_pattern[3]: 0x0
07-14 15:16:44.805   213   213 W aw8624_parse_dt: brake_en: 0
07-14 15:16:44.805   213   213 W aw8624_parse_dt: wf_repeat_n: 0
07-14 15:16:44.805   213   213 W aw8624_parse_dt: wf_s_repeat_n: 0
07-14 15:16:44.805   213   213 W aw8624_parse_dt: lra_auto_res_disable: 0
07-14 15:16:44.805   213   213 W aw8624_parse_dt: effect_id: 2
07-14 15:16:44.805   213   213 W aw8624_parse_dt: vmax: 3600 mv
07-14 15:16:44.805   213   213 W aw8624_parse_dt: play_rate: 20000 us
07-14 15:16:44.805   213   213 W aw8624_parse_dt: pattern[0]: 0x7e
07-14 15:16:44.805   213   213 W aw8624_parse_dt: pattern[1]: 0x3e
07-14 15:16:44.805   213   213 W aw8624_parse_dt: brake_pattern[0]: 0x2
07-14 15:16:44.805   213   213 W aw8624_parse_dt: brake_pattern[1]: 0x1
07-14 15:16:44.805   213   213 W aw8624_parse_dt: brake_pattern[2]: 0x0
07-14 15:16:44.805   213   213 W aw8624_parse_dt: brake_pattern[3]: 0x0
07-14 15:16:44.805   213   213 W aw8624_parse_dt: brake_en: 0
07-14 15:16:44.805   213   213 W aw8624_parse_dt: wf_repeat_n: 0
07-14 15:16:44.805   213   213 W aw8624_parse_dt: wf_s_repeat_n: 0
07-14 15:16:44.805   213   213 W aw8624_parse_dt: lra_auto_res_disable: 0
07-14 15:16:44.805   213   213 W aw8624_parse_dt: effect_id: 3
07-14 15:16:44.805   213   213 W aw8624_parse_dt: vmax: 3600 mv
07-14 15:16:44.805   213   213 W aw8624_parse_dt: play_rate: 20000 us
07-14 15:16:44.805   213   213 W aw8624_parse_dt: pattern[0]: 0x3e
07-14 15:16:44.805   213   213 W aw8624_parse_dt: pattern[1]: 0x3e
07-14 15:16:44.805   213   213 W aw8624_parse_dt: brake_pattern[0]: 0x2
07-14 15:16:44.805   213   213 W aw8624_parse_dt: brake_pattern[1]: 0x1
07-14 15:16:44.805   213   213 W aw8624_parse_dt: brake_pattern[2]: 0x0
07-14 15:16:44.805   213   213 W aw8624_parse_dt: brake_pattern[3]: 0x0
07-14 15:16:44.805   213   213 W aw8624_parse_dt: brake_en: 0
07-14 15:16:44.805   213   213 W aw8624_parse_dt: wf_repeat_n: 0
07-14 15:16:44.805   213   213 W aw8624_parse_dt: wf_s_repeat_n: 0
07-14 15:16:44.805   213   213 W aw8624_parse_dt: lra_auto_res_disable: 0
07-14 15:16:44.805   213   213 W aw8624_parse_dt: effect_id: 4
07-14 15:16:44.805   213   213 W aw8624_parse_dt: vmax: 3600 mv
07-14 15:16:44.805   213   213 W aw8624_parse_dt: play_rate: 28000 us
07-14 15:16:44.805   213   213 W aw8624_parse_dt: pattern[0]: 0x3e
07-14 15:16:44.805   213   213 W aw8624_parse_dt: pattern[1]: 0x3e
07-14 15:16:44.805   213   213 W aw8624_parse_dt: brake_pattern[0]: 0x2
07-14 15:16:44.805   213   213 W aw8624_parse_dt: brake_pattern[1]: 0x1
07-14 15:16:44.805   213   213 W aw8624_parse_dt: brake_pattern[2]: 0x0
07-14 15:16:44.805   213   213 W aw8624_parse_dt: brake_pattern[3]: 0x0
07-14 15:16:44.805   213   213 W aw8624_parse_dt: brake_en: 0
07-14 15:16:44.805   213   213 W aw8624_parse_dt: wf_repeat_n: 0
07-14 15:16:44.805   213   213 W aw8624_parse_dt: wf_s_repeat_n: 0
07-14 15:16:44.805   213   213 W aw8624_parse_dt: lra_auto_res_disable: 0
07-14 15:16:44.805   213   213 W aw8624_parse_dt: effect_id: 5
07-14 15:16:44.805   213   213 W aw8624_parse_dt: vmax: 3600 mv
07-14 15:16:44.805   213   213 W aw8624_parse_dt: play_rate: 20000 us
07-14 15:16:44.805   213   213 W aw8624_parse_dt: pattern[0]: 0x7e
07-14 15:16:44.805   213   213 W aw8624_parse_dt: pattern[1]: 0x7e
07-14 15:16:44.805   213   213 W aw8624_parse_dt: pattern[2]: 0x7e
07-14 15:16:44.805   213   213 W aw8624_parse_dt: brake_pattern[0]: 0x3
07-14 15:16:44.805   213   213 W aw8624_parse_dt: brake_pattern[1]: 0x3
07-14 15:16:44.805   213   213 W aw8624_parse_dt: brake_pattern[2]: 0x1
07-14 15:16:44.805   213   213 W aw8624_parse_dt: brake_pattern[3]: 0x0
07-14 15:16:44.805   213   213 W aw8624_parse_dt: brake_en: 0
07-14 15:16:44.805   213   213 W aw8624_parse_dt: wf_repeat_n: 0
07-14 15:16:44.805   213   213 W aw8624_parse_dt: wf_s_repeat_n: 0
07-14 15:16:44.805   213   213 W aw8624_parse_dt: lra_auto_res_disable: 0
07-14 15:16:44.805   213   213 W aw8624_parse_dt: effect_id: 6
07-14 15:16:44.805   213   213 W aw8624_parse_dt: vmax: 3600 mv
07-14 15:16:44.805   213   213 W aw8624_parse_dt: play_rate: 20000 us
07-14 15:16:44.805   213   213 W aw8624_parse_dt: pattern[0]: 0x3e
07-14 15:16:44.805   213   213 W aw8624_parse_dt: pattern[1]: 0x3e
07-14 15:16:44.805   213   213 W aw8624_parse_dt: brake_pattern[0]: 0x2
07-14 15:16:44.805   213   213 W aw8624_parse_dt: brake_pattern[1]: 0x1
07-14 15:16:44.805   213   213 W aw8624_parse_dt: brake_pattern[2]: 0x0
07-14 15:16:44.805   213   213 W aw8624_parse_dt: brake_pattern[3]: 0x0
07-14 15:16:44.805   213   213 W aw8624_parse_dt: brake_en: 0
07-14 15:16:44.805   213   213 W aw8624_parse_dt: wf_repeat_n: 0
07-14 15:16:44.805   213   213 W aw8624_parse_dt: wf_s_repeat_n: 0
07-14 15:16:44.805   213   213 W aw8624_parse_dt: lra_auto_res_disable: 0
07-14 15:16:44.805   213   213 W aw8624_parse_dt: effect_id: 7
07-14 15:16:44.805   213   213 W aw8624_parse_dt: vmax: 3600 mv
07-14 15:16:44.805   213   213 W aw8624_parse_dt: play_rate: 20000 us
07-14 15:16:44.805   213   213 W aw8624_parse_dt: pattern[0]: 0x3e
07-14 15:16:44.805   213   213 W aw8624_parse_dt: pattern[1]: 0x3e
07-14 15:16:44.805   213   213 W aw8624_parse_dt: brake_pattern[0]: 0x2
07-14 15:16:44.805   213   213 W aw8624_parse_dt: brake_pattern[1]: 0x1
07-14 15:16:44.805   213   213 W aw8624_parse_dt: brake_pattern[2]: 0x0
07-14 15:16:44.805   213   213 W aw8624_parse_dt: brake_pattern[3]: 0x0
07-14 15:16:44.805   213   213 W aw8624_parse_dt: brake_en: 0
07-14 15:16:44.805   213   213 W aw8624_parse_dt: wf_repeat_n: 0
07-14 15:16:44.805   213   213 W aw8624_parse_dt: wf_s_repeat_n: 0
07-14 15:16:44.805   213   213 W aw8624_parse_dt: lra_auto_res_disable: 0
07-14 15:16:44.805   213   213 W aw8624_parse_dt: effect_id: 8
07-14 15:16:44.805   213   213 W aw8624_parse_dt: vmax: 3600 mv
07-14 15:16:44.805   213   213 W aw8624_parse_dt: play_rate: 20000 us
07-14 15:16:44.805   213   213 W aw8624_parse_dt: pattern[0]: 0x3e
07-14 15:16:44.805   213   213 W aw8624_parse_dt: pattern[1]: 0x3e
07-14 15:16:44.805   213   213 W aw8624_parse_dt: brake_pattern[0]: 0x2
07-14 15:16:44.805   213   213 W aw8624_parse_dt: brake_pattern[1]: 0x1
07-14 15:16:44.805   213   213 W aw8624_parse_dt: brake_pattern[2]: 0x0
07-14 15:16:44.805   213   213 W aw8624_parse_dt: brake_pattern[3]: 0x0
07-14 15:16:44.805   213   213 W aw8624_parse_dt: brake_en: 0
07-14 15:16:44.805   213   213 W aw8624_parse_dt: wf_repeat_n: 0
07-14 15:16:44.805   213   213 W aw8624_parse_dt: wf_s_repeat_n: 0
07-14 15:16:44.805   213   213 W aw8624_parse_dt: lra_auto_res_disable: 0
07-14 15:16:44.805   213   213 W aw8624_parse_dt: effect_id: 9
07-14 15:16:44.805   213   213 W aw8624_parse_dt: vmax: 3600 mv
07-14 15:16:44.805   213   213 W aw8624_parse_dt: play_rate: 20000 us
07-14 15:16:44.805   213   213 W aw8624_parse_dt: pattern[0]: 0x3e
07-14 15:16:44.805   213   213 W aw8624_parse_dt: pattern[1]: 0x3e
07-14 15:16:44.805   213   213 W aw8624_parse_dt: brake_pattern[0]: 0x2
07-14 15:16:44.805   213   213 W aw8624_parse_dt: brake_pattern[1]: 0x1
07-14 15:16:44.805   213   213 W aw8624_parse_dt: brake_pattern[2]: 0x0
07-14 15:16:44.805   213   213 W aw8624_parse_dt: brake_pattern[3]: 0x0
07-14 15:16:44.805   213   213 W aw8624_parse_dt: brake_en: 0
07-14 15:16:44.805   213   213 W aw8624_parse_dt: wf_repeat_n: 0
07-14 15:16:44.805   213   213 W aw8624_parse_dt: wf_s_repeat_n: 0
07-14 15:16:44.805   213   213 W aw8624_parse_dt: lra_auto_res_disable: 0
07-14 15:16:44.805   213   213 W aw8624_parse_dt: aw8624->effects_count: 10
07-14 15:16:44.805   213   213 W aw8624_parse_dt: aw8624->effect_id_boundary: 10
07-14 15:16:44.805   213   213 W aw8624_parse_dt: aw8624->effect_max: 170
07-14 15:16:44.805   213   213 W aw8624_parse_dt: aw8624->info.cont_drv_lvl: 106
07-14 15:16:44.805   213   213 W aw8624_parse_dt: aw8624->info.cont_drv_lvl_ov: 155
07-14 15:16:44.805   213   213 W aw8624_parse_dt: aw8624->info.gain_flag: 1
07-14 15:16:44.805   213   213 W aw8624_parse_dt: aw8624->info.trig_config[0][0]: 0
07-14 15:16:44.805   213   213 W aw8624_parse_dt: aw8624->info.trig_config[0][1]: 0
07-14 15:16:44.805   213   213 W aw8624_parse_dt: aw8624->info.trig_config[0][2]: 0
07-14 15:16:44.805   213   213 W aw8624_parse_dt: aw8624->info.trig_config[0][3]: 0
07-14 15:16:44.805   213   213 W aw8624_parse_dt: aw8624->info.trig_config[0][4]: 0
07-14 15:16:44.805   213   213 W aw8624_parse_dt: aw8624->info.trig_config[1][0]: 0
07-14 15:16:44.805   213   213 W aw8624_parse_dt: aw8624->info.trig_config[1][1]: 0
07-14 15:16:44.805   213   213 W aw8624_parse_dt: aw8624->info.trig_config[1][2]: 0
07-14 15:16:44.805   213   213 W aw8624_parse_dt: aw8624->info.trig_config[1][3]: 0
07-14 15:16:44.805   213   213 W aw8624_parse_dt: aw8624->info.trig_config[1][4]: 0
07-14 15:16:44.805   213   213 W aw8624_parse_dt: aw8624->info.trig_config[2][0]: 0
07-14 15:16:44.805   213   213 W aw8624_parse_dt: aw8624->info.trig_config[2][1]: 0
07-14 15:16:44.805   213   213 W aw8624_parse_dt: aw8624->info.trig_config[2][2]: 0
07-14 15:16:44.805   213   213 W aw8624_parse_dt: aw8624->info.trig_config[2][3]: 0
07-14 15:16:44.805   213   213 W aw8624_parse_dt: aw8624->info.trig_config[2][4]: 0
07-14 15:16:44.805   213   213 W aw8624_parse_dt: aw8624->info.rtp_time[0]: 0
07-14 15:16:44.805   213   213 W aw8624_parse_dt: aw8624->info.rtp_time[1]: 0
07-14 15:16:44.805   213   213 W aw8624_parse_dt: aw8624->info.rtp_time[2]: 0
07-14 15:16:44.805   213   213 W aw8624_parse_dt: aw8624->info.rtp_time[3]: 0
07-14 15:16:44.805   213   213 W aw8624_parse_dt: aw8624->info.rtp_time[4]: 0
07-14 15:16:44.805   213   213 W aw8624_parse_dt: aw8624->info.rtp_time[5]: 0
07-14 15:16:44.805   213   213 W aw8624_parse_dt: aw8624->info.rtp_time[6]: 0
07-14 15:16:44.805   213   213 W aw8624_parse_dt: aw8624->info.rtp_time[7]: 0
07-14 15:16:44.805   213   213 W aw8624_parse_dt: aw8624->info.rtp_time[8]: 0
07-14 15:16:44.805   213   213 W aw8624_parse_dt: aw8624->info.rtp_time[9]: 0
07-14 15:16:44.805   213   213 W aw8624_parse_dt: aw8624->info.rtp_time[10]: 0
07-14 15:16:44.806   213   213 W aw8624_parse_dt: aw8624->info.rtp_time[11]: 0
07-14 15:16:44.806   213   213 W aw8624_parse_dt: aw8624->info.rtp_time[12]: 0
07-14 15:16:44.806   213   213 W aw8624_parse_dt: aw8624->info.rtp_time[13]: 0
07-14 15:16:44.806   213   213 W aw8624_parse_dt: aw8624->info.rtp_time[14]: 0
07-14 15:16:44.806   213   213 W aw8624_parse_dt: aw8624->info.rtp_time[15]: 0
07-14 15:16:44.806   213   213 W aw8624_parse_dt: aw8624->info.rtp_time[16]: 0
07-14 15:16:44.806   213   213 W aw8624_parse_dt: aw8624->info.rtp_time[17]: 0
07-14 15:16:44.806   213   213 W aw8624_parse_dt: aw8624->info.rtp_time[18]: 0
07-14 15:16:44.806   213   213 W aw8624_parse_dt: aw8624->info.rtp_time[19]: 0
07-14 15:16:44.806   213   213 W aw8624_parse_dt: aw8624->info.rtp_time[20]: 0
07-14 15:16:44.806   213   213 W aw8624_parse_dt: aw8624->info.rtp_time[21]: 0
07-14 15:16:44.806   213   213 W aw8624_parse_dt: aw8624->info.rtp_time[22]: 0
07-14 15:16:44.806   213   213 W aw8624_parse_dt: aw8624->info.rtp_time[23]: 0
07-14 15:16:44.806   213   213 W aw8624_parse_dt: aw8624->info.rtp_time[24]: 0
07-14 15:16:44.806   213   213 W aw8624_parse_dt: aw8624->info.rtp_time[25]: 0
07-14 15:16:44.806   213   213 W aw8624_parse_dt: aw8624->info.rtp_time[26]: 0
07-14 15:16:44.806   213   213 W aw8624_parse_dt: aw8624->info.rtp_time[27]: 0
07-14 15:16:44.806   213   213 W aw8624_parse_dt: aw8624->info.rtp_time[28]: 0
07-14 15:16:44.806   213   213 W aw8624_parse_dt: aw8624->info.rtp_time[29]: 0
07-14 15:16:44.806   213   213 W aw8624_parse_dt: aw8624->info.rtp_time[30]: 0
07-14 15:16:44.806   213   213 W aw8624_parse_dt: aw8624->info.rtp_time[31]: 0
07-14 15:16:44.806   213   213 W aw8624_parse_dt: aw8624->info.rtp_time[32]: 0
07-14 15:16:44.806   213   213 W aw8624_parse_dt: aw8624->info.rtp_time[33]: 0
07-14 15:16:44.806   213   213 W aw8624_parse_dt: aw8624->info.rtp_time[34]: 0
07-14 15:16:44.806   213   213 W aw8624_parse_dt: aw8624->info.rtp_time[35]: 0
07-14 15:16:44.806   213   213 W aw8624_parse_dt: aw8624->info.rtp_time[36]: 0
07-14 15:16:44.806   213   213 W aw8624_parse_dt: aw8624->info.rtp_time[37]: 0
07-14 15:16:44.806   213   213 W aw8624_parse_dt: aw8624->info.rtp_time[38]: 0
07-14 15:16:44.806   213   213 W aw8624_parse_dt: aw8624->info.rtp_time[39]: 0
07-14 15:16:44.806   213   213 W aw8624_parse_dt: aw8624->info.rtp_time[40]: 0
07-14 15:16:44.806   213   213 W aw8624_parse_dt: aw8624->info.rtp_time[41]: 0
07-14 15:16:44.806   213   213 W aw8624_parse_dt: aw8624->info.rtp_time[42]: 0
07-14 15:16:44.806   213   213 W aw8624_parse_dt: aw8624->info.rtp_time[43]: 0
07-14 15:16:44.806   213   213 W aw8624_parse_dt: aw8624->info.rtp_time[44]: 0
07-14 15:16:44.806   213   213 W aw8624_parse_dt: aw8624->info.rtp_time[45]: 0
07-14 15:16:44.806   213   213 W aw8624_parse_dt: aw8624->info.rtp_time[46]: 0
07-14 15:16:44.806   213   213 W aw8624_parse_dt: aw8624->info.rtp_time[47]: 0
07-14 15:16:44.806   213   213 W aw8624_parse_dt: aw8624->info.rtp_time[48]: 0
07-14 15:16:44.806   213   213 W aw8624_parse_dt: aw8624->info.rtp_time[49]: 0
07-14 15:16:44.806   213   213 W aw8624_parse_dt: aw8624->info.rtp_time[50]: 0
07-14 15:16:44.806   213   213 W aw8624_parse_dt: aw8624->info.rtp_time[51]: 0
07-14 15:16:44.806   213   213 W aw8624_parse_dt: aw8624->info.rtp_time[52]: 0
07-14 15:16:44.806   213   213 W aw8624_parse_dt: aw8624->info.rtp_time[53]: 0
07-14 15:16:44.806   213   213 W aw8624_parse_dt: aw8624->info.rtp_time[54]: 0
07-14 15:16:44.806   213   213 W aw8624_parse_dt: aw8624->info.rtp_time[55]: 0
07-14 15:16:44.806   213   213 W aw8624_parse_dt: aw8624->info.rtp_time[56]: 0
07-14 15:16:44.806   213   213 W aw8624_parse_dt: aw8624->info.rtp_time[57]: 0
07-14 15:16:44.806   213   213 W aw8624_parse_dt: aw8624->info.rtp_time[58]: 0
07-14 15:16:44.806   213   213 W aw8624_parse_dt: aw8624->info.rtp_time[59]: 0
07-14 15:16:44.806   213   213 W aw8624_parse_dt: aw8624->info.rtp_time[60]: 0
07-14 15:16:44.806   213   213 W aw8624_parse_dt: aw8624->info.rtp_time[61]: 0
07-14 15:16:44.806   213   213 W aw8624_parse_dt: aw8624->info.rtp_time[62]: 0
07-14 15:16:44.806   213   213 W aw8624_parse_dt: aw8624->info.rtp_time[63]: 0
07-14 15:16:44.806   213   213 W aw8624_parse_dt: aw8624->info.rtp_time[64]: 0
07-14 15:16:44.806   213   213 W aw8624_parse_dt: aw8624->info.rtp_time[65]: 0
07-14 15:16:44.806   213   213 W aw8624_parse_dt: aw8624->info.rtp_time[66]: 0
07-14 15:16:44.806   213   213 W aw8624_parse_dt: aw8624->info.rtp_time[67]: 0
07-14 15:16:44.806   213   213 W aw8624_parse_dt: aw8624->info.rtp_time[68]: 0
07-14 15:16:44.806   213   213 W aw8624_parse_dt: aw8624->info.rtp_time[69]: 0
07-14 15:16:44.806   213   213 W aw8624_parse_dt: aw8624->info.rtp_time[70]: 0
07-14 15:16:44.806   213   213 W aw8624_parse_dt: aw8624->info.rtp_time[71]: 0
07-14 15:16:44.806   213   213 W aw8624_parse_dt: aw8624->info.rtp_time[72]: 0
07-14 15:16:44.806   213   213 W aw8624_parse_dt: aw8624->info.rtp_time[73]: 0
07-14 15:16:44.806   213   213 W aw8624_parse_dt: aw8624->info.rtp_time[74]: 0
07-14 15:16:44.806   213   213 W aw8624_parse_dt: aw8624->info.rtp_time[75]: 0
07-14 15:16:44.806   213   213 W aw8624_parse_dt: aw8624->info.rtp_time[76]: 0
07-14 15:16:44.806   213   213 W aw8624_parse_dt: aw8624->info.rtp_time[77]: 0
07-14 15:16:44.806   213   213 W aw8624_parse_dt: aw8624->info.rtp_time[78]: 0
07-14 15:16:44.806   213   213 W aw8624_parse_dt: aw8624->info.rtp_time[79]: 0
07-14 15:16:44.806   213   213 W aw8624_parse_dt: aw8624->info.rtp_time[80]: 0
07-14 15:16:44.806   213   213 W aw8624_parse_dt: aw8624->info.rtp_time[81]: 0
07-14 15:16:44.806   213   213 W aw8624_parse_dt: aw8624->info.rtp_time[82]: 0
07-14 15:16:44.806   213   213 W aw8624_parse_dt: aw8624->info.rtp_time[83]: 0
07-14 15:16:44.806   213   213 W aw8624_parse_dt: aw8624->info.rtp_time[84]: 0
07-14 15:16:44.806   213   213 W aw8624_parse_dt: aw8624->info.rtp_time[85]: 0
07-14 15:16:44.806   213   213 W aw8624_parse_dt: aw8624->info.rtp_time[86]: 0
07-14 15:16:44.806   213   213 W aw8624_parse_dt: aw8624->info.rtp_time[87]: 0
07-14 15:16:44.806   213   213 W aw8624_parse_dt: aw8624->info.rtp_time[88]: 0
07-14 15:16:44.806   213   213 W aw8624_parse_dt: aw8624->info.rtp_time[89]: 0
07-14 15:16:44.806   213   213 W aw8624_parse_dt: aw8624->info.rtp_time[90]: 0
07-14 15:16:44.806   213   213 W aw8624_parse_dt: aw8624->info.rtp_time[91]: 0
07-14 15:16:44.806   213   213 W aw8624_parse_dt: aw8624->info.rtp_time[92]: 0
07-14 15:16:44.806   213   213 W aw8624_parse_dt: aw8624->info.rtp_time[93]: 0
07-14 15:16:44.806   213   213 W aw8624_parse_dt: aw8624->info.rtp_time[94]: 0
07-14 15:16:44.806   213   213 W aw8624_parse_dt: aw8624->info.rtp_time[95]: 0
07-14 15:16:44.806   213   213 W aw8624_parse_dt: aw8624->info.rtp_time[96]: 0
07-14 15:16:44.806   213   213 W aw8624_parse_dt: aw8624->info.rtp_time[97]: 0
07-14 15:16:44.806   213   213 W aw8624_parse_dt: aw8624->info.rtp_time[98]: 0
07-14 15:16:44.806   213   213 W aw8624_parse_dt: aw8624->info.rtp_time[99]: 0
07-14 15:16:44.806   213   213 W aw8624_parse_dt: aw8624->info.rtp_time[100]: 0
07-14 15:16:44.806   213   213 W aw8624_parse_dt: aw8624->info.rtp_time[101]: 0
07-14 15:16:44.806   213   213 W aw8624_parse_dt: aw8624->info.rtp_time[102]: 0
07-14 15:16:44.806   213   213 W aw8624_parse_dt: aw8624->info.rtp_time[103]: 0
07-14 15:16:44.806   213   213 W aw8624_parse_dt: aw8624->info.rtp_time[104]: 0
07-14 15:16:44.806   213   213 W aw8624_parse_dt: aw8624->info.rtp_time[105]: 0
07-14 15:16:44.806   213   213 W aw8624_parse_dt: aw8624->info.rtp_time[106]: 0
07-14 15:16:44.806   213   213 W aw8624_parse_dt: aw8624->info.rtp_time[107]: 0
07-14 15:16:44.806   213   213 W aw8624_parse_dt: aw8624->info.rtp_time[108]: 0
07-14 15:16:44.806   213   213 W aw8624_parse_dt: aw8624->info.rtp_time[109]: 0
07-14 15:16:44.806   213   213 W aw8624_parse_dt: aw8624->info.rtp_time[110]: 0
07-14 15:16:44.806   213   213 W aw8624_parse_dt: aw8624->info.rtp_time[111]: 0
07-14 15:16:44.806   213   213 W aw8624_parse_dt: aw8624->info.rtp_time[112]: 0
07-14 15:16:44.806   213   213 W aw8624_parse_dt: aw8624->info.rtp_time[113]: 0
07-14 15:16:44.806   213   213 W aw8624_parse_dt: aw8624->info.rtp_time[114]: 0
07-14 15:16:44.806   213   213 W aw8624_parse_dt: aw8624->info.rtp_time[115]: 0
07-14 15:16:44.806   213   213 W aw8624_parse_dt: aw8624->info.rtp_time[116]: 0
07-14 15:16:44.806   213   213 W aw8624_parse_dt: aw8624->info.rtp_time[117]: 0
07-14 15:16:44.806   213   213 W aw8624_parse_dt: aw8624->info.rtp_time[118]: 0
07-14 15:16:44.806   213   213 W aw8624_parse_dt: aw8624->info.rtp_time[119]: 0
07-14 15:16:44.806   213   213 W aw8624_parse_dt: aw8624->info.rtp_time[120]: 0
07-14 15:16:44.806   213   213 W aw8624_parse_dt: aw8624->info.rtp_time[121]: 0
07-14 15:16:44.806   213   213 W aw8624_parse_dt: aw8624->info.rtp_time[122]: 0
07-14 15:16:44.806   213   213 W aw8624_parse_dt: aw8624->info.rtp_time[123]: 0
07-14 15:16:44.806   213   213 W aw8624_parse_dt: aw8624->info.rtp_time[124]: 0
07-14 15:16:44.806   213   213 W aw8624_parse_dt: aw8624->info.rtp_time[125]: 0
07-14 15:16:44.806   213   213 W aw8624_parse_dt: aw8624->info.rtp_time[126]: 0
07-14 15:16:44.806   213   213 W aw8624_parse_dt: aw8624->info.rtp_time[127]: 0
07-14 15:16:44.806   213   213 W aw8624_parse_dt: aw8624->info.rtp_time[128]: 0
07-14 15:16:44.806   213   213 W aw8624_parse_dt: aw8624->info.rtp_time[129]: 0
07-14 15:16:44.806   213   213 W aw8624_parse_dt: aw8624->info.rtp_time[130]: 0
07-14 15:16:44.806   213   213 W aw8624_parse_dt: aw8624->info.rtp_time[131]: 0
07-14 15:16:44.806   213   213 W aw8624_parse_dt: aw8624->info.rtp_time[132]: 0
07-14 15:16:44.806   213   213 W aw8624_parse_dt: aw8624->info.rtp_time[133]: 0
07-14 15:16:44.806   213   213 W aw8624_parse_dt: aw8624->info.rtp_time[134]: 0
07-14 15:16:44.806   213   213 W aw8624_parse_dt: aw8624->info.rtp_time[135]: 0
07-14 15:16:44.806   213   213 W aw8624_parse_dt: aw8624->info.rtp_time[136]: 0
07-14 15:16:44.806   213   213 W aw8624_parse_dt: aw8624->info.rtp_time[137]: 0
07-14 15:16:44.806   213   213 W aw8624_parse_dt: aw8624->info.rtp_time[138]: 0
07-14 15:16:44.806   213   213 W aw8624_parse_dt: aw8624->info.rtp_time[139]: 0
07-14 15:16:44.806   213   213 W aw8624_parse_dt: aw8624->info.rtp_time[140]: 0
07-14 15:16:44.806   213   213 W aw8624_parse_dt: aw8624->info.rtp_time[141]: 0
07-14 15:16:44.806   213   213 W aw8624_parse_dt: aw8624->info.rtp_time[142]: 0
07-14 15:16:44.806   213   213 W aw8624_parse_dt: aw8624->info.rtp_time[143]: 0
07-14 15:16:44.806   213   213 W aw8624_parse_dt: aw8624->info.rtp_time[144]: 0
07-14 15:16:44.806   213   213 W aw8624_parse_dt: aw8624->info.rtp_time[145]: 0
07-14 15:16:44.806   213   213 W aw8624_parse_dt: aw8624->info.rtp_time[146]: 0
07-14 15:16:44.806   213   213 W aw8624_parse_dt: aw8624->info.rtp_time[147]: 0
07-14 15:16:44.806   213   213 W aw8624_parse_dt: aw8624->info.rtp_time[148]: 0
07-14 15:16:44.806   213   213 W aw8624_parse_dt: aw8624->info.rtp_time[149]: 0
07-14 15:16:44.806   213   213 W aw8624_parse_dt: aw8624->info.rtp_time[150]: 0
07-14 15:16:44.806   213   213 W aw8624_parse_dt: aw8624->info.rtp_time[151]: 0
07-14 15:16:44.806   213   213 W aw8624_parse_dt: aw8624->info.rtp_time[152]: 0
07-14 15:16:44.806   213   213 W aw8624_parse_dt: aw8624->info.rtp_time[153]: 0
07-14 15:16:44.806   213   213 W aw8624_parse_dt: aw8624->info.rtp_time[154]: 0
07-14 15:16:44.806   213   213 W aw8624_parse_dt: aw8624->info.rtp_time[155]: 0
07-14 15:16:44.806   213   213 W aw8624_parse_dt: aw8624->info.rtp_time[156]: 0
07-14 15:16:44.806   213   213 W aw8624_parse_dt: aw8624->info.rtp_time[157]: 0
07-14 15:16:44.806   213   213 W aw8624_parse_dt: aw8624->info.rtp_time[158]: 0
07-14 15:16:44.806   213   213 W aw8624_parse_dt: aw8624->info.rtp_time[159]: 0
07-14 15:16:44.806   213   213 W aw8624_parse_dt: aw8624->info.rtp_time[160]: 0
07-14 15:16:44.806   213   213 W aw8624_parse_dt: aw8624->info.rtp_time[161]: 0
07-14 15:16:44.806   213   213 W aw8624_parse_dt: aw8624->info.rtp_time[162]: 0
07-14 15:16:44.806   213   213 W aw8624_parse_dt: aw8624->info.rtp_time[163]: 0
07-14 15:16:44.806   213   213 W aw8624_parse_dt: aw8624->info.rtp_time[164]: 0
07-14 15:16:44.806   213   213 W aw8624_parse_dt: aw8624->info.rtp_time[165]: 0
07-14 15:16:44.806   213   213 W aw8624_parse_dt: aw8624->info.rtp_time[166]: 0
07-14 15:16:44.806   213   213 W aw8624_parse_dt: aw8624->info.rtp_time[167]: 0
07-14 15:16:44.806   213   213 W aw8624_parse_dt: aw8624->info.rtp_time[168]: 0
07-14 15:16:44.806   213   213 W aw8624_parse_dt: aw8624->info.rtp_time[169]: 0
07-14 15:16:44.806   213   213 W aw8624_parse_dt: aw8624->info.rtp_time[170]: 0
07-14 15:16:44.806   213   213 W aw8624_parse_dt: aw8624->info.rtp_time[171]: 0
07-14 15:16:44.806   213   213 W aw8624_parse_dt: aw8624->info.rtp_time[172]: 0
07-14 15:16:44.806   213   213 W aw8624_parse_dt: aw8624->info.rtp_time[173]: 0
07-14 15:16:44.806   213   213 W aw8624_parse_dt: aw8624->info.rtp_time[174]: 0
07-14 15:16:44.806   213   213 W aw8624_parse_dt: aw8624->info.rtp_time[175]: 0
07-14 15:16:44.806   213   213 W aw8624_parse_dt: aw8624->info.rtp_time[176]: 0
07-14 15:16:44.806   213   213 W aw8624_parse_dt: aw8624->info.rtp_time[177]: 0
07-14 15:16:44.806   213   213 W aw8624_parse_dt: aw8624->info.rtp_time[178]: 0
07-14 15:16:44.806   213   213 W aw8624_parse_dt: aw8624->info.rtp_time[179]: 0
07-14 15:16:44.806   213   213 W aw8624_parse_dt: aw8624->info.rtp_time[180]: 0
07-14 15:16:44.806   213   213 W aw8624_parse_dt: aw8624->info.rtp_time[181]: 0
07-14 15:16:44.806   213   213 W aw8624_parse_dt: aw8624->info.rtp_time[182]: 0
07-14 15:16:44.806   213   213 W aw8624_parse_dt: aw8624->info.rtp_time[183]: 0
07-14 15:16:44.806   213   213 W aw8624_parse_dt: aw8624->info.rtp_time[184]: 0
07-14 15:16:44.806   213   213 W aw8624_parse_dt: aw8624->info.rtp_time[185]: 0
07-14 15:16:44.806   213   213 W aw8624_parse_dt: aw8624->info.rtp_time[186]: 0
07-14 15:16:44.806   213   213 W aw8624_parse_dt: aw8624->info.rtp_time[187]: 0
07-14 15:16:44.806   213   213 W aw8624_parse_dt: aw8624->info.rtp_time[188]: 0
07-14 15:16:44.806   213   213 W aw8624_parse_dt: aw8624->info.rtp_time[189]: 0
07-14 15:16:44.806   213   213 W aw8624_parse_dt: aw8624->info.rtp_time[190]: 0
07-14 15:16:44.806   213   213 W aw8624_parse_dt: aw8624->info.rtp_time[191]: 0
07-14 15:16:44.806   213   213 W aw8624_parse_dt: aw8624->info.rtp_time[192]: 0
07-14 15:16:44.806   213   213 W aw8624_parse_dt: aw8624->info.rtp_time[193]: 0
07-14 15:16:44.806   213   213 W aw8624_parse_dt: aw8624->info.parameter1: 0x1
07-14 15:16:44.806   213   213 I aw8624_i2c_probe: found pin control aw8624_reset_reset
07-14 15:16:44.806   213   213 I select_pin_ctl: Selected 'aw8624_interrupt_active'
07-14 15:16:44.806   213   213 I aw8624_i2c_probe: found pin control aw8624_reset_active
07-14 15:16:44.806   213   213 I select_pin_ctl: Selected 'aw8624_interrupt_active'
07-14 15:16:44.806   213   213 I aw8624_i2c_probe: found pin control aw8624_interrupt_active
07-14 15:16:44.806   213   213 I select_pin_ctl: Selected 'aw8624_interrupt_active'
07-14 15:16:44.806   213   213 W aw8624  : Skipping irq..
07-14 15:16:44.806   213   213 I select_pin_ctl: Selected 'aw8624_reset_active'
07-14 15:16:44.806    58    58 E ufshcd-qcom 1d84000.ufshc: ufshcd_print_pwr_info:[RX, TX]: gear=[3, 3], lane[2, 2], pwr[FAST MODE, FAST MODE], rate = 2
07-14 15:16:44.806    58    58 E ufshcd-qcom 1d84000.ufshc: ufshcd_find_max_sup_active_icc_level: Regulator capability was not set, actvIccLevel=0
07-14 15:16:44.806    58    58 I ufshcd-qcom 1d84000.ufshc: ufshcd_wb_config: Write Booster Configured
07-14 15:16:44.807    58    58 I scsi 0  : 0:0:49488: Well-known LUN    SKhynix  H9HQ21AFAMADAR   A043 PQ: 0 ANSI: 6
07-14 15:16:44.807    58    58 I scsi 0  : 0:0:49476: Well-known LUN    SKhynix  H9HQ21AFAMADAR   A043 PQ: 0 ANSI: 6
07-14 15:16:44.808    58    58 I scsi 0  : 0:0:49456: Well-known LUN    SKhynix  H9HQ21AFAMADAR   A043 PQ: 0 ANSI: 6
07-14 15:16:44.809    58    58 I scsi 0  : 0:0:0: Direct-Access     SKhynix  H9HQ21AFAMADAR   A043 PQ: 0 ANSI: 6
07-14 15:16:44.810     0     0 W         : [    C0] sd 0:0:0:0: Power-on or device reset occurred
07-14 15:16:44.810    58    58 I scsi 0  : 0:0:1: Direct-Access     SKhynix  H9HQ21AFAMADAR   A043 PQ: 0 ANSI: 6
07-14 15:16:44.811     0     0 W         : [    C0] sd 0:0:0:1: Power-on or device reset occurred
07-14 15:16:44.811    58    58 I scsi 0  : 0:0:2: Direct-Access     SKhynix  H9HQ21AFAMADAR   A043 PQ: 0 ANSI: 6
07-14 15:16:44.812     0     0 W         : [    C0] sd 0:0:0:2: Power-on or device reset occurred
07-14 15:16:44.813    58    58 I scsi 0  : 0:0:3: Direct-Access     SKhynix  H9HQ21AFAMADAR   A043 PQ: 0 ANSI: 6
07-14 15:16:44.813     0     0 W         : [    C0] sd 0:0:0:3: Power-on or device reset occurred
07-14 15:16:44.813    58    58 I scsi 0  : 0:0:4: Direct-Access     SKhynix  H9HQ21AFAMADAR   A043 PQ: 0 ANSI: 6
07-14 15:16:44.814   306   306 I sda     : sda1 sda2 sda3 sda4 sda5 sda6 sda7 sda8 sda9 sda10 sda11 sda12 sda13 sda14 sda15 sda16 sda17 sda18 sda19 sda20 sda21 sda22 sda23 sda24 sda25 sda26 sda27 sda28 sda29 sda30 sda31 sda32 sda33
07-14 15:16:44.814     0     0 W         : [    C0] sd 0:0:0:4: Power-on or device reset occurred
07-14 15:16:44.814    58    58 I scsi 0  : 0:0:5: Direct-Access     SKhynix  H9HQ21AFAMADAR   A043 PQ: 0 ANSI: 6
07-14 15:16:44.815     0     0 W         : [    C0] sd 0:0:0:5: Power-on or device reset occurred
07-14 15:16:44.817   213   213 I select_pin_ctl: Selected 'aw8624_reset_reset'
07-14 15:16:44.818     8     8 I sdb     : sdb1 sdb2
07-14 15:16:44.819   328   328 I sdc     : sdc1 sdc2
07-14 15:16:44.819   324   324 I sdd     : sdd1 sdd2 sdd3
07-14 15:16:44.819    58    58 I sdf     : sdf1 sdf2 sdf3 sdf4 sdf5
